arm=clinical  train 5578  val 2497
grade distribution (train): [1798, 707, 1798, 376, 899]
parameters: 11.39 M
clinical feature vector: 39 dims
expected batch composition by grade: 0:26.4%  1:16.5%  2:26.4%  3:12.1%  4:18.6%
  ep1 step 0/348 loss 0.6766
  ep1 step 20/348 loss 0.6856
  ep1 step 40/348 loss 0.6736
  ep1 step 60/348 loss 0.6605
  ep1 step 80/348 loss 0.6447
  ep1 step 100/348 loss 0.6345
  ep1 step 120/348 loss 0.6271
  ep1 step 140/348 loss 0.6181
  ep1 step 160/348 loss 0.6120
  ep1 step 180/348 loss 0.6067
  ep1 step 200/348 loss 0.6055
  ep1 step 220/348 loss 0.6026
  ep1 step 240/348 loss 0.6019
  ep1 step 260/348 loss 0.6025
  ep1 step 280/348 loss 0.6016
  ep1 step 300/348 loss 0.6005
  ep1 step 320/348 loss 0.5980
  ep1 step 340/348 loss 0.5970
[grader] epoch 1/30 loss 0.5968 AUC(ref) 0.7234 QWK 0.0000 acc 0.0645 sens(g>=3) 0.0000
  ep2 step 0/348 loss 0.5608
  ep2 step 20/348 loss 0.5595
  ep2 step 40/348 loss 0.5399
  ep2 step 60/348 loss 0.5475
  ep2 step 80/348 loss 0.5404
  ep2 step 100/348 loss 0.5362
  ep2 step 120/348 loss 0.5265
  ep2 step 140/348 loss 0.5226
  ep2 step 160/348 loss 0.5195
  ep2 step 180/348 loss 0.5162
  ep2 step 200/348 loss 0.5144
  ep2 step 220/348 loss 0.5148
  ep2 step 240/348 loss 0.5113
  ep2 step 260/348 loss 0.5101
  ep2 step 280/348 loss 0.5089
  ep2 step 300/348 loss 0.5063
  ep2 step 320/348 loss 0.5045
  ep2 step 340/348 loss 0.5018
[grader] epoch 2/30 loss 0.5011 AUC(ref) 0.7834 QWK 0.0370 acc 0.0677 sens(g>=3) 0.0000
  ep3 step 0/348 loss 0.4091
  ep3 step 20/348 loss 0.4647
  ep3 step 40/348 loss 0.4930
  ep3 step 60/348 loss 0.4766
  ep3 step 80/348 loss 0.4764
  ep3 step 100/348 loss 0.4792
  ep3 step 120/348 loss 0.4745
  ep3 step 140/348 loss 0.4717
  ep3 step 160/348 loss 0.4675
  ep3 step 180/348 loss 0.4690
  ep3 step 200/348 loss 0.4705
  ep3 step 220/348 loss 0.4706
  ep3 step 240/348 loss 0.4678
  ep3 step 260/348 loss 0.4698
  ep3 step 280/348 loss 0.4695
  ep3 step 300/348 loss 0.4705
  ep3 step 320/348 loss 0.4714
  ep3 step 340/348 loss 0.4706
[grader] epoch 3/30 loss 0.4700 AUC(ref) 0.7834 QWK 0.3102 acc 0.1814 sens(g>=3) 0.1162
  ep4 step 0/348 loss 0.6388
  ep4 step 20/348 loss 0.5289
  ep4 step 40/348 loss 0.5144
  ep4 step 60/348 loss 0.4957
  ep4 step 80/348 loss 0.4818
  ep4 step 100/348 loss 0.4776
  ep4 step 120/348 loss 0.4753
  ep4 step 140/348 loss 0.4794
  ep4 step 160/348 loss 0.4786
  ep4 step 180/348 loss 0.4758
  ep4 step 200/348 loss 0.4712
  ep4 step 220/348 loss 0.4734
  ep4 step 240/348 loss 0.4711
  ep4 step 260/348 loss 0.4689
  ep4 step 280/348 loss 0.4695
  ep4 step 300/348 loss 0.4702
  ep4 step 320/348 loss 0.4700
  ep4 step 340/348 loss 0.4712
[grader] epoch 4/30 loss 0.4706 AUC(ref) 0.7844 QWK 0.3885 acc 0.2195 sens(g>=3) 0.3734
  ep5 step 0/348 loss 0.4086
  ep5 step 20/348 loss 0.4347
  ep5 step 40/348 loss 0.4430
  ep5 step 60/348 loss 0.4487
  ep5 step 80/348 loss 0.4452
  ep5 step 100/348 loss 0.4464
  ep5 step 120/348 loss 0.4498
  ep5 step 140/348 loss 0.4548
  ep5 step 160/348 loss 0.4557
  ep5 step 180/348 loss 0.4605
  ep5 step 200/348 loss 0.4576
  ep5 step 220/348 loss 0.4588
  ep5 step 240/348 loss 0.4581
  ep5 step 260/348 loss 0.4580
  ep5 step 280/348 loss 0.4593
  ep5 step 300/348 loss 0.4569
  ep5 step 320/348 loss 0.4564
  ep5 step 340/348 loss 0.4578
[grader] epoch 5/30 loss 0.4576 AUC(ref) 0.7855 QWK 0.4137 acc 0.2275 sens(g>=3) 0.5519
  ep6 step 0/348 loss 0.4749
  ep6 step 20/348 loss 0.4414
  ep6 step 40/348 loss 0.4382
  ep6 step 60/348 loss 0.4339
  ep6 step 80/348 loss 0.4451
  ep6 step 100/348 loss 0.4432
  ep6 step 120/348 loss 0.4466
  ep6 step 140/348 loss 0.4529
  ep6 step 160/348 loss 0.4538
  ep6 step 180/348 loss 0.4566
  ep6 step 200/348 loss 0.4562
  ep6 step 220/348 loss 0.4555
  ep6 step 240/348 loss 0.4554
  ep6 step 260/348 loss 0.4566
  ep6 step 280/348 loss 0.4543
  ep6 step 300/348 loss 0.4543
  ep6 step 320/348 loss 0.4531
  ep6 step 340/348 loss 0.4538
[grader] epoch 6/30 loss 0.4542 AUC(ref) 0.7865 QWK 0.4376 acc 0.2403 sens(g>=3) 0.6224
  ep7 step 0/348 loss 0.3632
  ep7 step 20/348 loss 0.4431
  ep7 step 40/348 loss 0.4509
  ep7 step 60/348 loss 0.4559
  ep7 step 80/348 loss 0.4442
  ep7 step 100/348 loss 0.4466
  ep7 step 120/348 loss 0.4484
  ep7 step 140/348 loss 0.4483
  ep7 step 160/348 loss 0.4468
  ep7 step 180/348 loss 0.4471
  ep7 step 200/348 loss 0.4464
  ep7 step 220/348 loss 0.4462
  ep7 step 240/348 loss 0.4484
  ep7 step 260/348 loss 0.4489
  ep7 step 280/348 loss 0.4493
  ep7 step 300/348 loss 0.4496
  ep7 step 320/348 loss 0.4489
  ep7 step 340/348 loss 0.4485
[grader] epoch 7/30 loss 0.4487 AUC(ref) 0.7881 QWK 0.4728 acc 0.2791 sens(g>=3) 0.6390
  ep8 step 0/348 loss 0.4865
  ep8 step 20/348 loss 0.4355
  ep8 step 40/348 loss 0.4384
  ep8 step 60/348 loss 0.4457
  ep8 step 80/348 loss 0.4544
  ep8 step 100/348 loss 0.4552
  ep8 step 120/348 loss 0.4576
  ep8 step 140/348 loss 0.4572
  ep8 step 160/348 loss 0.4578
  ep8 step 180/348 loss 0.4543
  ep8 step 200/348 loss 0.4581
  ep8 step 220/348 loss 0.4577
  ep8 step 240/348 loss 0.4576
  ep8 step 260/348 loss 0.4565
  ep8 step 280/348 loss 0.4563
  ep8 step 300/348 loss 0.4558
  ep8 step 320/348 loss 0.4556
  ep8 step 340/348 loss 0.4551
[grader] epoch 8/30 loss 0.4547 AUC(ref) 0.7894 QWK 0.4884 acc 0.3012 sens(g>=3) 0.6639
  ep9 step 0/348 loss 0.4646
  ep9 step 20/348 loss 0.4562
  ep9 step 40/348 loss 0.4485
  ep9 step 60/348 loss 0.4590
  ep9 step 80/348 loss 0.4616
  ep9 step 100/348 loss 0.4591
  ep9 step 120/348 loss 0.4607
  ep9 step 140/348 loss 0.4615
  ep9 step 160/348 loss 0.4615
  ep9 step 180/348 loss 0.4567
  ep9 step 200/348 loss 0.4569
  ep9 step 220/348 loss 0.4572
  ep9 step 240/348 loss 0.4565
  ep9 step 260/348 loss 0.4572
  ep9 step 280/348 loss 0.4554
  ep9 step 300/348 loss 0.4569
  ep9 step 320/348 loss 0.4553
  ep9 step 340/348 loss 0.4560
[grader] epoch 9/30 loss 0.4555 AUC(ref) 0.7908 QWK 0.4997 acc 0.3204 sens(g>=3) 0.6680
  ep10 step 0/348 loss 0.4255
  ep10 step 20/348 loss 0.4609
  ep10 step 40/348 loss 0.4463
  ep10 step 60/348 loss 0.4537
  ep10 step 80/348 loss 0.4541
  ep10 step 100/348 loss 0.4593
  ep10 step 120/348 loss 0.4594
  ep10 step 140/348 loss 0.4558
  ep10 step 160/348 loss 0.4557
  ep10 step 180/348 loss 0.4511
  ep10 step 200/348 loss 0.4506
  ep10 step 220/348 loss 0.4482
  ep10 step 240/348 loss 0.4459
  ep10 step 260/348 loss 0.4489
  ep10 step 280/348 loss 0.4473
  ep10 step 300/348 loss 0.4459
  ep10 step 320/348 loss 0.4444
  ep10 step 340/348 loss 0.4445
[grader] epoch 10/30 loss 0.4442 AUC(ref) 0.7914 QWK 0.5027 acc 0.3356 sens(g>=3) 0.6846
  ep11 step 0/348 loss 0.4420
  ep11 step 20/348 loss 0.4429
  ep11 step 40/348 loss 0.4617
  ep11 step 60/348 loss 0.4586
  ep11 step 80/348 loss 0.4607
  ep11 step 100/348 loss 0.4521
  ep11 step 120/348 loss 0.4513
  ep11 step 140/348 loss 0.4512
  ep11 step 160/348 loss 0.4520
  ep11 step 180/348 loss 0.4522
  ep11 step 200/348 loss 0.4524
  ep11 step 220/348 loss 0.4488
  ep11 step 240/348 loss 0.4516
  ep11 step 260/348 loss 0.4527
  ep11 step 280/348 loss 0.4517
  ep11 step 300/348 loss 0.4502
  ep11 step 320/348 loss 0.4498
  ep11 step 340/348 loss 0.4492
[grader] epoch 11/30 loss 0.4494 AUC(ref) 0.7925 QWK 0.5062 acc 0.3432 sens(g>=3) 0.6888
  ep12 step 0/348 loss 0.4237
  ep12 step 20/348 loss 0.4605
  ep12 step 40/348 loss 0.4460
  ep12 step 60/348 loss 0.4495
  ep12 step 80/348 loss 0.4466
  ep12 step 100/348 loss 0.4459
  ep12 step 120/348 loss 0.4467
  ep12 step 140/348 loss 0.4477
  ep12 step 160/348 loss 0.4466
  ep12 step 180/348 loss 0.4462
  ep12 step 200/348 loss 0.4473
  ep12 step 220/348 loss 0.4449
  ep12 step 240/348 loss 0.4447
  ep12 step 260/348 loss 0.4422
  ep12 step 280/348 loss 0.4424
  ep12 step 300/348 loss 0.4436
  ep12 step 320/348 loss 0.4440
  ep12 step 340/348 loss 0.4431
[grader] epoch 12/30 loss 0.4443 AUC(ref) 0.7932 QWK 0.5105 acc 0.3540 sens(g>=3) 0.6929
  ep13 step 0/348 loss 0.4311
  ep13 step 20/348 loss 0.4502
  ep13 step 40/348 loss 0.4494
  ep13 step 60/348 loss 0.4433
  ep13 step 80/348 loss 0.4483
  ep13 step 100/348 loss 0.4490
  ep13 step 120/348 loss 0.4444
  ep13 step 140/348 loss 0.4444
  ep13 step 160/348 loss 0.4462
  ep13 step 180/348 loss 0.4442
  ep13 step 200/348 loss 0.4440
  ep13 step 220/348 loss 0.4440
  ep13 step 240/348 loss 0.4449
  ep13 step 260/348 loss 0.4465
  ep13 step 280/348 loss 0.4468
  ep13 step 300/348 loss 0.4461
  ep13 step 320/348 loss 0.4453
  ep13 step 340/348 loss 0.4451
[grader] epoch 13/30 loss 0.4460 AUC(ref) 0.7934 QWK 0.5106 acc 0.3616 sens(g>=3) 0.7012
  ep14 step 0/348 loss 0.3796
  ep14 step 20/348 loss 0.4210
  ep14 step 40/348 loss 0.4198
  ep14 step 60/348 loss 0.4284
  ep14 step 80/348 loss 0.4347
  ep14 step 100/348 loss 0.4358
  ep14 step 120/348 loss 0.4366
  ep14 step 140/348 loss 0.4369
  ep14 step 160/348 loss 0.4389
  ep14 step 180/348 loss 0.4415
  ep14 step 200/348 loss 0.4396
  ep14 step 220/348 loss 0.4403
  ep14 step 240/348 loss 0.4419
  ep14 step 260/348 loss 0.4428
  ep14 step 280/348 loss 0.4420
  ep14 step 300/348 loss 0.4446
  ep14 step 320/348 loss 0.4427
  ep14 step 340/348 loss 0.4430
[grader] epoch 14/30 loss 0.4430 AUC(ref) 0.7935 QWK 0.5129 acc 0.3648 sens(g>=3) 0.7137
  ep15 step 0/348 loss 0.3149
  ep15 step 20/348 loss 0.3987
  ep15 step 40/348 loss 0.4210
  ep15 step 60/348 loss 0.4245
  ep15 step 80/348 loss 0.4334
  ep15 step 100/348 loss 0.4417
  ep15 step 120/348 loss 0.4383
  ep15 step 140/348 loss 0.4385
  ep15 step 160/348 loss 0.4424
  ep15 step 180/348 loss 0.4410
  ep15 step 200/348 loss 0.4423
  ep15 step 220/348 loss 0.4449
  ep15 step 240/348 loss 0.4422
  ep15 step 260/348 loss 0.4410
  ep15 step 280/348 loss 0.4420
  ep15 step 300/348 loss 0.4410
  ep15 step 320/348 loss 0.4420
  ep15 step 340/348 loss 0.4399
[grader] epoch 15/30 loss 0.4395 AUC(ref) 0.7939 QWK 0.5151 acc 0.3640 sens(g>=3) 0.7178
  ep16 step 0/348 loss 0.2922
  ep16 step 20/348 loss 0.4281
  ep16 step 40/348 loss 0.4388
  ep16 step 60/348 loss 0.4353
  ep16 step 80/348 loss 0.4318
  ep16 step 100/348 loss 0.4326
  ep16 step 120/348 loss 0.4317
  ep16 step 140/348 loss 0.4346
  ep16 step 160/348 loss 0.4303
  ep16 step 180/348 loss 0.4321
  ep16 step 200/348 loss 0.4307
  ep16 step 220/348 loss 0.4307
  ep16 step 240/348 loss 0.4307
  ep16 step 260/348 loss 0.4309
  ep16 step 280/348 loss 0.4322
  ep16 step 300/348 loss 0.4308
  ep16 step 320/348 loss 0.4329
  ep16 step 340/348 loss 0.4335
[grader] epoch 16/30 loss 0.4336 AUC(ref) 0.7945 QWK 0.5165 acc 0.3728 sens(g>=3) 0.7220
  ep17 step 0/348 loss 0.4048
  ep17 step 20/348 loss 0.4345
  ep17 step 40/348 loss 0.4373
  ep17 step 60/348 loss 0.4373
  ep17 step 80/348 loss 0.4450
  ep17 step 100/348 loss 0.4451
  ep17 step 120/348 loss 0.4398
  ep17 step 140/348 loss 0.4348
  ep17 step 160/348 loss 0.4372
  ep17 step 180/348 loss 0.4391
  ep17 step 200/348 loss 0.4418
  ep17 step 220/348 loss 0.4434
  ep17 step 240/348 loss 0.4423
  ep17 step 260/348 loss 0.4447
  ep17 step 280/348 loss 0.4451
  ep17 step 300/348 loss 0.4444
  ep17 step 320/348 loss 0.4442
  ep17 step 340/348 loss 0.4432
[grader] epoch 17/30 loss 0.4435 AUC(ref) 0.7954 QWK 0.5162 acc 0.3757 sens(g>=3) 0.7261
  ep18 step 0/348 loss 0.3853
  ep18 step 20/348 loss 0.4620
  ep18 step 40/348 loss 0.4628
  ep18 step 60/348 loss 0.4549
  ep18 step 80/348 loss 0.4481
  ep18 step 100/348 loss 0.4480
  ep18 step 120/348 loss 0.4483
  ep18 step 140/348 loss 0.4501
  ep18 step 160/348 loss 0.4458
  ep18 step 180/348 loss 0.4416
  ep18 step 200/348 loss 0.4440
  ep18 step 220/348 loss 0.4413
  ep18 step 240/348 loss 0.4416
  ep18 step 260/348 loss 0.4382
  ep18 step 280/348 loss 0.4375
  ep18 step 300/348 loss 0.4353
  ep18 step 320/348 loss 0.4367
  ep18 step 340/348 loss 0.4378
[grader] epoch 18/30 loss 0.4369 AUC(ref) 0.7959 QWK 0.5171 acc 0.3781 sens(g>=3) 0.7261
  ep19 step 0/348 loss 0.3445
  ep19 step 20/348 loss 0.4301
  ep19 step 40/348 loss 0.4352
  ep19 step 60/348 loss 0.4297
  ep19 step 80/348 loss 0.4219
  ep19 step 100/348 loss 0.4234
  ep19 step 120/348 loss 0.4213
  ep19 step 140/348 loss 0.4229
  ep19 step 160/348 loss 0.4229
  ep19 step 180/348 loss 0.4239
  ep19 step 200/348 loss 0.4234
  ep19 step 220/348 loss 0.4209
  ep19 step 240/348 loss 0.4191
  ep19 step 260/348 loss 0.4204
  ep19 step 280/348 loss 0.4211
  ep19 step 300/348 loss 0.4242
  ep19 step 320/348 loss 0.4265
  ep19 step 340/348 loss 0.4267
[grader] epoch 19/30 loss 0.4263 AUC(ref) 0.7963 QWK 0.5174 acc 0.3853 sens(g>=3) 0.7344
  ep20 step 0/348 loss 0.4182
  ep20 step 20/348 loss 0.3909
  ep20 step 40/348 loss 0.4050
  ep20 step 60/348 loss 0.4070
  ep20 step 80/348 loss 0.4155
  ep20 step 100/348 loss 0.4227
  ep20 step 120/348 loss 0.4213
  ep20 step 140/348 loss 0.4211
  ep20 step 160/348 loss 0.4211
  ep20 step 180/348 loss 0.4214
  ep20 step 200/348 loss 0.4236
  ep20 step 220/348 loss 0.4273
  ep20 step 240/348 loss 0.4293
  ep20 step 260/348 loss 0.4313
  ep20 step 280/348 loss 0.4299
  ep20 step 300/348 loss 0.4269
  ep20 step 320/348 loss 0.4275
  ep20 step 340/348 loss 0.4273
[grader] epoch 20/30 loss 0.4273 AUC(ref) 0.7970 QWK 0.5203 acc 0.3881 sens(g>=3) 0.7344
  ep21 step 0/348 loss 0.4589
  ep21 step 20/348 loss 0.4347
  ep21 step 40/348 loss 0.4474
  ep21 step 60/348 loss 0.4415
  ep21 step 80/348 loss 0.4442
  ep21 step 100/348 loss 0.4404
  ep21 step 120/348 loss 0.4317
  ep21 step 140/348 loss 0.4319
  ep21 step 160/348 loss 0.4283
  ep21 step 180/348 loss 0.4310
  ep21 step 200/348 loss 0.4340
  ep21 step 220/348 loss 0.4340
  ep21 step 240/348 loss 0.4358
  ep21 step 260/348 loss 0.4353
  ep21 step 280/348 loss 0.4391
  ep21 step 300/348 loss 0.4364
  ep21 step 320/348 loss 0.4352
  ep21 step 340/348 loss 0.4348
[grader] epoch 21/30 loss 0.4344 AUC(ref) 0.7977 QWK 0.5244 acc 0.3893 sens(g>=3) 0.7261
  ep22 step 0/348 loss 0.4728
  ep22 step 20/348 loss 0.4452
  ep22 step 40/348 loss 0.4385
  ep22 step 60/348 loss 0.4430
  ep22 step 80/348 loss 0.4420
  ep22 step 100/348 loss 0.4420
  ep22 step 120/348 loss 0.4354
  ep22 step 140/348 loss 0.4380
  ep22 step 160/348 loss 0.4417
  ep22 step 180/348 loss 0.4387
  ep22 step 200/348 loss 0.4382
  ep22 step 220/348 loss 0.4373
  ep22 step 240/348 loss 0.4335
  ep22 step 260/348 loss 0.4325
  ep22 step 280/348 loss 0.4338
  ep22 step 300/348 loss 0.4331
  ep22 step 320/348 loss 0.4336
  ep22 step 340/348 loss 0.4325
[grader] epoch 22/30 loss 0.4321 AUC(ref) 0.7981 QWK 0.5247 acc 0.3901 sens(g>=3) 0.7344
  ep23 step 0/348 loss 0.4518
  ep23 step 20/348 loss 0.4429
  ep23 step 40/348 loss 0.4293
  ep23 step 60/348 loss 0.4288
  ep23 step 80/348 loss 0.4299
  ep23 step 100/348 loss 0.4297
  ep23 step 120/348 loss 0.4267
  ep23 step 140/348 loss 0.4266
  ep23 step 160/348 loss 0.4262
  ep23 step 180/348 loss 0.4269
  ep23 step 200/348 loss 0.4256
  ep23 step 220/348 loss 0.4245
  ep23 step 240/348 loss 0.4246
  ep23 step 260/348 loss 0.4256
  ep23 step 280/348 loss 0.4261
  ep23 step 300/348 loss 0.4267
  ep23 step 320/348 loss 0.4254
  ep23 step 340/348 loss 0.4257
[grader] epoch 23/30 loss 0.4258 AUC(ref) 0.7992 QWK 0.5264 acc 0.3893 sens(g>=3) 0.7510
  ep24 step 0/348 loss 0.4272
  ep24 step 20/348 loss 0.4498
  ep24 step 40/348 loss 0.4314
  ep24 step 60/348 loss 0.4262
  ep24 step 80/348 loss 0.4187
  ep24 step 100/348 loss 0.4180
  ep24 step 120/348 loss 0.4170
  ep24 step 140/348 loss 0.4167
  ep24 step 160/348 loss 0.4191
  ep24 step 180/348 loss 0.4216
  ep24 step 200/348 loss 0.4253
  ep24 step 220/348 loss 0.4245
  ep24 step 240/348 loss 0.4222
  ep24 step 260/348 loss 0.4249
  ep24 step 280/348 loss 0.4247
  ep24 step 300/348 loss 0.4239
  ep24 step 320/348 loss 0.4231
  ep24 step 340/348 loss 0.4224
[grader] epoch 24/30 loss 0.4228 AUC(ref) 0.8005 QWK 0.5301 acc 0.3929 sens(g>=3) 0.7635
  ep25 step 0/348 loss 0.4403
  ep25 step 20/348 loss 0.4311
  ep25 step 40/348 loss 0.4218
  ep25 step 60/348 loss 0.4231
  ep25 step 80/348 loss 0.4264
  ep25 step 100/348 loss 0.4286
  ep25 step 120/348 loss 0.4308
  ep25 step 140/348 loss 0.4257
  ep25 step 160/348 loss 0.4224
  ep25 step 180/348 loss 0.4231
  ep25 step 200/348 loss 0.4236
  ep25 step 220/348 loss 0.4241
  ep25 step 240/348 loss 0.4231
  ep25 step 260/348 loss 0.4219
  ep25 step 280/348 loss 0.4236
  ep25 step 300/348 loss 0.4216
  ep25 step 320/348 loss 0.4227
  ep25 step 340/348 loss 0.4241
[grader] epoch 25/30 loss 0.4243 AUC(ref) 0.8016 QWK 0.5292 acc 0.3897 sens(g>=3) 0.7593
  ep26 step 0/348 loss 0.4720
  ep26 step 20/348 loss 0.4247
  ep26 step 40/348 loss 0.4173
  ep26 step 60/348 loss 0.4198
  ep26 step 80/348 loss 0.4167
  ep26 step 100/348 loss 0.4219
  ep26 step 120/348 loss 0.4225
  ep26 step 140/348 loss 0.4201
  ep26 step 160/348 loss 0.4205
  ep26 step 180/348 loss 0.4233
  ep26 step 200/348 loss 0.4254
  ep26 step 220/348 loss 0.4279
  ep26 step 240/348 loss 0.4297
  ep26 step 260/348 loss 0.4294
  ep26 step 280/348 loss 0.4278
  ep26 step 300/348 loss 0.4281
  ep26 step 320/348 loss 0.4285
  ep26 step 340/348 loss 0.4292
[grader] epoch 26/30 loss 0.4287 AUC(ref) 0.8017 QWK 0.5323 acc 0.3945 sens(g>=3) 0.7635
  ep27 step 0/348 loss 0.3388
  ep27 step 20/348 loss 0.4436
  ep27 step 40/348 loss 0.4274
  ep27 step 60/348 loss 0.4204
  ep27 step 80/348 loss 0.4259
  ep27 step 100/348 loss 0.4303
  ep27 step 120/348 loss 0.4299
  ep27 step 140/348 loss 0.4311
  ep27 step 160/348 loss 0.4335
  ep27 step 180/348 loss 0.4283
  ep27 step 200/348 loss 0.4286
  ep27 step 220/348 loss 0.4283
  ep27 step 240/348 loss 0.4252
  ep27 step 260/348 loss 0.4236
  ep27 step 280/348 loss 0.4241
  ep27 step 300/348 loss 0.4226
  ep27 step 320/348 loss 0.4237
  ep27 step 340/348 loss 0.4224
[grader] epoch 27/30 loss 0.4223 AUC(ref) 0.8018 QWK 0.5319 acc 0.3957 sens(g>=3) 0.7635
  ep28 step 0/348 loss 0.3078
  ep28 step 20/348 loss 0.3809
  ep28 step 40/348 loss 0.4239
  ep28 step 60/348 loss 0.4205
  ep28 step 80/348 loss 0.4231
  ep28 step 100/348 loss 0.4283
  ep28 step 120/348 loss 0.4255
  ep28 step 140/348 loss 0.4228
  ep28 step 160/348 loss 0.4248
  ep28 step 180/348 loss 0.4230
  ep28 step 200/348 loss 0.4223
  ep28 step 220/348 loss 0.4226
  ep28 step 240/348 loss 0.4238
  ep28 step 260/348 loss 0.4247
  ep28 step 280/348 loss 0.4253
  ep28 step 300/348 loss 0.4253
  ep28 step 320/348 loss 0.4274
  ep28 step 340/348 loss 0.4284
[grader] epoch 28/30 loss 0.4274 AUC(ref) 0.8021 QWK 0.5330 acc 0.3977 sens(g>=3) 0.7635
  ep29 step 0/348 loss 0.4209
  ep29 step 20/348 loss 0.3921
  ep29 step 40/348 loss 0.4048
  ep29 step 60/348 loss 0.4107
  ep29 step 80/348 loss 0.4090
  ep29 step 100/348 loss 0.4225
  ep29 step 120/348 loss 0.4276
  ep29 step 140/348 loss 0.4283
  ep29 step 160/348 loss 0.4286
  ep29 step 180/348 loss 0.4289
  ep29 step 200/348 loss 0.4299
  ep29 step 220/348 loss 0.4276
  ep29 step 240/348 loss 0.4226
  ep29 step 260/348 loss 0.4236
  ep29 step 280/348 loss 0.4258
  ep29 step 300/348 loss 0.4238
  ep29 step 320/348 loss 0.4211
  ep29 step 340/348 loss 0.4208
[grader] epoch 29/30 loss 0.4210 AUC(ref) 0.8026 QWK 0.5337 acc 0.3993 sens(g>=3) 0.7635
  ep30 step 0/348 loss 0.4719
  ep30 step 20/348 loss 0.4674
  ep30 step 40/348 loss 0.4460
  ep30 step 60/348 loss 0.4419
  ep30 step 80/348 loss 0.4415
  ep30 step 100/348 loss 0.4351
  ep30 step 120/348 loss 0.4352
  ep30 step 140/348 loss 0.4332
  ep30 step 160/348 loss 0.4339
  ep30 step 180/348 loss 0.4330
  ep30 step 200/348 loss 0.4320
  ep30 step 220/348 loss 0.4328
  ep30 step 240/348 loss 0.4322
  ep30 step 260/348 loss 0.4315
  ep30 step 280/348 loss 0.4314
  ep30 step 300/348 loss 0.4311
  ep30 step 320/348 loss 0.4301
  ep30 step 340/348 loss 0.4293
[grader] epoch 30/30 loss 0.4298 AUC(ref) 0.8028 QWK 0.5340 acc 0.4005 sens(g>=3) 0.7635

Best qwk 0.5340 at epoch 30 (48.0 min)
  at that epoch: AUC(ref) 0.8028  QWK 0.5340  sens(g>=3) 0.7635
  per-grade recall: 0:0.43  1:0.48  2:0.33  3:0.67  4:0.37
Checkpoint: outputs\grader_clinical_ddr\best.pt
