arm=cnn  train 5578  val 2497
grade distribution (train): [1798, 707, 1798, 376, 899]
parameters: 4.34 M
clinical feature vector: 39 dims
expected batch composition by grade: 0:26.4%  1:16.5%  2:26.4%  3:12.1%  4:18.6%
  ep1 step 0/348 loss 0.6856
  ep1 step 20/348 loss 0.6850
  ep1 step 40/348 loss 0.6759
  ep1 step 60/348 loss 0.6650
  ep1 step 80/348 loss 0.6516
  ep1 step 100/348 loss 0.6368
  ep1 step 120/348 loss 0.6239
  ep1 step 140/348 loss 0.6067
  ep1 step 160/348 loss 0.5911
  ep1 step 180/348 loss 0.5795
  ep1 step 200/348 loss 0.5653
  ep1 step 220/348 loss 0.5540
  ep1 step 240/348 loss 0.5413
  ep1 step 260/348 loss 0.5330
  ep1 step 280/348 loss 0.5264
  ep1 step 300/348 loss 0.5178
  ep1 step 320/348 loss 0.5127
  ep1 step 340/348 loss 0.5072
[grader] epoch 1/30 loss 0.5044 AUC(ref) 0.7066 QWK 0.2072 acc 0.4830 sens(g>=3) 0.0000
  ep2 step 0/348 loss 0.4306
  ep2 step 20/348 loss 0.4171
  ep2 step 40/348 loss 0.4028
  ep2 step 60/348 loss 0.3996
  ep2 step 80/348 loss 0.3918
  ep2 step 100/348 loss 0.3960
  ep2 step 120/348 loss 0.3898
  ep2 step 140/348 loss 0.3861
  ep2 step 160/348 loss 0.3817
  ep2 step 180/348 loss 0.3788
  ep2 step 200/348 loss 0.3822
  ep2 step 220/348 loss 0.3796
  ep2 step 240/348 loss 0.3761
  ep2 step 260/348 loss 0.3752
  ep2 step 280/348 loss 0.3738
  ep2 step 300/348 loss 0.3733
  ep2 step 320/348 loss 0.3732
  ep2 step 340/348 loss 0.3687
[grader] epoch 2/30 loss 0.3674 AUC(ref) 0.8393 QWK 0.2018 acc 0.4974 sens(g>=3) 0.0000
  ep3 step 0/348 loss 0.7599
  ep3 step 20/348 loss 0.3504
  ep3 step 40/348 loss 0.3328
  ep3 step 60/348 loss 0.3338
  ep3 step 80/348 loss 0.3301
  ep3 step 100/348 loss 0.3285
  ep3 step 120/348 loss 0.3295
  ep3 step 140/348 loss 0.3276
  ep3 step 160/348 loss 0.3270
  ep3 step 180/348 loss 0.3245
  ep3 step 200/348 loss 0.3231
  ep3 step 220/348 loss 0.3235
  ep3 step 240/348 loss 0.3210
  ep3 step 260/348 loss 0.3181
  ep3 step 280/348 loss 0.3160
  ep3 step 300/348 loss 0.3147
  ep3 step 320/348 loss 0.3119
  ep3 step 340/348 loss 0.3133
[grader] epoch 3/30 loss 0.3125 AUC(ref) 0.8806 QWK 0.2784 acc 0.5110 sens(g>=3) 0.0249
  ep4 step 0/348 loss 0.2697
  ep4 step 20/348 loss 0.2738
  ep4 step 40/348 loss 0.2690
  ep4 step 60/348 loss 0.2733
  ep4 step 80/348 loss 0.2734
  ep4 step 100/348 loss 0.2768
  ep4 step 120/348 loss 0.2761
  ep4 step 140/348 loss 0.2733
  ep4 step 160/348 loss 0.2761
  ep4 step 180/348 loss 0.2753
  ep4 step 200/348 loss 0.2760
  ep4 step 220/348 loss 0.2742
  ep4 step 240/348 loss 0.2716
  ep4 step 260/348 loss 0.2712
  ep4 step 280/348 loss 0.2710
  ep4 step 300/348 loss 0.2725
  ep4 step 320/348 loss 0.2713
  ep4 step 340/348 loss 0.2720
[grader] epoch 4/30 loss 0.2713 AUC(ref) 0.9131 QWK 0.4611 acc 0.5483 sens(g>=3) 0.2365
  ep5 step 0/348 loss 0.2441
  ep5 step 20/348 loss 0.2723
  ep5 step 40/348 loss 0.2642
  ep5 step 60/348 loss 0.2490
  ep5 step 80/348 loss 0.2523
  ep5 step 100/348 loss 0.2507
  ep5 step 120/348 loss 0.2553
  ep5 step 140/348 loss 0.2517
  ep5 step 160/348 loss 0.2523
  ep5 step 180/348 loss 0.2512
  ep5 step 200/348 loss 0.2562
  ep5 step 220/348 loss 0.2547
  ep5 step 240/348 loss 0.2525
  ep5 step 260/348 loss 0.2513
  ep5 step 280/348 loss 0.2495
  ep5 step 300/348 loss 0.2478
  ep5 step 320/348 loss 0.2467
  ep5 step 340/348 loss 0.2468
[grader] epoch 5/30 loss 0.2462 AUC(ref) 0.9359 QWK 0.6292 acc 0.6039 sens(g>=3) 0.4689
  ep6 step 0/348 loss 0.1599
  ep6 step 20/348 loss 0.2292
  ep6 step 40/348 loss 0.2245
  ep6 step 60/348 loss 0.2222
  ep6 step 80/348 loss 0.2255
  ep6 step 100/348 loss 0.2364
  ep6 step 120/348 loss 0.2325
  ep6 step 140/348 loss 0.2320
  ep6 step 160/348 loss 0.2290
  ep6 step 180/348 loss 0.2276
  ep6 step 200/348 loss 0.2265
  ep6 step 220/348 loss 0.2266
  ep6 step 240/348 loss 0.2249
  ep6 step 260/348 loss 0.2260
  ep6 step 280/348 loss 0.2250
  ep6 step 300/348 loss 0.2243
  ep6 step 320/348 loss 0.2242
  ep6 step 340/348 loss 0.2221
[grader] epoch 6/30 loss 0.2230 AUC(ref) 0.9469 QWK 0.7378 acc 0.6584 sens(g>=3) 0.6183
  ep7 step 0/348 loss 0.1528
  ep7 step 20/348 loss 0.1906
  ep7 step 40/348 loss 0.1932
  ep7 step 60/348 loss 0.2028
  ep7 step 80/348 loss 0.1988
  ep7 step 100/348 loss 0.1961
  ep7 step 120/348 loss 0.1930
  ep7 step 140/348 loss 0.1917
  ep7 step 160/348 loss 0.1916
  ep7 step 180/348 loss 0.1899
  ep7 step 200/348 loss 0.1878
  ep7 step 220/348 loss 0.1939
  ep7 step 240/348 loss 0.1929
  ep7 step 260/348 loss 0.1928
  ep7 step 280/348 loss 0.1937
  ep7 step 300/348 loss 0.1929
  ep7 step 320/348 loss 0.1918
  ep7 step 340/348 loss 0.1909
[grader] epoch 7/30 loss 0.1900 AUC(ref) 0.9509 QWK 0.8001 acc 0.6980 sens(g>=3) 0.6929
  ep8 step 0/348 loss 0.1769
  ep8 step 20/348 loss 0.1650
  ep8 step 40/348 loss 0.1583
  ep8 step 60/348 loss 0.1620
  ep8 step 80/348 loss 0.1723
  ep8 step 100/348 loss 0.1678
  ep8 step 120/348 loss 0.1672
  ep8 step 140/348 loss 0.1660
  ep8 step 160/348 loss 0.1696
  ep8 step 180/348 loss 0.1668
  ep8 step 200/348 loss 0.1669
  ep8 step 220/348 loss 0.1682
  ep8 step 240/348 loss 0.1694
  ep8 step 260/348 loss 0.1693
  ep8 step 280/348 loss 0.1675
  ep8 step 300/348 loss 0.1670
  ep8 step 320/348 loss 0.1673
  ep8 step 340/348 loss 0.1667
[grader] epoch 8/30 loss 0.1662 AUC(ref) 0.9529 QWK 0.8293 acc 0.7141 sens(g>=3) 0.7344
  ep9 step 0/348 loss 0.1566
  ep9 step 20/348 loss 0.1484
  ep9 step 40/348 loss 0.1524
  ep9 step 60/348 loss 0.1493
  ep9 step 80/348 loss 0.1616
  ep9 step 100/348 loss 0.1616
  ep9 step 120/348 loss 0.1630
  ep9 step 140/348 loss 0.1597
  ep9 step 160/348 loss 0.1597
  ep9 step 180/348 loss 0.1594
  ep9 step 200/348 loss 0.1587
  ep9 step 220/348 loss 0.1577
  ep9 step 240/348 loss 0.1551
  ep9 step 260/348 loss 0.1530
  ep9 step 280/348 loss 0.1502
  ep9 step 300/348 loss 0.1503
  ep9 step 320/348 loss 0.1503
  ep9 step 340/348 loss 0.1505
[grader] epoch 9/30 loss 0.1506 AUC(ref) 0.9540 QWK 0.8414 acc 0.7193 sens(g>=3) 0.7676
  ep10 step 0/348 loss 0.1302
  ep10 step 20/348 loss 0.1311
  ep10 step 40/348 loss 0.1515
  ep10 step 60/348 loss 0.1465
  ep10 step 80/348 loss 0.1439
  ep10 step 100/348 loss 0.1373
  ep10 step 120/348 loss 0.1315
  ep10 step 140/348 loss 0.1310
  ep10 step 160/348 loss 0.1322
  ep10 step 180/348 loss 0.1322
  ep10 step 200/348 loss 0.1328
  ep10 step 220/348 loss 0.1324
  ep10 step 240/348 loss 0.1339
  ep10 step 260/348 loss 0.1340
  ep10 step 280/348 loss 0.1347
  ep10 step 300/348 loss 0.1357
  ep10 step 320/348 loss 0.1363
  ep10 step 340/348 loss 0.1372
[grader] epoch 10/30 loss 0.1374 AUC(ref) 0.9542 QWK 0.8446 acc 0.7285 sens(g>=3) 0.7925
  ep11 step 0/348 loss 0.1044
  ep11 step 20/348 loss 0.1362
  ep11 step 40/348 loss 0.1413
  ep11 step 60/348 loss 0.1353
  ep11 step 80/348 loss 0.1293
  ep11 step 100/348 loss 0.1292
  ep11 step 120/348 loss 0.1271
  ep11 step 140/348 loss 0.1261
  ep11 step 160/348 loss 0.1236
  ep11 step 180/348 loss 0.1241
  ep11 step 200/348 loss 0.1216
  ep11 step 220/348 loss 0.1200
  ep11 step 240/348 loss 0.1180
  ep11 step 260/348 loss 0.1188
  ep11 step 280/348 loss 0.1176
  ep11 step 300/348 loss 0.1195
  ep11 step 320/348 loss 0.1199
  ep11 step 340/348 loss 0.1196
[grader] epoch 11/30 loss 0.1201 AUC(ref) 0.9538 QWK 0.8514 acc 0.7389 sens(g>=3) 0.8050
  ep12 step 0/348 loss 0.1118
  ep12 step 20/348 loss 0.1153
  ep12 step 40/348 loss 0.1039
  ep12 step 60/348 loss 0.0995
  ep12 step 80/348 loss 0.1014
  ep12 step 100/348 loss 0.1043
  ep12 step 120/348 loss 0.1091
  ep12 step 140/348 loss 0.1070
  ep12 step 160/348 loss 0.1042
  ep12 step 180/348 loss 0.1051
  ep12 step 200/348 loss 0.1042
  ep12 step 220/348 loss 0.1056
  ep12 step 240/348 loss 0.1052
  ep12 step 260/348 loss 0.1066
  ep12 step 280/348 loss 0.1070
  ep12 step 300/348 loss 0.1064
  ep12 step 320/348 loss 0.1073
  ep12 step 340/348 loss 0.1067
[grader] epoch 12/30 loss 0.1064 AUC(ref) 0.9540 QWK 0.8530 acc 0.7497 sens(g>=3) 0.8133
  ep13 step 0/348 loss 0.1117
  ep13 step 20/348 loss 0.0890
  ep13 step 40/348 loss 0.1005
  ep13 step 60/348 loss 0.0978
  ep13 step 80/348 loss 0.0965
  ep13 step 100/348 loss 0.0995
  ep13 step 120/348 loss 0.1032
  ep13 step 140/348 loss 0.0987
  ep13 step 160/348 loss 0.1010
  ep13 step 180/348 loss 0.0972
  ep13 step 200/348 loss 0.0999
  ep13 step 220/348 loss 0.0998
  ep13 step 240/348 loss 0.0986
  ep13 step 260/348 loss 0.0972
  ep13 step 280/348 loss 0.0956
  ep13 step 300/348 loss 0.0948
  ep13 step 320/348 loss 0.0936
  ep13 step 340/348 loss 0.0943
[grader] epoch 13/30 loss 0.0949 AUC(ref) 0.9543 QWK 0.8536 acc 0.7565 sens(g>=3) 0.8050
  ep14 step 0/348 loss 0.1263
  ep14 step 20/348 loss 0.0975
  ep14 step 40/348 loss 0.1006
  ep14 step 60/348 loss 0.0964
  ep14 step 80/348 loss 0.0952
  ep14 step 100/348 loss 0.0931
  ep14 step 120/348 loss 0.0884
  ep14 step 140/348 loss 0.0884
  ep14 step 160/348 loss 0.0889
  ep14 step 180/348 loss 0.0886
  ep14 step 200/348 loss 0.0880
  ep14 step 220/348 loss 0.0882
  ep14 step 240/348 loss 0.0880
  ep14 step 260/348 loss 0.0858
  ep14 step 280/348 loss 0.0874
  ep14 step 300/348 loss 0.0859
  ep14 step 320/348 loss 0.0838
  ep14 step 340/348 loss 0.0834
[grader] epoch 14/30 loss 0.0838 AUC(ref) 0.9556 QWK 0.8536 acc 0.7681 sens(g>=3) 0.8050
  ep15 step 0/348 loss 0.0219
  ep15 step 20/348 loss 0.0894
  ep15 step 40/348 loss 0.1015
  ep15 step 60/348 loss 0.0903
  ep15 step 80/348 loss 0.0818
  ep15 step 100/348 loss 0.0801
  ep15 step 120/348 loss 0.0798
  ep15 step 140/348 loss 0.0783
  ep15 step 160/348 loss 0.0794
  ep15 step 180/348 loss 0.0773
  ep15 step 200/348 loss 0.0780
  ep15 step 220/348 loss 0.0776
  ep15 step 240/348 loss 0.0783
  ep15 step 260/348 loss 0.0789
  ep15 step 280/348 loss 0.0786
  ep15 step 300/348 loss 0.0777
  ep15 step 320/348 loss 0.0768
  ep15 step 340/348 loss 0.0764
[grader] epoch 15/30 loss 0.0765 AUC(ref) 0.9563 QWK 0.8544 acc 0.7709 sens(g>=3) 0.8091
  ep16 step 0/348 loss 0.0569
  ep16 step 20/348 loss 0.0727
  ep16 step 40/348 loss 0.0718
  ep16 step 60/348 loss 0.0654
  ep16 step 80/348 loss 0.0711
  ep16 step 100/348 loss 0.0743
  ep16 step 120/348 loss 0.0772
  ep16 step 140/348 loss 0.0753
  ep16 step 160/348 loss 0.0728
  ep16 step 180/348 loss 0.0738
  ep16 step 200/348 loss 0.0736
  ep16 step 220/348 loss 0.0729
  ep16 step 240/348 loss 0.0740
  ep16 step 260/348 loss 0.0728
  ep16 step 280/348 loss 0.0718
  ep16 step 300/348 loss 0.0724
  ep16 step 320/348 loss 0.0719
  ep16 step 340/348 loss 0.0709
[grader] epoch 16/30 loss 0.0704 AUC(ref) 0.9566 QWK 0.8512 acc 0.7737 sens(g>=3) 0.8091
  ep17 step 0/348 loss 0.1463
  ep17 step 20/348 loss 0.0711
  ep17 step 40/348 loss 0.0671
  ep17 step 60/348 loss 0.0601
  ep17 step 80/348 loss 0.0607
  ep17 step 100/348 loss 0.0662
  ep17 step 120/348 loss 0.0658
  ep17 step 140/348 loss 0.0638
  ep17 step 160/348 loss 0.0628
  ep17 step 180/348 loss 0.0635
  ep17 step 200/348 loss 0.0651
  ep17 step 220/348 loss 0.0654
  ep17 step 240/348 loss 0.0656
  ep17 step 260/348 loss 0.0649
  ep17 step 280/348 loss 0.0649
  ep17 step 300/348 loss 0.0658
  ep17 step 320/348 loss 0.0646
  ep17 step 340/348 loss 0.0644
[grader] epoch 17/30 loss 0.0643 AUC(ref) 0.9558 QWK 0.8489 acc 0.7737 sens(g>=3) 0.8133
  ep18 step 0/348 loss 0.0920
  ep18 step 20/348 loss 0.0576
  ep18 step 40/348 loss 0.0662
  ep18 step 60/348 loss 0.0616
  ep18 step 80/348 loss 0.0589
  ep18 step 100/348 loss 0.0588
  ep18 step 120/348 loss 0.0609
  ep18 step 140/348 loss 0.0630
  ep18 step 160/348 loss 0.0628
  ep18 step 180/348 loss 0.0619
  ep18 step 200/348 loss 0.0614
  ep18 step 220/348 loss 0.0608
  ep18 step 240/348 loss 0.0632
  ep18 step 260/348 loss 0.0627
  ep18 step 280/348 loss 0.0626
  ep18 step 300/348 loss 0.0617
  ep18 step 320/348 loss 0.0610
  ep18 step 340/348 loss 0.0606
[grader] epoch 18/30 loss 0.0603 AUC(ref) 0.9550 QWK 0.8461 acc 0.7713 sens(g>=3) 0.8174
  ep19 step 0/348 loss 0.0309
  ep19 step 20/348 loss 0.0542
  ep19 step 40/348 loss 0.0585
  ep19 step 60/348 loss 0.0609
  ep19 step 80/348 loss 0.0535
  ep19 step 100/348 loss 0.0520
  ep19 step 120/348 loss 0.0511
  ep19 step 140/348 loss 0.0505
  ep19 step 160/348 loss 0.0515
  ep19 step 180/348 loss 0.0521
  ep19 step 200/348 loss 0.0526
  ep19 step 220/348 loss 0.0535
  ep19 step 240/348 loss 0.0528
  ep19 step 260/348 loss 0.0522
  ep19 step 280/348 loss 0.0539
  ep19 step 300/348 loss 0.0539
  ep19 step 320/348 loss 0.0535
  ep19 step 340/348 loss 0.0535
[grader] epoch 19/30 loss 0.0537 AUC(ref) 0.9556 QWK 0.8450 acc 0.7757 sens(g>=3) 0.8133
  ep20 step 0/348 loss 0.0411
  ep20 step 20/348 loss 0.0481
  ep20 step 40/348 loss 0.0459
  ep20 step 60/348 loss 0.0530
  ep20 step 80/348 loss 0.0546
  ep20 step 100/348 loss 0.0550
  ep20 step 120/348 loss 0.0563
  ep20 step 140/348 loss 0.0600
  ep20 step 160/348 loss 0.0572
  ep20 step 180/348 loss 0.0563
  ep20 step 200/348 loss 0.0554
  ep20 step 220/348 loss 0.0564
  ep20 step 240/348 loss 0.0550
  ep20 step 260/348 loss 0.0544
  ep20 step 280/348 loss 0.0532
  ep20 step 300/348 loss 0.0517
  ep20 step 320/348 loss 0.0516
  ep20 step 340/348 loss 0.0524
[grader] epoch 20/30 loss 0.0521 AUC(ref) 0.9550 QWK 0.8487 acc 0.7753 sens(g>=3) 0.8091
  ep21 step 0/348 loss 0.0382
  ep21 step 20/348 loss 0.0426
  ep21 step 40/348 loss 0.0474
  ep21 step 60/348 loss 0.0453
  ep21 step 80/348 loss 0.0432
  ep21 step 100/348 loss 0.0440
  ep21 step 120/348 loss 0.0448
  ep21 step 140/348 loss 0.0441
  ep21 step 160/348 loss 0.0450
  ep21 step 180/348 loss 0.0452
  ep21 step 200/348 loss 0.0446
  ep21 step 220/348 loss 0.0437
  ep21 step 240/348 loss 0.0440
  ep21 step 260/348 loss 0.0441
  ep21 step 280/348 loss 0.0447
  ep21 step 300/348 loss 0.0443
  ep21 step 320/348 loss 0.0447
  ep21 step 340/348 loss 0.0441
[grader] epoch 21/30 loss 0.0440 AUC(ref) 0.9550 QWK 0.8473 acc 0.7769 sens(g>=3) 0.8174
  ep22 step 0/348 loss 0.1207
  ep22 step 20/348 loss 0.0597
  ep22 step 40/348 loss 0.0563
  ep22 step 60/348 loss 0.0515
  ep22 step 80/348 loss 0.0508
  ep22 step 100/348 loss 0.0520
  ep22 step 120/348 loss 0.0486
  ep22 step 140/348 loss 0.0484
  ep22 step 160/348 loss 0.0481
  ep22 step 180/348 loss 0.0466
  ep22 step 200/348 loss 0.0445
  ep22 step 220/348 loss 0.0449
  ep22 step 240/348 loss 0.0437
  ep22 step 260/348 loss 0.0438
  ep22 step 280/348 loss 0.0433
  ep22 step 300/348 loss 0.0435
  ep22 step 320/348 loss 0.0436
  ep22 step 340/348 loss 0.0431
[grader] epoch 22/30 loss 0.0427 AUC(ref) 0.9544 QWK 0.8466 acc 0.7761 sens(g>=3) 0.8133
  ep23 step 0/348 loss 0.0163
  ep23 step 20/348 loss 0.0365
  ep23 step 40/348 loss 0.0402
  ep23 step 60/348 loss 0.0370
  ep23 step 80/348 loss 0.0405
  ep23 step 100/348 loss 0.0399
  ep23 step 120/348 loss 0.0399
  ep23 step 140/348 loss 0.0393
  ep23 step 160/348 loss 0.0383
  ep23 step 180/348 loss 0.0391
  ep23 step 200/348 loss 0.0397
  ep23 step 220/348 loss 0.0408
  ep23 step 240/348 loss 0.0409
  ep23 step 260/348 loss 0.0410
  ep23 step 280/348 loss 0.0408
  ep23 step 300/348 loss 0.0409
  ep23 step 320/348 loss 0.0407
  ep23 step 340/348 loss 0.0401
[grader] epoch 23/30 loss 0.0401 AUC(ref) 0.9538 QWK 0.8476 acc 0.7749 sens(g>=3) 0.8133
  ep24 step 0/348 loss 0.0400
  ep24 step 20/348 loss 0.0333
  ep24 step 40/348 loss 0.0385
  ep24 step 60/348 loss 0.0386
  ep24 step 80/348 loss 0.0404
  ep24 step 100/348 loss 0.0395
  ep24 step 120/348 loss 0.0392
  ep24 step 140/348 loss 0.0400
  ep24 step 160/348 loss 0.0402
  ep24 step 180/348 loss 0.0392
  ep24 step 200/348 loss 0.0395
  ep24 step 220/348 loss 0.0387
  ep24 step 240/348 loss 0.0402
  ep24 step 260/348 loss 0.0398
  ep24 step 280/348 loss 0.0387
  ep24 step 300/348 loss 0.0383
  ep24 step 320/348 loss 0.0376
  ep24 step 340/348 loss 0.0377
[grader] epoch 24/30 loss 0.0379 AUC(ref) 0.9538 QWK 0.8489 acc 0.7777 sens(g>=3) 0.8091
  ep25 step 0/348 loss 0.0037
  ep25 step 20/348 loss 0.0519
  ep25 step 40/348 loss 0.0466
  ep25 step 60/348 loss 0.0489
  ep25 step 80/348 loss 0.0430
  ep25 step 100/348 loss 0.0398
  ep25 step 120/348 loss 0.0411
  ep25 step 140/348 loss 0.0398
  ep25 step 160/348 loss 0.0390
  ep25 step 180/348 loss 0.0371
  ep25 step 200/348 loss 0.0377
  ep25 step 220/348 loss 0.0368
  ep25 step 240/348 loss 0.0354
  ep25 step 260/348 loss 0.0358
  ep25 step 280/348 loss 0.0362
  ep25 step 300/348 loss 0.0356
  ep25 step 320/348 loss 0.0352
  ep25 step 340/348 loss 0.0359
[grader] epoch 25/30 loss 0.0360 AUC(ref) 0.9537 QWK 0.8464 acc 0.7761 sens(g>=3) 0.8133
  ep26 step 0/348 loss 0.0610
  ep26 step 20/348 loss 0.0498
  ep26 step 40/348 loss 0.0464
  ep26 step 60/348 loss 0.0453
  ep26 step 80/348 loss 0.0426
  ep26 step 100/348 loss 0.0451
  ep26 step 120/348 loss 0.0444
  ep26 step 140/348 loss 0.0442
  ep26 step 160/348 loss 0.0450
  ep26 step 180/348 loss 0.0428
  ep26 step 200/348 loss 0.0413
  ep26 step 220/348 loss 0.0402
  ep26 step 240/348 loss 0.0408
  ep26 step 260/348 loss 0.0403
  ep26 step 280/348 loss 0.0400
  ep26 step 300/348 loss 0.0400
  ep26 step 320/348 loss 0.0389
  ep26 step 340/348 loss 0.0385
[grader] epoch 26/30 loss 0.0381 AUC(ref) 0.9532 QWK 0.8455 acc 0.7737 sens(g>=3) 0.8133
  ep27 step 0/348 loss 0.0135
  ep27 step 20/348 loss 0.0291
  ep27 step 40/348 loss 0.0298
  ep27 step 60/348 loss 0.0302
  ep27 step 80/348 loss 0.0316
  ep27 step 100/348 loss 0.0319
  ep27 step 120/348 loss 0.0331
  ep27 step 140/348 loss 0.0321
  ep27 step 160/348 loss 0.0326
  ep27 step 180/348 loss 0.0334
  ep27 step 200/348 loss 0.0333
  ep27 step 220/348 loss 0.0340
  ep27 step 240/348 loss 0.0347
  ep27 step 260/348 loss 0.0352
  ep27 step 280/348 loss 0.0349
  ep27 step 300/348 loss 0.0355
  ep27 step 320/348 loss 0.0350
  ep27 step 340/348 loss 0.0349
[grader] epoch 27/30 loss 0.0352 AUC(ref) 0.9534 QWK 0.8468 acc 0.7757 sens(g>=3) 0.8133
  ep28 step 0/348 loss 0.0189
  ep28 step 20/348 loss 0.0310
  ep28 step 40/348 loss 0.0335
  ep28 step 60/348 loss 0.0352
  ep28 step 80/348 loss 0.0374
  ep28 step 100/348 loss 0.0384
  ep28 step 120/348 loss 0.0382
  ep28 step 140/348 loss 0.0362
  ep28 step 160/348 loss 0.0353
  ep28 step 180/348 loss 0.0366
  ep28 step 200/348 loss 0.0355
  ep28 step 220/348 loss 0.0348
  ep28 step 240/348 loss 0.0347
  ep28 step 260/348 loss 0.0355
  ep28 step 280/348 loss 0.0351
  ep28 step 300/348 loss 0.0353
  ep28 step 320/348 loss 0.0361
  ep28 step 340/348 loss 0.0362
[grader] epoch 28/30 loss 0.0358 AUC(ref) 0.9535 QWK 0.8464 acc 0.7765 sens(g>=3) 0.8174
  ep29 step 0/348 loss 0.1304
  ep29 step 20/348 loss 0.0418
  ep29 step 40/348 loss 0.0390
  ep29 step 60/348 loss 0.0379
  ep29 step 80/348 loss 0.0402
  ep29 step 100/348 loss 0.0384
  ep29 step 120/348 loss 0.0403
  ep29 step 140/348 loss 0.0403
  ep29 step 160/348 loss 0.0396
  ep29 step 180/348 loss 0.0381
  ep29 step 200/348 loss 0.0400
  ep29 step 220/348 loss 0.0393
  ep29 step 240/348 loss 0.0382
  ep29 step 260/348 loss 0.0369
  ep29 step 280/348 loss 0.0357
  ep29 step 300/348 loss 0.0355
  ep29 step 320/348 loss 0.0349
  ep29 step 340/348 loss 0.0346
[grader] epoch 29/30 loss 0.0343 AUC(ref) 0.9539 QWK 0.8465 acc 0.7793 sens(g>=3) 0.8174
  ep30 step 0/348 loss 0.0045
  ep30 step 20/348 loss 0.0285
  ep30 step 40/348 loss 0.0375
  ep30 step 60/348 loss 0.0342
  ep30 step 80/348 loss 0.0344
  ep30 step 100/348 loss 0.0379
  ep30 step 120/348 loss 0.0356
  ep30 step 140/348 loss 0.0342
  ep30 step 160/348 loss 0.0345
  ep30 step 180/348 loss 0.0350
  ep30 step 200/348 loss 0.0336
  ep30 step 220/348 loss 0.0328
  ep30 step 240/348 loss 0.0343
  ep30 step 260/348 loss 0.0336
  ep30 step 280/348 loss 0.0346
  ep30 step 300/348 loss 0.0345
  ep30 step 320/348 loss 0.0349
  ep30 step 340/348 loss 0.0346
[grader] epoch 30/30 loss 0.0344 AUC(ref) 0.9536 QWK 0.8457 acc 0.7785 sens(g>=3) 0.8174

Best qwk 0.8544 at epoch 15 (45.4 min)
  at that epoch: AUC(ref) 0.9563  QWK 0.8544  sens(g>=3) 0.8091
  per-grade recall: 0:0.86  1:0.66  2:0.68  3:0.47  4:0.79
Checkpoint: outputs\grader_cnn_ddr\best.pt
