Warning: You are sending unauthenticated requests to the HF Hub. Please set a HF_TOKEN to enable higher rate limits and faster downloads.
arm=fusion  train 5578  val 2497
grade distribution (train): [1798, 707, 1798, 376, 899]
parameters: 4.42 M
clinical feature vector: 39 dims
expected batch composition by grade: 0:26.4%  1:16.5%  2:26.4%  3:12.1%  4:18.6%
  ep1 step 0/348 loss 0.7163
  ep1 step 20/348 loss 0.6880
  ep1 step 40/348 loss 0.6800
  ep1 step 60/348 loss 0.6671
  ep1 step 80/348 loss 0.6476
  ep1 step 100/348 loss 0.6324
  ep1 step 120/348 loss 0.6124
  ep1 step 140/348 loss 0.5950
  ep1 step 160/348 loss 0.5787
  ep1 step 180/348 loss 0.5679
  ep1 step 200/348 loss 0.5582
  ep1 step 220/348 loss 0.5456
  ep1 step 240/348 loss 0.5373
  ep1 step 260/348 loss 0.5295
  ep1 step 280/348 loss 0.5211
  ep1 step 300/348 loss 0.5139
  ep1 step 320/348 loss 0.5082
  ep1 step 340/348 loss 0.5010
[grader] epoch 1/30 loss 0.4993 AUC(ref) 0.6532 QWK -0.0037 acc 0.1826 sens(g>=3) 0.0000
  ep2 step 0/348 loss 1.0129
  ep2 step 20/348 loss 0.4172
  ep2 step 40/348 loss 0.4053
  ep2 step 60/348 loss 0.4050
  ep2 step 80/348 loss 0.3935
  ep2 step 100/348 loss 0.3945
  ep2 step 120/348 loss 0.3889
  ep2 step 140/348 loss 0.3854
  ep2 step 160/348 loss 0.3835
  ep2 step 180/348 loss 0.3812
  ep2 step 200/348 loss 0.3778
  ep2 step 220/348 loss 0.3754
  ep2 step 240/348 loss 0.3717
  ep2 step 260/348 loss 0.3682
  ep2 step 280/348 loss 0.3643
  ep2 step 300/348 loss 0.3614
  ep2 step 320/348 loss 0.3595
  ep2 step 340/348 loss 0.3576
[grader] epoch 2/30 loss 0.3569 AUC(ref) 0.8593 QWK 0.2670 acc 0.4794 sens(g>=3) 0.0000
  ep3 step 0/348 loss 0.2279
  ep3 step 20/348 loss 0.3498
  ep3 step 40/348 loss 0.3391
  ep3 step 60/348 loss 0.3308
  ep3 step 80/348 loss 0.3211
  ep3 step 100/348 loss 0.3177
  ep3 step 120/348 loss 0.3150
  ep3 step 140/348 loss 0.3124
  ep3 step 160/348 loss 0.3107
  ep3 step 180/348 loss 0.3118
  ep3 step 200/348 loss 0.3143
  ep3 step 220/348 loss 0.3134
  ep3 step 240/348 loss 0.3104
  ep3 step 260/348 loss 0.3108
  ep3 step 280/348 loss 0.3085
  ep3 step 300/348 loss 0.3095
  ep3 step 320/348 loss 0.3071
  ep3 step 340/348 loss 0.3070
[grader] epoch 3/30 loss 0.3067 AUC(ref) 0.8973 QWK 0.3769 acc 0.5202 sens(g>=3) 0.0041
  ep4 step 0/348 loss 0.3395
  ep4 step 20/348 loss 0.3583
  ep4 step 40/348 loss 0.3386
  ep4 step 60/348 loss 0.3284
  ep4 step 80/348 loss 0.3158
  ep4 step 100/348 loss 0.3059
  ep4 step 120/348 loss 0.3068
  ep4 step 140/348 loss 0.3025
  ep4 step 160/348 loss 0.2968
  ep4 step 180/348 loss 0.2958
  ep4 step 200/348 loss 0.2913
  ep4 step 220/348 loss 0.2880
  ep4 step 240/348 loss 0.2882
  ep4 step 260/348 loss 0.2861
  ep4 step 280/348 loss 0.2842
  ep4 step 300/348 loss 0.2836
  ep4 step 320/348 loss 0.2812
  ep4 step 340/348 loss 0.2799
[grader] epoch 4/30 loss 0.2793 AUC(ref) 0.9225 QWK 0.5411 acc 0.5671 sens(g>=3) 0.1328
  ep5 step 0/348 loss 0.3133
  ep5 step 20/348 loss 0.2333
  ep5 step 40/348 loss 0.2280
  ep5 step 60/348 loss 0.2263
  ep5 step 80/348 loss 0.2345
  ep5 step 100/348 loss 0.2351
  ep5 step 120/348 loss 0.2338
  ep5 step 140/348 loss 0.2349
  ep5 step 160/348 loss 0.2325
  ep5 step 180/348 loss 0.2287
  ep5 step 200/348 loss 0.2314
  ep5 step 220/348 loss 0.2320
  ep5 step 240/348 loss 0.2352
  ep5 step 260/348 loss 0.2363
  ep5 step 280/348 loss 0.2338
  ep5 step 300/348 loss 0.2333
  ep5 step 320/348 loss 0.2328
  ep5 step 340/348 loss 0.2331
[grader] epoch 5/30 loss 0.2328 AUC(ref) 0.9355 QWK 0.6751 acc 0.5999 sens(g>=3) 0.3237
  ep6 step 0/348 loss 0.2497
  ep6 step 20/348 loss 0.2367
  ep6 step 40/348 loss 0.2482
  ep6 step 60/348 loss 0.2399
  ep6 step 80/348 loss 0.2310
  ep6 step 100/348 loss 0.2250
  ep6 step 120/348 loss 0.2275
  ep6 step 140/348 loss 0.2235
  ep6 step 160/348 loss 0.2205
  ep6 step 180/348 loss 0.2185
  ep6 step 200/348 loss 0.2218
  ep6 step 220/348 loss 0.2202
  ep6 step 240/348 loss 0.2188
  ep6 step 260/348 loss 0.2172
  ep6 step 280/348 loss 0.2174
  ep6 step 300/348 loss 0.2163
  ep6 step 320/348 loss 0.2155
  ep6 step 340/348 loss 0.2118
[grader] epoch 6/30 loss 0.2115 AUC(ref) 0.9392 QWK 0.7442 acc 0.6219 sens(g>=3) 0.4896
  ep7 step 0/348 loss 0.2123
  ep7 step 20/348 loss 0.1854
  ep7 step 40/348 loss 0.1997
  ep7 step 60/348 loss 0.1903
  ep7 step 80/348 loss 0.1902
  ep7 step 100/348 loss 0.1942
  ep7 step 120/348 loss 0.1904
  ep7 step 140/348 loss 0.1921
  ep7 step 160/348 loss 0.1900
  ep7 step 180/348 loss 0.1938
  ep7 step 200/348 loss 0.1903
  ep7 step 220/348 loss 0.1916
  ep7 step 240/348 loss 0.1900
  ep7 step 260/348 loss 0.1906
  ep7 step 280/348 loss 0.1907
  ep7 step 300/348 loss 0.1908
  ep7 step 320/348 loss 0.1912
  ep7 step 340/348 loss 0.1909
[grader] epoch 7/30 loss 0.1904 AUC(ref) 0.9388 QWK 0.7968 acc 0.6372 sens(g>=3) 0.6390
  ep8 step 0/348 loss 0.2497
  ep8 step 20/348 loss 0.1742
  ep8 step 40/348 loss 0.1696
  ep8 step 60/348 loss 0.1755
  ep8 step 80/348 loss 0.1788
  ep8 step 100/348 loss 0.1808
  ep8 step 120/348 loss 0.1774
  ep8 step 140/348 loss 0.1738
  ep8 step 160/348 loss 0.1703
  ep8 step 180/348 loss 0.1688
  ep8 step 200/348 loss 0.1652
  ep8 step 220/348 loss 0.1646
  ep8 step 240/348 loss 0.1653
  ep8 step 260/348 loss 0.1662
  ep8 step 280/348 loss 0.1640
  ep8 step 300/348 loss 0.1639
  ep8 step 320/348 loss 0.1634
  ep8 step 340/348 loss 0.1638
[grader] epoch 8/30 loss 0.1641 AUC(ref) 0.9387 QWK 0.8177 acc 0.6572 sens(g>=3) 0.6971
  ep9 step 0/348 loss 0.1412
  ep9 step 20/348 loss 0.1863
  ep9 step 40/348 loss 0.1823
  ep9 step 60/348 loss 0.1736
  ep9 step 80/348 loss 0.1774
  ep9 step 100/348 loss 0.1668
  ep9 step 120/348 loss 0.1620
  ep9 step 140/348 loss 0.1632
  ep9 step 160/348 loss 0.1604
  ep9 step 180/348 loss 0.1577
  ep9 step 200/348 loss 0.1536
  ep9 step 220/348 loss 0.1499
  ep9 step 240/348 loss 0.1490
  ep9 step 260/348 loss 0.1489
  ep9 step 280/348 loss 0.1480
  ep9 step 300/348 loss 0.1473
  ep9 step 320/348 loss 0.1468
  ep9 step 340/348 loss 0.1465
[grader] epoch 9/30 loss 0.1456 AUC(ref) 0.9426 QWK 0.8324 acc 0.6844 sens(g>=3) 0.7220
  ep10 step 0/348 loss 0.2178
  ep10 step 20/348 loss 0.1486
  ep10 step 40/348 loss 0.1601
  ep10 step 60/348 loss 0.1509
  ep10 step 80/348 loss 0.1587
  ep10 step 100/348 loss 0.1515
  ep10 step 120/348 loss 0.1489
  ep10 step 140/348 loss 0.1488
  ep10 step 160/348 loss 0.1445
  ep10 step 180/348 loss 0.1449
  ep10 step 200/348 loss 0.1458
  ep10 step 220/348 loss 0.1466
  ep10 step 240/348 loss 0.1444
  ep10 step 260/348 loss 0.1439
  ep10 step 280/348 loss 0.1420
  ep10 step 300/348 loss 0.1421
  ep10 step 320/348 loss 0.1411
  ep10 step 340/348 loss 0.1402
[grader] epoch 10/30 loss 0.1404 AUC(ref) 0.9448 QWK 0.8418 acc 0.7036 sens(g>=3) 0.7593
  ep11 step 0/348 loss 0.1108
  ep11 step 20/348 loss 0.1407
  ep11 step 40/348 loss 0.1490
  ep11 step 60/348 loss 0.1362
  ep11 step 80/348 loss 0.1354
  ep11 step 100/348 loss 0.1316
  ep11 step 120/348 loss 0.1299
  ep11 step 140/348 loss 0.1315
  ep11 step 160/348 loss 0.1293
  ep11 step 180/348 loss 0.1286
  ep11 step 200/348 loss 0.1276
  ep11 step 220/348 loss 0.1278
  ep11 step 240/348 loss 0.1252
  ep11 step 260/348 loss 0.1252
  ep11 step 280/348 loss 0.1228
  ep11 step 300/348 loss 0.1227
  ep11 step 320/348 loss 0.1228
  ep11 step 340/348 loss 0.1227
[grader] epoch 11/30 loss 0.1224 AUC(ref) 0.9454 QWK 0.8453 acc 0.7209 sens(g>=3) 0.8008
  ep12 step 0/348 loss 0.1541
  ep12 step 20/348 loss 0.1026
  ep12 step 40/348 loss 0.1013
  ep12 step 60/348 loss 0.1049
  ep12 step 80/348 loss 0.0995
  ep12 step 100/348 loss 0.0968
  ep12 step 120/348 loss 0.0968
  ep12 step 140/348 loss 0.0970
  ep12 step 160/348 loss 0.0973
  ep12 step 180/348 loss 0.0991
  ep12 step 200/348 loss 0.0977
  ep12 step 220/348 loss 0.0987
  ep12 step 240/348 loss 0.0981
  ep12 step 260/348 loss 0.0973
  ep12 step 280/348 loss 0.0963
  ep12 step 300/348 loss 0.0962
  ep12 step 320/348 loss 0.0955
  ep12 step 340/348 loss 0.0952
[grader] epoch 12/30 loss 0.0957 AUC(ref) 0.9458 QWK 0.8500 acc 0.7385 sens(g>=3) 0.8174
  ep13 step 0/348 loss 0.0726
  ep13 step 20/348 loss 0.1065
  ep13 step 40/348 loss 0.1056
  ep13 step 60/348 loss 0.1121
  ep13 step 80/348 loss 0.1022
  ep13 step 100/348 loss 0.0994
  ep13 step 120/348 loss 0.0943
  ep13 step 140/348 loss 0.0938
  ep13 step 160/348 loss 0.0926
  ep13 step 180/348 loss 0.0912
  ep13 step 200/348 loss 0.0931
  ep13 step 220/348 loss 0.0921
  ep13 step 240/348 loss 0.0917
  ep13 step 260/348 loss 0.0911
  ep13 step 280/348 loss 0.0912
  ep13 step 300/348 loss 0.0906
  ep13 step 320/348 loss 0.0914
  ep13 step 340/348 loss 0.0910
[grader] epoch 13/30 loss 0.0906 AUC(ref) 0.9464 QWK 0.8506 acc 0.7509 sens(g>=3) 0.8257
  ep14 step 0/348 loss 0.0435
  ep14 step 20/348 loss 0.1085
  ep14 step 40/348 loss 0.1084
  ep14 step 60/348 loss 0.0992
  ep14 step 80/348 loss 0.0994
  ep14 step 100/348 loss 0.0944
  ep14 step 120/348 loss 0.0902
  ep14 step 140/348 loss 0.0913
  ep14 step 160/348 loss 0.0939
  ep14 step 180/348 loss 0.0905
  ep14 step 200/348 loss 0.0891
  ep14 step 220/348 loss 0.0895
  ep14 step 240/348 loss 0.0896
  ep14 step 260/348 loss 0.0903
  ep14 step 280/348 loss 0.0905
  ep14 step 300/348 loss 0.0893
  ep14 step 320/348 loss 0.0882
  ep14 step 340/348 loss 0.0886
[grader] epoch 14/30 loss 0.0884 AUC(ref) 0.9472 QWK 0.8535 acc 0.7597 sens(g>=3) 0.8465
  ep15 step 0/348 loss 0.0282
  ep15 step 20/348 loss 0.0736
  ep15 step 40/348 loss 0.0733
  ep15 step 60/348 loss 0.0808
  ep15 step 80/348 loss 0.0766
  ep15 step 100/348 loss 0.0793
  ep15 step 120/348 loss 0.0765
  ep15 step 140/348 loss 0.0760
  ep15 step 160/348 loss 0.0769
  ep15 step 180/348 loss 0.0747
  ep15 step 200/348 loss 0.0777
  ep15 step 220/348 loss 0.0763
  ep15 step 240/348 loss 0.0759
  ep15 step 260/348 loss 0.0764
  ep15 step 280/348 loss 0.0760
  ep15 step 300/348 loss 0.0745
  ep15 step 320/348 loss 0.0758
  ep15 step 340/348 loss 0.0760
[grader] epoch 15/30 loss 0.0756 AUC(ref) 0.9471 QWK 0.8534 acc 0.7621 sens(g>=3) 0.8423
  ep16 step 0/348 loss 0.0477
  ep16 step 20/348 loss 0.0622
  ep16 step 40/348 loss 0.0651
  ep16 step 60/348 loss 0.0692
  ep16 step 80/348 loss 0.0759
  ep16 step 100/348 loss 0.0768
  ep16 step 120/348 loss 0.0785
  ep16 step 140/348 loss 0.0784
  ep16 step 160/348 loss 0.0808
  ep16 step 180/348 loss 0.0777
  ep16 step 200/348 loss 0.0778
  ep16 step 220/348 loss 0.0758
  ep16 step 240/348 loss 0.0741
  ep16 step 260/348 loss 0.0725
  ep16 step 280/348 loss 0.0723
  ep16 step 300/348 loss 0.0725
  ep16 step 320/348 loss 0.0733
  ep16 step 340/348 loss 0.0731
[grader] epoch 16/30 loss 0.0726 AUC(ref) 0.9474 QWK 0.8506 acc 0.7601 sens(g>=3) 0.8423
  ep17 step 0/348 loss 0.1724
  ep17 step 20/348 loss 0.1005
  ep17 step 40/348 loss 0.0793
  ep17 step 60/348 loss 0.0798
  ep17 step 80/348 loss 0.0767
  ep17 step 100/348 loss 0.0758
  ep17 step 120/348 loss 0.0786
  ep17 step 140/348 loss 0.0771
  ep17 step 160/348 loss 0.0746
  ep17 step 180/348 loss 0.0711
  ep17 step 200/348 loss 0.0695
  ep17 step 220/348 loss 0.0698
  ep17 step 240/348 loss 0.0689
  ep17 step 260/348 loss 0.0682
  ep17 step 280/348 loss 0.0688
  ep17 step 300/348 loss 0.0680
  ep17 step 320/348 loss 0.0665
  ep17 step 340/348 loss 0.0664
[grader] epoch 17/30 loss 0.0660 AUC(ref) 0.9472 QWK 0.8503 acc 0.7637 sens(g>=3) 0.8423
  ep18 step 0/348 loss 0.0387
  ep18 step 20/348 loss 0.0490
  ep18 step 40/348 loss 0.0576
  ep18 step 60/348 loss 0.0588
  ep18 step 80/348 loss 0.0543
  ep18 step 100/348 loss 0.0544
  ep18 step 120/348 loss 0.0540
  ep18 step 140/348 loss 0.0527
  ep18 step 160/348 loss 0.0512
  ep18 step 180/348 loss 0.0514
  ep18 step 200/348 loss 0.0518
  ep18 step 220/348 loss 0.0521
  ep18 step 240/348 loss 0.0519
  ep18 step 260/348 loss 0.0515
  ep18 step 280/348 loss 0.0512
  ep18 step 300/348 loss 0.0508
  ep18 step 320/348 loss 0.0512
  ep18 step 340/348 loss 0.0520
[grader] epoch 18/30 loss 0.0519 AUC(ref) 0.9487 QWK 0.8526 acc 0.7717 sens(g>=3) 0.8382
  ep19 step 0/348 loss 0.0713
  ep19 step 20/348 loss 0.0628
  ep19 step 40/348 loss 0.0685
  ep19 step 60/348 loss 0.0614
  ep19 step 80/348 loss 0.0644
  ep19 step 100/348 loss 0.0601
  ep19 step 120/348 loss 0.0599
  ep19 step 140/348 loss 0.0574
  ep19 step 160/348 loss 0.0573
  ep19 step 180/348 loss 0.0553
  ep19 step 200/348 loss 0.0564
  ep19 step 220/348 loss 0.0563
  ep19 step 240/348 loss 0.0553
  ep19 step 260/348 loss 0.0537
  ep19 step 280/348 loss 0.0525
  ep19 step 300/348 loss 0.0518
  ep19 step 320/348 loss 0.0522
  ep19 step 340/348 loss 0.0533
[grader] epoch 19/30 loss 0.0533 AUC(ref) 0.9497 QWK 0.8485 acc 0.7749 sens(g>=3) 0.8257
  ep20 step 0/348 loss 0.0160
  ep20 step 20/348 loss 0.0534
  ep20 step 40/348 loss 0.0523
  ep20 step 60/348 loss 0.0454
  ep20 step 80/348 loss 0.0457
  ep20 step 100/348 loss 0.0472
  ep20 step 120/348 loss 0.0485
  ep20 step 140/348 loss 0.0472
  ep20 step 160/348 loss 0.0497
  ep20 step 180/348 loss 0.0487
  ep20 step 200/348 loss 0.0484
  ep20 step 220/348 loss 0.0468
  ep20 step 240/348 loss 0.0459
  ep20 step 260/348 loss 0.0476
  ep20 step 280/348 loss 0.0484
  ep20 step 300/348 loss 0.0486
  ep20 step 320/348 loss 0.0474
  ep20 step 340/348 loss 0.0469
[grader] epoch 20/30 loss 0.0470 AUC(ref) 0.9500 QWK 0.8492 acc 0.7757 sens(g>=3) 0.8299
  ep21 step 0/348 loss 0.0355
  ep21 step 20/348 loss 0.0516
  ep21 step 40/348 loss 0.0486
  ep21 step 60/348 loss 0.0480
  ep21 step 80/348 loss 0.0451
  ep21 step 100/348 loss 0.0450
  ep21 step 120/348 loss 0.0440
  ep21 step 140/348 loss 0.0457
  ep21 step 160/348 loss 0.0457
  ep21 step 180/348 loss 0.0480
  ep21 step 200/348 loss 0.0484
  ep21 step 220/348 loss 0.0483
  ep21 step 240/348 loss 0.0473
  ep21 step 260/348 loss 0.0467
  ep21 step 280/348 loss 0.0468
  ep21 step 300/348 loss 0.0475
  ep21 step 320/348 loss 0.0475
  ep21 step 340/348 loss 0.0470
[grader] epoch 21/30 loss 0.0466 AUC(ref) 0.9511 QWK 0.8529 acc 0.7765 sens(g>=3) 0.8382
  ep22 step 0/348 loss 0.1256
  ep22 step 20/348 loss 0.0506
  ep22 step 40/348 loss 0.0385
  ep22 step 60/348 loss 0.0408
  ep22 step 80/348 loss 0.0455
  ep22 step 100/348 loss 0.0443
  ep22 step 120/348 loss 0.0421
  ep22 step 140/348 loss 0.0428
  ep22 step 160/348 loss 0.0425
  ep22 step 180/348 loss 0.0421
  ep22 step 200/348 loss 0.0422
  ep22 step 220/348 loss 0.0428
  ep22 step 240/348 loss 0.0444
  ep22 step 260/348 loss 0.0455
  ep22 step 280/348 loss 0.0451
  ep22 step 300/348 loss 0.0452
  ep22 step 320/348 loss 0.0452
  ep22 step 340/348 loss 0.0451
[grader] epoch 22/30 loss 0.0451 AUC(ref) 0.9512 QWK 0.8530 acc 0.7785 sens(g>=3) 0.8382
  ep23 step 0/348 loss 0.0125
  ep23 step 20/348 loss 0.0448
  ep23 step 40/348 loss 0.0459
  ep23 step 60/348 loss 0.0437
  ep23 step 80/348 loss 0.0450
  ep23 step 100/348 loss 0.0459
  ep23 step 120/348 loss 0.0449
  ep23 step 140/348 loss 0.0453
  ep23 step 160/348 loss 0.0467
  ep23 step 180/348 loss 0.0465
  ep23 step 200/348 loss 0.0458
  ep23 step 220/348 loss 0.0445
  ep23 step 240/348 loss 0.0437
  ep23 step 260/348 loss 0.0426
  ep23 step 280/348 loss 0.0415
  ep23 step 300/348 loss 0.0422
  ep23 step 320/348 loss 0.0410
  ep23 step 340/348 loss 0.0401
[grader] epoch 23/30 loss 0.0406 AUC(ref) 0.9510 QWK 0.8513 acc 0.7785 sens(g>=3) 0.8257
  ep24 step 0/348 loss 0.1289
  ep24 step 20/348 loss 0.0467
  ep24 step 40/348 loss 0.0415
  ep24 step 60/348 loss 0.0450
  ep24 step 80/348 loss 0.0453
  ep24 step 100/348 loss 0.0431
  ep24 step 120/348 loss 0.0439
  ep24 step 140/348 loss 0.0450
  ep24 step 160/348 loss 0.0433
  ep24 step 180/348 loss 0.0435
  ep24 step 200/348 loss 0.0433
  ep24 step 220/348 loss 0.0432
  ep24 step 240/348 loss 0.0422
  ep24 step 260/348 loss 0.0418
  ep24 step 280/348 loss 0.0408
  ep24 step 300/348 loss 0.0404
  ep24 step 320/348 loss 0.0406
  ep24 step 340/348 loss 0.0404
[grader] epoch 24/30 loss 0.0403 AUC(ref) 0.9515 QWK 0.8527 acc 0.7833 sens(g>=3) 0.8340
  ep25 step 0/348 loss 0.0030
  ep25 step 20/348 loss 0.0384
  ep25 step 40/348 loss 0.0487
  ep25 step 60/348 loss 0.0417
  ep25 step 80/348 loss 0.0418
  ep25 step 100/348 loss 0.0394
  ep25 step 120/348 loss 0.0389
  ep25 step 140/348 loss 0.0395
  ep25 step 160/348 loss 0.0387
  ep25 step 180/348 loss 0.0380
  ep25 step 200/348 loss 0.0385
  ep25 step 220/348 loss 0.0377
  ep25 step 240/348 loss 0.0398
  ep25 step 260/348 loss 0.0389
  ep25 step 280/348 loss 0.0390
  ep25 step 300/348 loss 0.0393
  ep25 step 320/348 loss 0.0385
  ep25 step 340/348 loss 0.0383
[grader] epoch 25/30 loss 0.0382 AUC(ref) 0.9517 QWK 0.8533 acc 0.7833 sens(g>=3) 0.8299
  ep26 step 0/348 loss 0.0121
  ep26 step 20/348 loss 0.0417
  ep26 step 40/348 loss 0.0438
  ep26 step 60/348 loss 0.0357
  ep26 step 80/348 loss 0.0342
  ep26 step 100/348 loss 0.0332
  ep26 step 120/348 loss 0.0332
  ep26 step 140/348 loss 0.0365
  ep26 step 160/348 loss 0.0356
  ep26 step 180/348 loss 0.0353
  ep26 step 200/348 loss 0.0338
  ep26 step 220/348 loss 0.0341
  ep26 step 240/348 loss 0.0342
  ep26 step 260/348 loss 0.0335
  ep26 step 280/348 loss 0.0331
  ep26 step 300/348 loss 0.0334
  ep26 step 320/348 loss 0.0331
  ep26 step 340/348 loss 0.0334
[grader] epoch 26/30 loss 0.0336 AUC(ref) 0.9523 QWK 0.8546 acc 0.7837 sens(g>=3) 0.8340
  ep27 step 0/348 loss 0.0993
  ep27 step 20/348 loss 0.0255
  ep27 step 40/348 loss 0.0337
  ep27 step 60/348 loss 0.0335
  ep27 step 80/348 loss 0.0314
  ep27 step 100/348 loss 0.0300
  ep27 step 120/348 loss 0.0329
  ep27 step 140/348 loss 0.0313
  ep27 step 160/348 loss 0.0312
  ep27 step 180/348 loss 0.0315
  ep27 step 200/348 loss 0.0326
  ep27 step 220/348 loss 0.0334
  ep27 step 240/348 loss 0.0339
  ep27 step 260/348 loss 0.0340
  ep27 step 280/348 loss 0.0347
  ep27 step 300/348 loss 0.0351
  ep27 step 320/348 loss 0.0353
  ep27 step 340/348 loss 0.0355
[grader] epoch 27/30 loss 0.0354 AUC(ref) 0.9524 QWK 0.8538 acc 0.7861 sens(g>=3) 0.8299
  ep28 step 0/348 loss 0.0039
  ep28 step 20/348 loss 0.0399
  ep28 step 40/348 loss 0.0370
  ep28 step 60/348 loss 0.0325
  ep28 step 80/348 loss 0.0329
  ep28 step 100/348 loss 0.0312
  ep28 step 120/348 loss 0.0321
  ep28 step 140/348 loss 0.0311
  ep28 step 160/348 loss 0.0330
  ep28 step 180/348 loss 0.0340
  ep28 step 200/348 loss 0.0336
  ep28 step 220/348 loss 0.0342
  ep28 step 240/348 loss 0.0348
  ep28 step 260/348 loss 0.0339
  ep28 step 280/348 loss 0.0343
  ep28 step 300/348 loss 0.0338
  ep28 step 320/348 loss 0.0338
  ep28 step 340/348 loss 0.0331
[grader] epoch 28/30 loss 0.0327 AUC(ref) 0.9521 QWK 0.8555 acc 0.7869 sens(g>=3) 0.8299
  ep29 step 0/348 loss 0.1226
  ep29 step 20/348 loss 0.0336
  ep29 step 40/348 loss 0.0312
  ep29 step 60/348 loss 0.0324
  ep29 step 80/348 loss 0.0315
  ep29 step 100/348 loss 0.0323
  ep29 step 120/348 loss 0.0319
  ep29 step 140/348 loss 0.0305
  ep29 step 160/348 loss 0.0315
  ep29 step 180/348 loss 0.0306
  ep29 step 200/348 loss 0.0326
  ep29 step 220/348 loss 0.0321
  ep29 step 240/348 loss 0.0323
  ep29 step 260/348 loss 0.0322
  ep29 step 280/348 loss 0.0323
  ep29 step 300/348 loss 0.0318
  ep29 step 320/348 loss 0.0326
  ep29 step 340/348 loss 0.0322
[grader] epoch 29/30 loss 0.0320 AUC(ref) 0.9517 QWK 0.8560 acc 0.7881 sens(g>=3) 0.8299
  ep30 step 0/348 loss 0.0433
  ep30 step 20/348 loss 0.0358
  ep30 step 40/348 loss 0.0295
  ep30 step 60/348 loss 0.0312
  ep30 step 80/348 loss 0.0328
  ep30 step 100/348 loss 0.0308
  ep30 step 120/348 loss 0.0298
  ep30 step 140/348 loss 0.0294
  ep30 step 160/348 loss 0.0310
  ep30 step 180/348 loss 0.0332
  ep30 step 200/348 loss 0.0383
  ep30 step 220/348 loss 0.0388
  ep30 step 240/348 loss 0.0381
  ep30 step 260/348 loss 0.0376
  ep30 step 280/348 loss 0.0368
  ep30 step 300/348 loss 0.0367
  ep30 step 320/348 loss 0.0357
  ep30 step 340/348 loss 0.0357
[grader] epoch 30/30 loss 0.0360 AUC(ref) 0.9513 QWK 0.8550 acc 0.7877 sens(g>=3) 0.8299

Best qwk 0.8560 at epoch 29 (53.0 min)
  at that epoch: AUC(ref) 0.9517  QWK 0.8560  sens(g>=3) 0.8299
  per-grade recall: 0:0.87  1:0.56  2:0.73  3:0.50  4:0.81
Checkpoint: outputs\grader_fusion_ddr\best.pt
