arm=clinical  train 5578  val 2497
grade distribution (train): [1798, 707, 1798, 376, 899]
parameters: 11.39 M
clinical feature vector: 39 dims
expected batch composition by grade: 0:26.4%  1:16.5%  2:26.4%  3:12.1%  4:18.6%
  ep1 step 0/348 loss 0.6854
  ep1 step 20/348 loss 0.6697
  ep1 step 40/348 loss 0.6604
  ep1 step 60/348 loss 0.6447
  ep1 step 80/348 loss 0.6273
  ep1 step 100/348 loss 0.6102
  ep1 step 120/348 loss 0.5927
  ep1 step 140/348 loss 0.5775
  ep1 step 160/348 loss 0.5630
  ep1 step 180/348 loss 0.5518
  ep1 step 200/348 loss 0.5396
  ep1 step 220/348 loss 0.5281
  ep1 step 240/348 loss 0.5210
  ep1 step 260/348 loss 0.5131
  ep1 step 280/348 loss 0.5052
  ep1 step 300/348 loss 0.4984
  ep1 step 320/348 loss 0.4941
  ep1 step 340/348 loss 0.4879
[grader] epoch 1/30 loss 0.4857 AUC(ref) 0.8531 QWK 0.1907 acc 0.2275 sens(g>=3) 0.0000
  ep2 step 0/348 loss 0.4177
  ep2 step 20/348 loss 0.4106
  ep2 step 40/348 loss 0.4032
  ep2 step 60/348 loss 0.4030
  ep2 step 80/348 loss 0.3963
  ep2 step 100/348 loss 0.3884
  ep2 step 120/348 loss 0.3893
  ep2 step 140/348 loss 0.3898
  ep2 step 160/348 loss 0.3962
  ep2 step 180/348 loss 0.3964
  ep2 step 200/348 loss 0.3941
  ep2 step 220/348 loss 0.3906
  ep2 step 240/348 loss 0.3899
  ep2 step 260/348 loss 0.3883
  ep2 step 280/348 loss 0.3911
  ep2 step 300/348 loss 0.3912
  ep2 step 320/348 loss 0.3921
  ep2 step 340/348 loss 0.3899
[grader] epoch 2/30 loss 0.3887 AUC(ref) 0.8853 QWK 0.5573 acc 0.4217 sens(g>=3) 0.0996
  ep3 step 0/348 loss 0.2753
  ep3 step 20/348 loss 0.3440
  ep3 step 40/348 loss 0.3620
  ep3 step 60/348 loss 0.3575
  ep3 step 80/348 loss 0.3617
  ep3 step 100/348 loss 0.3735
  ep3 step 120/348 loss 0.3692
  ep3 step 140/348 loss 0.3727
  ep3 step 160/348 loss 0.3754
  ep3 step 180/348 loss 0.3811
  ep3 step 200/348 loss 0.3801
  ep3 step 220/348 loss 0.3800
  ep3 step 240/348 loss 0.3778
  ep3 step 260/348 loss 0.3772
  ep3 step 280/348 loss 0.3786
  ep3 step 300/348 loss 0.3785
  ep3 step 320/348 loss 0.3797
  ep3 step 340/348 loss 0.3811
[grader] epoch 3/30 loss 0.3811 AUC(ref) 0.8891 QWK 0.6649 acc 0.5030 sens(g>=3) 0.5602
  ep4 step 0/348 loss 0.4867
  ep4 step 20/348 loss 0.3854
  ep4 step 40/348 loss 0.3936
  ep4 step 60/348 loss 0.3883
  ep4 step 80/348 loss 0.3852
  ep4 step 100/348 loss 0.3842
  ep4 step 120/348 loss 0.3822
  ep4 step 140/348 loss 0.3843
  ep4 step 160/348 loss 0.3820
  ep4 step 180/348 loss 0.3814
  ep4 step 200/348 loss 0.3814
  ep4 step 220/348 loss 0.3811
  ep4 step 240/348 loss 0.3815
  ep4 step 260/348 loss 0.3809
  ep4 step 280/348 loss 0.3829
  ep4 step 300/348 loss 0.3805
  ep4 step 320/348 loss 0.3811
  ep4 step 340/348 loss 0.3819
[grader] epoch 4/30 loss 0.3814 AUC(ref) 0.8903 QWK 0.6914 acc 0.5298 sens(g>=3) 0.6639
  ep5 step 0/348 loss 0.4127
  ep5 step 20/348 loss 0.3646
  ep5 step 40/348 loss 0.3730
  ep5 step 60/348 loss 0.3735
  ep5 step 80/348 loss 0.3746
  ep5 step 100/348 loss 0.3756
  ep5 step 120/348 loss 0.3745
  ep5 step 140/348 loss 0.3752
  ep5 step 160/348 loss 0.3718
  ep5 step 180/348 loss 0.3744
  ep5 step 200/348 loss 0.3753
  ep5 step 220/348 loss 0.3767
  ep5 step 240/348 loss 0.3772
  ep5 step 260/348 loss 0.3776
  ep5 step 280/348 loss 0.3762
  ep5 step 300/348 loss 0.3768
  ep5 step 320/348 loss 0.3750
  ep5 step 340/348 loss 0.3740
[grader] epoch 5/30 loss 0.3737 AUC(ref) 0.8901 QWK 0.6978 acc 0.5398 sens(g>=3) 0.6888
  ep6 step 0/348 loss 0.2901
  ep6 step 20/348 loss 0.3834
  ep6 step 40/348 loss 0.3725
  ep6 step 60/348 loss 0.3751
  ep6 step 80/348 loss 0.3673
  ep6 step 100/348 loss 0.3648
  ep6 step 120/348 loss 0.3665
  ep6 step 140/348 loss 0.3645
  ep6 step 160/348 loss 0.3651
  ep6 step 180/348 loss 0.3625
  ep6 step 200/348 loss 0.3662
  ep6 step 220/348 loss 0.3629
  ep6 step 240/348 loss 0.3625
  ep6 step 260/348 loss 0.3649
  ep6 step 280/348 loss 0.3649
  ep6 step 300/348 loss 0.3658
  ep6 step 320/348 loss 0.3637
  ep6 step 340/348 loss 0.3625
[grader] epoch 6/30 loss 0.3620 AUC(ref) 0.8901 QWK 0.7004 acc 0.5459 sens(g>=3) 0.7178
  ep7 step 0/348 loss 0.4416
  ep7 step 20/348 loss 0.3965
  ep7 step 40/348 loss 0.3954
  ep7 step 60/348 loss 0.3863
  ep7 step 80/348 loss 0.3772
  ep7 step 100/348 loss 0.3760
  ep7 step 120/348 loss 0.3745
  ep7 step 140/348 loss 0.3758
  ep7 step 160/348 loss 0.3703
  ep7 step 180/348 loss 0.3680
  ep7 step 200/348 loss 0.3679
  ep7 step 220/348 loss 0.3678
  ep7 step 240/348 loss 0.3698
  ep7 step 260/348 loss 0.3688
  ep7 step 280/348 loss 0.3666
  ep7 step 300/348 loss 0.3656
  ep7 step 320/348 loss 0.3677
  ep7 step 340/348 loss 0.3663
[grader] epoch 7/30 loss 0.3672 AUC(ref) 0.8915 QWK 0.7027 acc 0.5559 sens(g>=3) 0.7220
  ep8 step 0/348 loss 0.2667
  ep8 step 20/348 loss 0.3658
  ep8 step 40/348 loss 0.3637
  ep8 step 60/348 loss 0.3771
  ep8 step 80/348 loss 0.3616
  ep8 step 100/348 loss 0.3593
  ep8 step 120/348 loss 0.3615
  ep8 step 140/348 loss 0.3624
  ep8 step 160/348 loss 0.3597
  ep8 step 180/348 loss 0.3603
  ep8 step 200/348 loss 0.3611
  ep8 step 220/348 loss 0.3608
  ep8 step 240/348 loss 0.3605
  ep8 step 260/348 loss 0.3596
  ep8 step 280/348 loss 0.3602
  ep8 step 300/348 loss 0.3614
  ep8 step 320/348 loss 0.3605
  ep8 step 340/348 loss 0.3598
[grader] epoch 8/30 loss 0.3601 AUC(ref) 0.8932 QWK 0.7076 acc 0.5651 sens(g>=3) 0.7303
  ep9 step 0/348 loss 0.4460
  ep9 step 20/348 loss 0.3436
  ep9 step 40/348 loss 0.3552
  ep9 step 60/348 loss 0.3629
  ep9 step 80/348 loss 0.3609
  ep9 step 100/348 loss 0.3666
  ep9 step 120/348 loss 0.3716
  ep9 step 140/348 loss 0.3701
  ep9 step 160/348 loss 0.3657
  ep9 step 180/348 loss 0.3612
  ep9 step 200/348 loss 0.3622
  ep9 step 220/348 loss 0.3598
  ep9 step 240/348 loss 0.3601
  ep9 step 260/348 loss 0.3593
  ep9 step 280/348 loss 0.3586
  ep9 step 300/348 loss 0.3596
  ep9 step 320/348 loss 0.3616
  ep9 step 340/348 loss 0.3613
[grader] epoch 9/30 loss 0.3610 AUC(ref) 0.8933 QWK 0.7024 acc 0.5615 sens(g>=3) 0.7303
  ep10 step 0/348 loss 0.3341
  ep10 step 20/348 loss 0.3566
  ep10 step 40/348 loss 0.3450
  ep10 step 60/348 loss 0.3468
  ep10 step 80/348 loss 0.3465
  ep10 step 100/348 loss 0.3472
  ep10 step 120/348 loss 0.3455
  ep10 step 140/348 loss 0.3499
  ep10 step 160/348 loss 0.3521
  ep10 step 180/348 loss 0.3534
  ep10 step 200/348 loss 0.3540
  ep10 step 220/348 loss 0.3507
  ep10 step 240/348 loss 0.3514
  ep10 step 260/348 loss 0.3512
  ep10 step 280/348 loss 0.3531
  ep10 step 300/348 loss 0.3523
  ep10 step 320/348 loss 0.3500
  ep10 step 340/348 loss 0.3499
[grader] epoch 10/30 loss 0.3495 AUC(ref) 0.8914 QWK 0.7038 acc 0.5643 sens(g>=3) 0.7344
  ep11 step 0/348 loss 0.2241
  ep11 step 20/348 loss 0.3249
  ep11 step 40/348 loss 0.3459
  ep11 step 60/348 loss 0.3533
  ep11 step 80/348 loss 0.3461
  ep11 step 100/348 loss 0.3425
  ep11 step 120/348 loss 0.3396
  ep11 step 140/348 loss 0.3423
  ep11 step 160/348 loss 0.3439
  ep11 step 180/348 loss 0.3446
  ep11 step 200/348 loss 0.3405
  ep11 step 220/348 loss 0.3397
  ep11 step 240/348 loss 0.3413
  ep11 step 260/348 loss 0.3447
  ep11 step 280/348 loss 0.3461
  ep11 step 300/348 loss 0.3453
  ep11 step 320/348 loss 0.3450
  ep11 step 340/348 loss 0.3473
[grader] epoch 11/30 loss 0.3474 AUC(ref) 0.8923 QWK 0.7022 acc 0.5615 sens(g>=3) 0.7344
  ep12 step 0/348 loss 0.2839
  ep12 step 20/348 loss 0.3339
  ep12 step 40/348 loss 0.3559
  ep12 step 60/348 loss 0.3455
  ep12 step 80/348 loss 0.3450
  ep12 step 100/348 loss 0.3470
  ep12 step 120/348 loss 0.3457
  ep12 step 140/348 loss 0.3479
  ep12 step 160/348 loss 0.3497
  ep12 step 180/348 loss 0.3523
  ep12 step 200/348 loss 0.3495
  ep12 step 220/348 loss 0.3490
  ep12 step 240/348 loss 0.3475
  ep12 step 260/348 loss 0.3433
  ep12 step 280/348 loss 0.3409
  ep12 step 300/348 loss 0.3394
  ep12 step 320/348 loss 0.3391
  ep12 step 340/348 loss 0.3401
[grader] epoch 12/30 loss 0.3403 AUC(ref) 0.8950 QWK 0.7043 acc 0.5615 sens(g>=3) 0.7469
  ep13 step 0/348 loss 0.4209
  ep13 step 20/348 loss 0.3542
  ep13 step 40/348 loss 0.3554
  ep13 step 60/348 loss 0.3551
  ep13 step 80/348 loss 0.3551
  ep13 step 100/348 loss 0.3482
  ep13 step 120/348 loss 0.3426
  ep13 step 140/348 loss 0.3430
  ep13 step 160/348 loss 0.3458
  ep13 step 180/348 loss 0.3447
  ep13 step 200/348 loss 0.3448
  ep13 step 220/348 loss 0.3443
  ep13 step 240/348 loss 0.3449
  ep13 step 260/348 loss 0.3441
  ep13 step 280/348 loss 0.3436
  ep13 step 300/348 loss 0.3417
  ep13 step 320/348 loss 0.3419
  ep13 step 340/348 loss 0.3415
[grader] epoch 13/30 loss 0.3412 AUC(ref) 0.8960 QWK 0.7032 acc 0.5615 sens(g>=3) 0.7635
  ep14 step 0/348 loss 0.4309
  ep14 step 20/348 loss 0.3766
  ep14 step 40/348 loss 0.3763
  ep14 step 60/348 loss 0.3597
  ep14 step 80/348 loss 0.3534
  ep14 step 100/348 loss 0.3470
  ep14 step 120/348 loss 0.3487
  ep14 step 140/348 loss 0.3455
  ep14 step 160/348 loss 0.3441
  ep14 step 180/348 loss 0.3405
  ep14 step 200/348 loss 0.3413
  ep14 step 220/348 loss 0.3406
  ep14 step 240/348 loss 0.3365
  ep14 step 260/348 loss 0.3350
  ep14 step 280/348 loss 0.3346
  ep14 step 300/348 loss 0.3338
  ep14 step 320/348 loss 0.3329
  ep14 step 340/348 loss 0.3333
[grader] epoch 14/30 loss 0.3341 AUC(ref) 0.8951 QWK 0.7018 acc 0.5627 sens(g>=3) 0.7676
  ep15 step 0/348 loss 0.3766
  ep15 step 20/348 loss 0.3395
  ep15 step 40/348 loss 0.3509
  ep15 step 60/348 loss 0.3449
  ep15 step 80/348 loss 0.3513
  ep15 step 100/348 loss 0.3495
  ep15 step 120/348 loss 0.3472
  ep15 step 140/348 loss 0.3484
  ep15 step 160/348 loss 0.3485
  ep15 step 180/348 loss 0.3495
  ep15 step 200/348 loss 0.3460
  ep15 step 220/348 loss 0.3456
  ep15 step 240/348 loss 0.3429
  ep15 step 260/348 loss 0.3418
  ep15 step 280/348 loss 0.3399
  ep15 step 300/348 loss 0.3369
  ep15 step 320/348 loss 0.3372
  ep15 step 340/348 loss 0.3382
[grader] epoch 15/30 loss 0.3389 AUC(ref) 0.8952 QWK 0.7065 acc 0.5687 sens(g>=3) 0.7718
  ep16 step 0/348 loss 0.3023
  ep16 step 20/348 loss 0.3507
  ep16 step 40/348 loss 0.3526
  ep16 step 60/348 loss 0.3507
  ep16 step 80/348 loss 0.3415
  ep16 step 100/348 loss 0.3432
  ep16 step 120/348 loss 0.3454
  ep16 step 140/348 loss 0.3474
  ep16 step 160/348 loss 0.3454
  ep16 step 180/348 loss 0.3427
  ep16 step 200/348 loss 0.3377
  ep16 step 220/348 loss 0.3363
  ep16 step 240/348 loss 0.3351
  ep16 step 260/348 loss 0.3344
  ep16 step 280/348 loss 0.3330
  ep16 step 300/348 loss 0.3317
  ep16 step 320/348 loss 0.3312
  ep16 step 340/348 loss 0.3311
[grader] epoch 16/30 loss 0.3307 AUC(ref) 0.8954 QWK 0.7047 acc 0.5719 sens(g>=3) 0.7510
  ep17 step 0/348 loss 0.2393
  ep17 step 20/348 loss 0.3543
  ep17 step 40/348 loss 0.3475
  ep17 step 60/348 loss 0.3324
  ep17 step 80/348 loss 0.3287
  ep17 step 100/348 loss 0.3239
  ep17 step 120/348 loss 0.3246
  ep17 step 140/348 loss 0.3236
  ep17 step 160/348 loss 0.3204
  ep17 step 180/348 loss 0.3208
  ep17 step 200/348 loss 0.3219
  ep17 step 220/348 loss 0.3209
  ep17 step 240/348 loss 0.3235
  ep17 step 260/348 loss 0.3245
  ep17 step 280/348 loss 0.3269
  ep17 step 300/348 loss 0.3285
  ep17 step 320/348 loss 0.3285
  ep17 step 340/348 loss 0.3295
[grader] epoch 17/30 loss 0.3293 AUC(ref) 0.8957 QWK 0.7006 acc 0.5739 sens(g>=3) 0.7469
  ep18 step 0/348 loss 0.3801
  ep18 step 20/348 loss 0.3319
  ep18 step 40/348 loss 0.3412
  ep18 step 60/348 loss 0.3359
  ep18 step 80/348 loss 0.3306
  ep18 step 100/348 loss 0.3220
  ep18 step 120/348 loss 0.3197
  ep18 step 140/348 loss 0.3251
  ep18 step 160/348 loss 0.3228
  ep18 step 180/348 loss 0.3226
  ep18 step 200/348 loss 0.3232
  ep18 step 220/348 loss 0.3222
  ep18 step 240/348 loss 0.3239
  ep18 step 260/348 loss 0.3264
  ep18 step 280/348 loss 0.3253
  ep18 step 300/348 loss 0.3255
  ep18 step 320/348 loss 0.3252
  ep18 step 340/348 loss 0.3252
[grader] epoch 18/30 loss 0.3242 AUC(ref) 0.8949 QWK 0.6987 acc 0.5731 sens(g>=3) 0.7510
  ep19 step 0/348 loss 0.1980
  ep19 step 20/348 loss 0.3226
  ep19 step 40/348 loss 0.3238
  ep19 step 60/348 loss 0.3287
  ep19 step 80/348 loss 0.3283
  ep19 step 100/348 loss 0.3254
  ep19 step 120/348 loss 0.3230
  ep19 step 140/348 loss 0.3263
  ep19 step 160/348 loss 0.3236
  ep19 step 180/348 loss 0.3246
  ep19 step 200/348 loss 0.3263
  ep19 step 220/348 loss 0.3258
  ep19 step 240/348 loss 0.3277
  ep19 step 260/348 loss 0.3281
  ep19 step 280/348 loss 0.3281
  ep19 step 300/348 loss 0.3268
  ep19 step 320/348 loss 0.3279
  ep19 step 340/348 loss 0.3271
[grader] epoch 19/30 loss 0.3274 AUC(ref) 0.8950 QWK 0.7004 acc 0.5703 sens(g>=3) 0.7552
  ep20 step 0/348 loss 0.3279
  ep20 step 20/348 loss 0.3188
  ep20 step 40/348 loss 0.3141
  ep20 step 60/348 loss 0.3141
  ep20 step 80/348 loss 0.3106
  ep20 step 100/348 loss 0.3105
  ep20 step 120/348 loss 0.3117
  ep20 step 140/348 loss 0.3168
  ep20 step 160/348 loss 0.3173
  ep20 step 180/348 loss 0.3162
  ep20 step 200/348 loss 0.3179
  ep20 step 220/348 loss 0.3203
  ep20 step 240/348 loss 0.3205
  ep20 step 260/348 loss 0.3203
  ep20 step 280/348 loss 0.3211
  ep20 step 300/348 loss 0.3208
  ep20 step 320/348 loss 0.3204
  ep20 step 340/348 loss 0.3201
[grader] epoch 20/30 loss 0.3204 AUC(ref) 0.8945 QWK 0.7004 acc 0.5699 sens(g>=3) 0.7552
  ep21 step 0/348 loss 0.4364
  ep21 step 20/348 loss 0.3429
  ep21 step 40/348 loss 0.3199
  ep21 step 60/348 loss 0.3124
  ep21 step 80/348 loss 0.3130
  ep21 step 100/348 loss 0.3136
  ep21 step 120/348 loss 0.3147
  ep21 step 140/348 loss 0.3184
  ep21 step 160/348 loss 0.3181
  ep21 step 180/348 loss 0.3180
  ep21 step 200/348 loss 0.3175
  ep21 step 220/348 loss 0.3208
  ep21 step 240/348 loss 0.3205
  ep21 step 260/348 loss 0.3208
  ep21 step 280/348 loss 0.3217
  ep21 step 300/348 loss 0.3211
  ep21 step 320/348 loss 0.3203
  ep21 step 340/348 loss 0.3192
[grader] epoch 21/30 loss 0.3182 AUC(ref) 0.8940 QWK 0.6991 acc 0.5751 sens(g>=3) 0.7469
  ep22 step 0/348 loss 0.2556
  ep22 step 20/348 loss 0.3239
  ep22 step 40/348 loss 0.3195
  ep22 step 60/348 loss 0.3131
  ep22 step 80/348 loss 0.3160
  ep22 step 100/348 loss 0.3107
  ep22 step 120/348 loss 0.3086
  ep22 step 140/348 loss 0.3103
  ep22 step 160/348 loss 0.3093
  ep22 step 180/348 loss 0.3121
  ep22 step 200/348 loss 0.3130
  ep22 step 220/348 loss 0.3116
  ep22 step 240/348 loss 0.3112
  ep22 step 260/348 loss 0.3110
  ep22 step 280/348 loss 0.3126
  ep22 step 300/348 loss 0.3112
  ep22 step 320/348 loss 0.3129
  ep22 step 340/348 loss 0.3140
[grader] epoch 22/30 loss 0.3146 AUC(ref) 0.8943 QWK 0.6997 acc 0.5767 sens(g>=3) 0.7469
  ep23 step 0/348 loss 0.3146
  ep23 step 20/348 loss 0.3393
  ep23 step 40/348 loss 0.3365
  ep23 step 60/348 loss 0.3375
  ep23 step 80/348 loss 0.3413
  ep23 step 100/348 loss 0.3336
  ep23 step 120/348 loss 0.3329
  ep23 step 140/348 loss 0.3306
  ep23 step 160/348 loss 0.3311
  ep23 step 180/348 loss 0.3266
  ep23 step 200/348 loss 0.3236
  ep23 step 220/348 loss 0.3242
  ep23 step 240/348 loss 0.3231
  ep23 step 260/348 loss 0.3227
  ep23 step 280/348 loss 0.3226
  ep23 step 300/348 loss 0.3221
  ep23 step 320/348 loss 0.3209
  ep23 step 340/348 loss 0.3206
[grader] epoch 23/30 loss 0.3206 AUC(ref) 0.8942 QWK 0.6989 acc 0.5771 sens(g>=3) 0.7469
  ep24 step 0/348 loss 0.2504
  ep24 step 20/348 loss 0.3144
  ep24 step 40/348 loss 0.3242
  ep24 step 60/348 loss 0.3163
  ep24 step 80/348 loss 0.3126
  ep24 step 100/348 loss 0.3152
  ep24 step 120/348 loss 0.3211
  ep24 step 140/348 loss 0.3267
  ep24 step 160/348 loss 0.3288
  ep24 step 180/348 loss 0.3294
  ep24 step 200/348 loss 0.3283
  ep24 step 220/348 loss 0.3273
  ep24 step 240/348 loss 0.3268
  ep24 step 260/348 loss 0.3252
  ep24 step 280/348 loss 0.3237
  ep24 step 300/348 loss 0.3234
  ep24 step 320/348 loss 0.3223
  ep24 step 340/348 loss 0.3207
[grader] epoch 24/30 loss 0.3204 AUC(ref) 0.8938 QWK 0.6978 acc 0.5775 sens(g>=3) 0.7427
  ep25 step 0/348 loss 0.2173
  ep25 step 20/348 loss 0.2926
  ep25 step 40/348 loss 0.3054
  ep25 step 60/348 loss 0.3073
  ep25 step 80/348 loss 0.3086
  ep25 step 100/348 loss 0.3086
  ep25 step 120/348 loss 0.3144
  ep25 step 140/348 loss 0.3202
  ep25 step 160/348 loss 0.3170
  ep25 step 180/348 loss 0.3191
  ep25 step 200/348 loss 0.3175
  ep25 step 220/348 loss 0.3174
  ep25 step 240/348 loss 0.3162
  ep25 step 260/348 loss 0.3168
  ep25 step 280/348 loss 0.3158
  ep25 step 300/348 loss 0.3158
  ep25 step 320/348 loss 0.3150
  ep25 step 340/348 loss 0.3159
[grader] epoch 25/30 loss 0.3161 AUC(ref) 0.8939 QWK 0.6987 acc 0.5783 sens(g>=3) 0.7427
  ep26 step 0/348 loss 0.2455
  ep26 step 20/348 loss 0.3235
  ep26 step 40/348 loss 0.3208
  ep26 step 60/348 loss 0.3137
  ep26 step 80/348 loss 0.3138
  ep26 step 100/348 loss 0.3106
  ep26 step 120/348 loss 0.3199
  ep26 step 140/348 loss 0.3179
  ep26 step 160/348 loss 0.3175
  ep26 step 180/348 loss 0.3197
  ep26 step 200/348 loss 0.3188
  ep26 step 220/348 loss 0.3229
  ep26 step 240/348 loss 0.3224
  ep26 step 260/348 loss 0.3209
  ep26 step 280/348 loss 0.3195
  ep26 step 300/348 loss 0.3206
  ep26 step 320/348 loss 0.3190
  ep26 step 340/348 loss 0.3189
[grader] epoch 26/30 loss 0.3194 AUC(ref) 0.8935 QWK 0.6978 acc 0.5791 sens(g>=3) 0.7469
  ep27 step 0/348 loss 0.3414
  ep27 step 20/348 loss 0.2891
  ep27 step 40/348 loss 0.2994
  ep27 step 60/348 loss 0.3077
  ep27 step 80/348 loss 0.3166
  ep27 step 100/348 loss 0.3212
  ep27 step 120/348 loss 0.3162
  ep27 step 140/348 loss 0.3218
  ep27 step 160/348 loss 0.3190
  ep27 step 180/348 loss 0.3150
  ep27 step 200/348 loss 0.3179
  ep27 step 220/348 loss 0.3182
  ep27 step 240/348 loss 0.3191
  ep27 step 260/348 loss 0.3195
  ep27 step 280/348 loss 0.3183
  ep27 step 300/348 loss 0.3192
  ep27 step 320/348 loss 0.3172
  ep27 step 340/348 loss 0.3172
[grader] epoch 27/30 loss 0.3172 AUC(ref) 0.8934 QWK 0.6972 acc 0.5787 sens(g>=3) 0.7469
  ep28 step 0/348 loss 0.6409
  ep28 step 20/348 loss 0.3681
  ep28 step 40/348 loss 0.3396
  ep28 step 60/348 loss 0.3364
  ep28 step 80/348 loss 0.3284
  ep28 step 100/348 loss 0.3267
  ep28 step 120/348 loss 0.3271
  ep28 step 140/348 loss 0.3254
  ep28 step 160/348 loss 0.3252
  ep28 step 180/348 loss 0.3212
  ep28 step 200/348 loss 0.3180
  ep28 step 220/348 loss 0.3159
  ep28 step 240/348 loss 0.3172
  ep28 step 260/348 loss 0.3185
  ep28 step 280/348 loss 0.3198
  ep28 step 300/348 loss 0.3196
  ep28 step 320/348 loss 0.3183
  ep28 step 340/348 loss 0.3187
[grader] epoch 28/30 loss 0.3187 AUC(ref) 0.8935 QWK 0.6988 acc 0.5799 sens(g>=3) 0.7469
  ep29 step 0/348 loss 0.2622
  ep29 step 20/348 loss 0.3193
  ep29 step 40/348 loss 0.3276
  ep29 step 60/348 loss 0.3279
  ep29 step 80/348 loss 0.3194
  ep29 step 100/348 loss 0.3223
  ep29 step 120/348 loss 0.3252
  ep29 step 140/348 loss 0.3199
  ep29 step 160/348 loss 0.3187
  ep29 step 180/348 loss 0.3209
  ep29 step 200/348 loss 0.3208
  ep29 step 220/348 loss 0.3192
  ep29 step 240/348 loss 0.3190
  ep29 step 260/348 loss 0.3186
  ep29 step 280/348 loss 0.3174
  ep29 step 300/348 loss 0.3162
  ep29 step 320/348 loss 0.3151
  ep29 step 340/348 loss 0.3148
[grader] epoch 29/30 loss 0.3171 AUC(ref) 0.8940 QWK 0.7017 acc 0.5827 sens(g>=3) 0.7469
  ep30 step 0/348 loss 0.3596
  ep30 step 20/348 loss 0.3323
  ep30 step 40/348 loss 0.3179
  ep30 step 60/348 loss 0.3236
  ep30 step 80/348 loss 0.3269
  ep30 step 100/348 loss 0.3195
  ep30 step 120/348 loss 0.3222
  ep30 step 140/348 loss 0.3199
  ep30 step 160/348 loss 0.3156
  ep30 step 180/348 loss 0.3147
  ep30 step 200/348 loss 0.3136
  ep30 step 220/348 loss 0.3127
  ep30 step 240/348 loss 0.3120
  ep30 step 260/348 loss 0.3139
  ep30 step 280/348 loss 0.3142
  ep30 step 300/348 loss 0.3148
  ep30 step 320/348 loss 0.3140
  ep30 step 340/348 loss 0.3148
[grader] epoch 30/30 loss 0.3141 AUC(ref) 0.8943 QWK 0.7023 acc 0.5815 sens(g>=3) 0.7427

Best qwk 0.7076 at epoch 8 (49.4 min)
  at that epoch: AUC(ref) 0.8932  QWK 0.7076  sens(g>=3) 0.7303
  per-grade recall: 0:0.70  1:0.55  2:0.40  3:0.56  4:0.46
Checkpoint: outputs\grader_clinical_ddrseg\best.pt
