Warning: You are sending unauthenticated requests to the HF Hub. Please set a HF_TOKEN to enable higher rate limits and faster downloads.
arm=fusion  train 5578  val 2497
grade distribution (train): [1798, 707, 1798, 376, 899]
parameters: 4.42 M
clinical feature vector: 39 dims
expected batch composition by grade: 0:26.4%  1:16.5%  2:26.4%  3:12.1%  4:18.6%
  ep1 step 0/348 loss 0.6970
  ep1 step 20/348 loss 0.6779
  ep1 step 40/348 loss 0.6688
  ep1 step 60/348 loss 0.6563
  ep1 step 80/348 loss 0.6408
  ep1 step 100/348 loss 0.6239
  ep1 step 120/348 loss 0.6078
  ep1 step 140/348 loss 0.5909
  ep1 step 160/348 loss 0.5776
  ep1 step 180/348 loss 0.5595
  ep1 step 200/348 loss 0.5441
  ep1 step 220/348 loss 0.5314
  ep1 step 240/348 loss 0.5194
  ep1 step 260/348 loss 0.5069
  ep1 step 280/348 loss 0.4965
  ep1 step 300/348 loss 0.4890
  ep1 step 320/348 loss 0.4828
  ep1 step 340/348 loss 0.4738
[grader] epoch 1/30 loss 0.4710 AUC(ref) 0.7959 QWK 0.1126 acc 0.1714 sens(g>=3) 0.0000
  ep2 step 0/348 loss 0.2461
  ep2 step 20/348 loss 0.3495
  ep2 step 40/348 loss 0.3493
  ep2 step 60/348 loss 0.3581
  ep2 step 80/348 loss 0.3485
  ep2 step 100/348 loss 0.3429
  ep2 step 120/348 loss 0.3444
  ep2 step 140/348 loss 0.3446
  ep2 step 160/348 loss 0.3402
  ep2 step 180/348 loss 0.3366
  ep2 step 200/348 loss 0.3316
  ep2 step 220/348 loss 0.3279
  ep2 step 240/348 loss 0.3258
  ep2 step 260/348 loss 0.3261
  ep2 step 280/348 loss 0.3245
  ep2 step 300/348 loss 0.3247
  ep2 step 320/348 loss 0.3221
  ep2 step 340/348 loss 0.3218
[grader] epoch 2/30 loss 0.3228 AUC(ref) 0.9135 QWK 0.3660 acc 0.4493 sens(g>=3) 0.0000
  ep3 step 0/348 loss 0.2254
  ep3 step 20/348 loss 0.2996
  ep3 step 40/348 loss 0.3016
  ep3 step 60/348 loss 0.2970
  ep3 step 80/348 loss 0.2972
  ep3 step 100/348 loss 0.2980
  ep3 step 120/348 loss 0.2954
  ep3 step 140/348 loss 0.2919
  ep3 step 160/348 loss 0.2896
  ep3 step 180/348 loss 0.2907
  ep3 step 200/348 loss 0.2903
  ep3 step 220/348 loss 0.2861
  ep3 step 240/348 loss 0.2845
  ep3 step 260/348 loss 0.2855
  ep3 step 280/348 loss 0.2860
  ep3 step 300/348 loss 0.2858
  ep3 step 320/348 loss 0.2846
  ep3 step 340/348 loss 0.2823
[grader] epoch 3/30 loss 0.2811 AUC(ref) 0.9350 QWK 0.5553 acc 0.5218 sens(g>=3) 0.0871
  ep4 step 0/348 loss 0.2068
  ep4 step 20/348 loss 0.2632
  ep4 step 40/348 loss 0.2549
  ep4 step 60/348 loss 0.2524
  ep4 step 80/348 loss 0.2661
  ep4 step 100/348 loss 0.2621
  ep4 step 120/348 loss 0.2597
  ep4 step 140/348 loss 0.2611
  ep4 step 160/348 loss 0.2574
  ep4 step 180/348 loss 0.2549
  ep4 step 200/348 loss 0.2543
  ep4 step 220/348 loss 0.2517
  ep4 step 240/348 loss 0.2511
  ep4 step 260/348 loss 0.2522
  ep4 step 280/348 loss 0.2515
  ep4 step 300/348 loss 0.2520
  ep4 step 320/348 loss 0.2508
  ep4 step 340/348 loss 0.2502
[grader] epoch 4/30 loss 0.2506 AUC(ref) 0.9473 QWK 0.7086 acc 0.5839 sens(g>=3) 0.4108
  ep5 step 0/348 loss 0.2781
  ep5 step 20/348 loss 0.2090
  ep5 step 40/348 loss 0.2192
  ep5 step 60/348 loss 0.2200
  ep5 step 80/348 loss 0.2162
  ep5 step 100/348 loss 0.2198
  ep5 step 120/348 loss 0.2229
  ep5 step 140/348 loss 0.2229
  ep5 step 160/348 loss 0.2211
  ep5 step 180/348 loss 0.2208
  ep5 step 200/348 loss 0.2213
  ep5 step 220/348 loss 0.2209
  ep5 step 240/348 loss 0.2214
  ep5 step 260/348 loss 0.2224
  ep5 step 280/348 loss 0.2223
  ep5 step 300/348 loss 0.2231
  ep5 step 320/348 loss 0.2218
  ep5 step 340/348 loss 0.2214
[grader] epoch 5/30 loss 0.2219 AUC(ref) 0.9517 QWK 0.7783 acc 0.6380 sens(g>=3) 0.5975
  ep6 step 0/348 loss 0.1749
  ep6 step 20/348 loss 0.2012
  ep6 step 40/348 loss 0.2028
  ep6 step 60/348 loss 0.1938
  ep6 step 80/348 loss 0.1978
  ep6 step 100/348 loss 0.2033
  ep6 step 120/348 loss 0.2038
  ep6 step 140/348 loss 0.2000
  ep6 step 160/348 loss 0.1968
  ep6 step 180/348 loss 0.2005
  ep6 step 200/348 loss 0.2008
  ep6 step 220/348 loss 0.1999
  ep6 step 240/348 loss 0.2007
  ep6 step 260/348 loss 0.2018
  ep6 step 280/348 loss 0.2011
  ep6 step 300/348 loss 0.2015
  ep6 step 320/348 loss 0.1992
  ep6 step 340/348 loss 0.1985
[grader] epoch 6/30 loss 0.1985 AUC(ref) 0.9532 QWK 0.8156 acc 0.6844 sens(g>=3) 0.7012
  ep7 step 0/348 loss 0.1398
  ep7 step 20/348 loss 0.1687
  ep7 step 40/348 loss 0.1862
  ep7 step 60/348 loss 0.1750
  ep7 step 80/348 loss 0.1764
  ep7 step 100/348 loss 0.1744
  ep7 step 120/348 loss 0.1785
  ep7 step 140/348 loss 0.1792
  ep7 step 160/348 loss 0.1792
  ep7 step 180/348 loss 0.1790
  ep7 step 200/348 loss 0.1769
  ep7 step 220/348 loss 0.1768
  ep7 step 240/348 loss 0.1756
  ep7 step 260/348 loss 0.1750
  ep7 step 280/348 loss 0.1740
  ep7 step 300/348 loss 0.1733
  ep7 step 320/348 loss 0.1726
  ep7 step 340/348 loss 0.1704
[grader] epoch 7/30 loss 0.1701 AUC(ref) 0.9539 QWK 0.8334 acc 0.7101 sens(g>=3) 0.7635
  ep8 step 0/348 loss 0.0833
  ep8 step 20/348 loss 0.1385
  ep8 step 40/348 loss 0.1513
  ep8 step 60/348 loss 0.1517
  ep8 step 80/348 loss 0.1506
  ep8 step 100/348 loss 0.1502
  ep8 step 120/348 loss 0.1475
  ep8 step 140/348 loss 0.1470
  ep8 step 160/348 loss 0.1473
  ep8 step 180/348 loss 0.1491
  ep8 step 200/348 loss 0.1492
  ep8 step 220/348 loss 0.1475
  ep8 step 240/348 loss 0.1479
  ep8 step 260/348 loss 0.1469
  ep8 step 280/348 loss 0.1446
  ep8 step 300/348 loss 0.1450
  ep8 step 320/348 loss 0.1442
  ep8 step 340/348 loss 0.1447
[grader] epoch 8/30 loss 0.1446 AUC(ref) 0.9540 QWK 0.8391 acc 0.7229 sens(g>=3) 0.8091
  ep9 step 0/348 loss 0.1922
  ep9 step 20/348 loss 0.1402
  ep9 step 40/348 loss 0.1229
  ep9 step 60/348 loss 0.1304
  ep9 step 80/348 loss 0.1310
  ep9 step 100/348 loss 0.1332
  ep9 step 120/348 loss 0.1344
  ep9 step 140/348 loss 0.1354
  ep9 step 160/348 loss 0.1342
  ep9 step 180/348 loss 0.1333
  ep9 step 200/348 loss 0.1351
  ep9 step 220/348 loss 0.1342
  ep9 step 240/348 loss 0.1336
  ep9 step 260/348 loss 0.1333
  ep9 step 280/348 loss 0.1341
  ep9 step 300/348 loss 0.1335
  ep9 step 320/348 loss 0.1326
  ep9 step 340/348 loss 0.1309
[grader] epoch 9/30 loss 0.1304 AUC(ref) 0.9540 QWK 0.8409 acc 0.7321 sens(g>=3) 0.8174
  ep10 step 0/348 loss 0.1011
  ep10 step 20/348 loss 0.1152
  ep10 step 40/348 loss 0.1165
  ep10 step 60/348 loss 0.1125
  ep10 step 80/348 loss 0.1174
  ep10 step 100/348 loss 0.1216
  ep10 step 120/348 loss 0.1183
  ep10 step 140/348 loss 0.1192
  ep10 step 160/348 loss 0.1173
  ep10 step 180/348 loss 0.1188
  ep10 step 200/348 loss 0.1182
  ep10 step 220/348 loss 0.1168
  ep10 step 240/348 loss 0.1181
  ep10 step 260/348 loss 0.1211
  ep10 step 280/348 loss 0.1213
  ep10 step 300/348 loss 0.1202
  ep10 step 320/348 loss 0.1185
  ep10 step 340/348 loss 0.1172
[grader] epoch 10/30 loss 0.1169 AUC(ref) 0.9532 QWK 0.8433 acc 0.7461 sens(g>=3) 0.8257
  ep11 step 0/348 loss 0.1056
  ep11 step 20/348 loss 0.1281
  ep11 step 40/348 loss 0.1165
  ep11 step 60/348 loss 0.1088
  ep11 step 80/348 loss 0.1094
  ep11 step 100/348 loss 0.1101
  ep11 step 120/348 loss 0.1097
  ep11 step 140/348 loss 0.1094
  ep11 step 160/348 loss 0.1062
  ep11 step 180/348 loss 0.1057
  ep11 step 200/348 loss 0.1041
  ep11 step 220/348 loss 0.1035
  ep11 step 240/348 loss 0.1037
  ep11 step 260/348 loss 0.1033
  ep11 step 280/348 loss 0.1019
  ep11 step 300/348 loss 0.1026
  ep11 step 320/348 loss 0.1026
  ep11 step 340/348 loss 0.1023
[grader] epoch 11/30 loss 0.1023 AUC(ref) 0.9523 QWK 0.8466 acc 0.7481 sens(g>=3) 0.8340
  ep12 step 0/348 loss 0.0319
  ep12 step 20/348 loss 0.1015
  ep12 step 40/348 loss 0.1010
  ep12 step 60/348 loss 0.0956
  ep12 step 80/348 loss 0.0942
  ep12 step 100/348 loss 0.0984
  ep12 step 120/348 loss 0.0968
  ep12 step 140/348 loss 0.0946
  ep12 step 160/348 loss 0.0954
  ep12 step 180/348 loss 0.0949
  ep12 step 200/348 loss 0.0946
  ep12 step 220/348 loss 0.0950
  ep12 step 240/348 loss 0.0959
  ep12 step 260/348 loss 0.0962
  ep12 step 280/348 loss 0.0966
  ep12 step 300/348 loss 0.0957
  ep12 step 320/348 loss 0.0949
  ep12 step 340/348 loss 0.0949
[grader] epoch 12/30 loss 0.0942 AUC(ref) 0.9526 QWK 0.8401 acc 0.7525 sens(g>=3) 0.8340
  ep13 step 0/348 loss 0.0351
  ep13 step 20/348 loss 0.0788
  ep13 step 40/348 loss 0.0830
  ep13 step 60/348 loss 0.0801
  ep13 step 80/348 loss 0.0835
  ep13 step 100/348 loss 0.0873
  ep13 step 120/348 loss 0.0905
  ep13 step 140/348 loss 0.0887
  ep13 step 160/348 loss 0.0898
  ep13 step 180/348 loss 0.0896
  ep13 step 200/348 loss 0.0889
  ep13 step 220/348 loss 0.0891
  ep13 step 240/348 loss 0.0876
  ep13 step 260/348 loss 0.0874
  ep13 step 280/348 loss 0.0885
  ep13 step 300/348 loss 0.0878
  ep13 step 320/348 loss 0.0893
  ep13 step 340/348 loss 0.0886
[grader] epoch 13/30 loss 0.0893 AUC(ref) 0.9525 QWK 0.8434 acc 0.7597 sens(g>=3) 0.8257
  ep14 step 0/348 loss 0.0474
  ep14 step 20/348 loss 0.0876
  ep14 step 40/348 loss 0.0808
  ep14 step 60/348 loss 0.0902
  ep14 step 80/348 loss 0.0916
  ep14 step 100/348 loss 0.0863
  ep14 step 120/348 loss 0.0840
  ep14 step 140/348 loss 0.0849
  ep14 step 160/348 loss 0.0839
  ep14 step 180/348 loss 0.0840
  ep14 step 200/348 loss 0.0830
  ep14 step 220/348 loss 0.0827
  ep14 step 240/348 loss 0.0825
  ep14 step 260/348 loss 0.0812
  ep14 step 280/348 loss 0.0819
  ep14 step 300/348 loss 0.0815
  ep14 step 320/348 loss 0.0825
  ep14 step 340/348 loss 0.0802
[grader] epoch 14/30 loss 0.0801 AUC(ref) 0.9518 QWK 0.8411 acc 0.7593 sens(g>=3) 0.8299
  ep15 step 0/348 loss 0.0931
  ep15 step 20/348 loss 0.0727
  ep15 step 40/348 loss 0.0679
  ep15 step 60/348 loss 0.0637
  ep15 step 80/348 loss 0.0624
  ep15 step 100/348 loss 0.0674
  ep15 step 120/348 loss 0.0704
  ep15 step 140/348 loss 0.0699
  ep15 step 160/348 loss 0.0721
  ep15 step 180/348 loss 0.0722
  ep15 step 200/348 loss 0.0715
  ep15 step 220/348 loss 0.0705
  ep15 step 240/348 loss 0.0703
  ep15 step 260/348 loss 0.0706
  ep15 step 280/348 loss 0.0704
  ep15 step 300/348 loss 0.0694
  ep15 step 320/348 loss 0.0691
  ep15 step 340/348 loss 0.0701
[grader] epoch 15/30 loss 0.0700 AUC(ref) 0.9517 QWK 0.8437 acc 0.7649 sens(g>=3) 0.8216
  ep16 step 0/348 loss 0.0283
  ep16 step 20/348 loss 0.0568
  ep16 step 40/348 loss 0.0563
  ep16 step 60/348 loss 0.0590
  ep16 step 80/348 loss 0.0603
  ep16 step 100/348 loss 0.0606
  ep16 step 120/348 loss 0.0599
  ep16 step 140/348 loss 0.0600
  ep16 step 160/348 loss 0.0586
  ep16 step 180/348 loss 0.0578
  ep16 step 200/348 loss 0.0574
  ep16 step 220/348 loss 0.0600
  ep16 step 240/348 loss 0.0608
  ep16 step 260/348 loss 0.0608
  ep16 step 280/348 loss 0.0614
  ep16 step 300/348 loss 0.0616
  ep16 step 320/348 loss 0.0623
  ep16 step 340/348 loss 0.0620
[grader] epoch 16/30 loss 0.0623 AUC(ref) 0.9508 QWK 0.8405 acc 0.7669 sens(g>=3) 0.8216
  ep17 step 0/348 loss 0.0158
  ep17 step 20/348 loss 0.0579
  ep17 step 40/348 loss 0.0565
  ep17 step 60/348 loss 0.0628
  ep17 step 80/348 loss 0.0588
  ep17 step 100/348 loss 0.0560
  ep17 step 120/348 loss 0.0559
  ep17 step 140/348 loss 0.0572
  ep17 step 160/348 loss 0.0579
  ep17 step 180/348 loss 0.0589
  ep17 step 200/348 loss 0.0614
  ep17 step 220/348 loss 0.0622
  ep17 step 240/348 loss 0.0613
  ep17 step 260/348 loss 0.0606
  ep17 step 280/348 loss 0.0589
  ep17 step 300/348 loss 0.0592
  ep17 step 320/348 loss 0.0586
  ep17 step 340/348 loss 0.0583
[grader] epoch 17/30 loss 0.0584 AUC(ref) 0.9503 QWK 0.8403 acc 0.7677 sens(g>=3) 0.8174
  ep18 step 0/348 loss 0.0194
  ep18 step 20/348 loss 0.0415
  ep18 step 40/348 loss 0.0471
  ep18 step 60/348 loss 0.0401
  ep18 step 80/348 loss 0.0415
  ep18 step 100/348 loss 0.0421
  ep18 step 120/348 loss 0.0435
  ep18 step 140/348 loss 0.0462
  ep18 step 160/348 loss 0.0462
  ep18 step 180/348 loss 0.0468
  ep18 step 200/348 loss 0.0463
  ep18 step 220/348 loss 0.0474
  ep18 step 240/348 loss 0.0468
  ep18 step 260/348 loss 0.0480
  ep18 step 280/348 loss 0.0481
  ep18 step 300/348 loss 0.0481
  ep18 step 320/348 loss 0.0481
  ep18 step 340/348 loss 0.0472
[grader] epoch 18/30 loss 0.0472 AUC(ref) 0.9502 QWK 0.8391 acc 0.7701 sens(g>=3) 0.8174
  ep19 step 0/348 loss 0.0793
  ep19 step 20/348 loss 0.0633
  ep19 step 40/348 loss 0.0596
  ep19 step 60/348 loss 0.0525
  ep19 step 80/348 loss 0.0506
  ep19 step 100/348 loss 0.0491
  ep19 step 120/348 loss 0.0508
  ep19 step 140/348 loss 0.0513
  ep19 step 160/348 loss 0.0499
  ep19 step 180/348 loss 0.0485
  ep19 step 200/348 loss 0.0482
  ep19 step 220/348 loss 0.0483
  ep19 step 240/348 loss 0.0472
  ep19 step 260/348 loss 0.0460
  ep19 step 280/348 loss 0.0460
  ep19 step 300/348 loss 0.0474
  ep19 step 320/348 loss 0.0472
  ep19 step 340/348 loss 0.0467
[grader] epoch 19/30 loss 0.0466 AUC(ref) 0.9501 QWK 0.8383 acc 0.7701 sens(g>=3) 0.8174
  ep20 step 0/348 loss 0.0177
  ep20 step 20/348 loss 0.0503
  ep20 step 40/348 loss 0.0451
  ep20 step 60/348 loss 0.0436
  ep20 step 80/348 loss 0.0418
  ep20 step 100/348 loss 0.0443
  ep20 step 120/348 loss 0.0458
  ep20 step 140/348 loss 0.0446
  ep20 step 160/348 loss 0.0441
  ep20 step 180/348 loss 0.0436
  ep20 step 200/348 loss 0.0440
  ep20 step 220/348 loss 0.0442
  ep20 step 240/348 loss 0.0465
  ep20 step 260/348 loss 0.0472
  ep20 step 280/348 loss 0.0465
  ep20 step 300/348 loss 0.0456
  ep20 step 320/348 loss 0.0452
  ep20 step 340/348 loss 0.0447
[grader] epoch 20/30 loss 0.0448 AUC(ref) 0.9495 QWK 0.8424 acc 0.7721 sens(g>=3) 0.8216
  ep21 step 0/348 loss 0.0689
  ep21 step 20/348 loss 0.0378
  ep21 step 40/348 loss 0.0349
  ep21 step 60/348 loss 0.0350
  ep21 step 80/348 loss 0.0402
  ep21 step 100/348 loss 0.0391
  ep21 step 120/348 loss 0.0388
  ep21 step 140/348 loss 0.0370
  ep21 step 160/348 loss 0.0369
  ep21 step 180/348 loss 0.0360
  ep21 step 200/348 loss 0.0367
  ep21 step 220/348 loss 0.0394
  ep21 step 240/348 loss 0.0396
  ep21 step 260/348 loss 0.0396
  ep21 step 280/348 loss 0.0398
  ep21 step 300/348 loss 0.0402
  ep21 step 320/348 loss 0.0402
  ep21 step 340/348 loss 0.0396
[grader] epoch 21/30 loss 0.0395 AUC(ref) 0.9485 QWK 0.8407 acc 0.7697 sens(g>=3) 0.8133
  ep22 step 0/348 loss 0.0350
  ep22 step 20/348 loss 0.0298
  ep22 step 40/348 loss 0.0261
  ep22 step 60/348 loss 0.0325
  ep22 step 80/348 loss 0.0372
  ep22 step 100/348 loss 0.0381
  ep22 step 120/348 loss 0.0426
  ep22 step 140/348 loss 0.0468
  ep22 step 160/348 loss 0.0456
  ep22 step 180/348 loss 0.0434
  ep22 step 200/348 loss 0.0423
  ep22 step 220/348 loss 0.0424
  ep22 step 240/348 loss 0.0418
  ep22 step 260/348 loss 0.0412
  ep22 step 280/348 loss 0.0401
  ep22 step 300/348 loss 0.0394
  ep22 step 320/348 loss 0.0387
  ep22 step 340/348 loss 0.0385
[grader] epoch 22/30 loss 0.0381 AUC(ref) 0.9492 QWK 0.8400 acc 0.7737 sens(g>=3) 0.8133
  ep23 step 0/348 loss 0.0366
  ep23 step 20/348 loss 0.0440
  ep23 step 40/348 loss 0.0406
  ep23 step 60/348 loss 0.0349
  ep23 step 80/348 loss 0.0366
  ep23 step 100/348 loss 0.0367
  ep23 step 120/348 loss 0.0364
  ep23 step 140/348 loss 0.0357
  ep23 step 160/348 loss 0.0361
  ep23 step 180/348 loss 0.0357
  ep23 step 200/348 loss 0.0343
  ep23 step 220/348 loss 0.0337
  ep23 step 240/348 loss 0.0328
  ep23 step 260/348 loss 0.0324
  ep23 step 280/348 loss 0.0322
  ep23 step 300/348 loss 0.0319
  ep23 step 320/348 loss 0.0328
  ep23 step 340/348 loss 0.0336
[grader] epoch 23/30 loss 0.0336 AUC(ref) 0.9491 QWK 0.8402 acc 0.7741 sens(g>=3) 0.8216
  ep24 step 0/348 loss 0.0050
  ep24 step 20/348 loss 0.0232
  ep24 step 40/348 loss 0.0282
  ep24 step 60/348 loss 0.0321
  ep24 step 80/348 loss 0.0324
  ep24 step 100/348 loss 0.0325
  ep24 step 120/348 loss 0.0347
  ep24 step 140/348 loss 0.0343
  ep24 step 160/348 loss 0.0330
  ep24 step 180/348 loss 0.0320
  ep24 step 200/348 loss 0.0336
  ep24 step 220/348 loss 0.0332
  ep24 step 240/348 loss 0.0338
  ep24 step 260/348 loss 0.0335
  ep24 step 280/348 loss 0.0332
  ep24 step 300/348 loss 0.0333
  ep24 step 320/348 loss 0.0323
  ep24 step 340/348 loss 0.0318
[grader] epoch 24/30 loss 0.0318 AUC(ref) 0.9488 QWK 0.8390 acc 0.7729 sens(g>=3) 0.8216
  ep25 step 0/348 loss 0.0204
  ep25 step 20/348 loss 0.0257
  ep25 step 40/348 loss 0.0322
  ep25 step 60/348 loss 0.0326
  ep25 step 80/348 loss 0.0347
  ep25 step 100/348 loss 0.0325
  ep25 step 120/348 loss 0.0309
  ep25 step 140/348 loss 0.0307
  ep25 step 160/348 loss 0.0311
  ep25 step 180/348 loss 0.0304
  ep25 step 200/348 loss 0.0314
  ep25 step 220/348 loss 0.0323
  ep25 step 240/348 loss 0.0332
  ep25 step 260/348 loss 0.0342
  ep25 step 280/348 loss 0.0331
  ep25 step 300/348 loss 0.0326
  ep25 step 320/348 loss 0.0328
  ep25 step 340/348 loss 0.0326
[grader] epoch 25/30 loss 0.0324 AUC(ref) 0.9488 QWK 0.8365 acc 0.7721 sens(g>=3) 0.8133
  ep26 step 0/348 loss 0.0074
  ep26 step 20/348 loss 0.0377
  ep26 step 40/348 loss 0.0324
  ep26 step 60/348 loss 0.0295
  ep26 step 80/348 loss 0.0284
  ep26 step 100/348 loss 0.0293
  ep26 step 120/348 loss 0.0307
  ep26 step 140/348 loss 0.0325
  ep26 step 160/348 loss 0.0335
  ep26 step 180/348 loss 0.0322
  ep26 step 200/348 loss 0.0317
  ep26 step 220/348 loss 0.0329
  ep26 step 240/348 loss 0.0326
  ep26 step 260/348 loss 0.0324
  ep26 step 280/348 loss 0.0319
  ep26 step 300/348 loss 0.0321
  ep26 step 320/348 loss 0.0322
  ep26 step 340/348 loss 0.0314
[grader] epoch 26/30 loss 0.0311 AUC(ref) 0.9488 QWK 0.8376 acc 0.7717 sens(g>=3) 0.8091
  ep27 step 0/348 loss 0.0201
  ep27 step 20/348 loss 0.0248
  ep27 step 40/348 loss 0.0254
  ep27 step 60/348 loss 0.0318
  ep27 step 80/348 loss 0.0313
  ep27 step 100/348 loss 0.0323
  ep27 step 120/348 loss 0.0304
  ep27 step 140/348 loss 0.0326
  ep27 step 160/348 loss 0.0341
  ep27 step 180/348 loss 0.0339
  ep27 step 200/348 loss 0.0336
  ep27 step 220/348 loss 0.0337
  ep27 step 240/348 loss 0.0327
  ep27 step 260/348 loss 0.0334
  ep27 step 280/348 loss 0.0324
  ep27 step 300/348 loss 0.0320
  ep27 step 320/348 loss 0.0321
  ep27 step 340/348 loss 0.0320
[grader] epoch 27/30 loss 0.0319 AUC(ref) 0.9487 QWK 0.8369 acc 0.7729 sens(g>=3) 0.8008
  ep28 step 0/348 loss 0.0383
  ep28 step 20/348 loss 0.0208
  ep28 step 40/348 loss 0.0261
  ep28 step 60/348 loss 0.0248
  ep28 step 80/348 loss 0.0238
  ep28 step 100/348 loss 0.0270
  ep28 step 120/348 loss 0.0271
  ep28 step 140/348 loss 0.0273
  ep28 step 160/348 loss 0.0267
  ep28 step 180/348 loss 0.0267
  ep28 step 200/348 loss 0.0276
  ep28 step 220/348 loss 0.0292
  ep28 step 240/348 loss 0.0291
  ep28 step 260/348 loss 0.0282
  ep28 step 280/348 loss 0.0288
  ep28 step 300/348 loss 0.0286
  ep28 step 320/348 loss 0.0290
  ep28 step 340/348 loss 0.0287
[grader] epoch 28/30 loss 0.0288 AUC(ref) 0.9489 QWK 0.8377 acc 0.7769 sens(g>=3) 0.7967
  ep29 step 0/348 loss 0.1267
  ep29 step 20/348 loss 0.0323
  ep29 step 40/348 loss 0.0251
  ep29 step 60/348 loss 0.0300
  ep29 step 80/348 loss 0.0290
  ep29 step 100/348 loss 0.0333
  ep29 step 120/348 loss 0.0312
  ep29 step 140/348 loss 0.0303
  ep29 step 160/348 loss 0.0301
  ep29 step 180/348 loss 0.0296
  ep29 step 200/348 loss 0.0310
  ep29 step 220/348 loss 0.0306
  ep29 step 240/348 loss 0.0300
  ep29 step 260/348 loss 0.0296
  ep29 step 280/348 loss 0.0299
  ep29 step 300/348 loss 0.0300
  ep29 step 320/348 loss 0.0302
  ep29 step 340/348 loss 0.0304
[grader] epoch 29/30 loss 0.0302 AUC(ref) 0.9492 QWK 0.8396 acc 0.7797 sens(g>=3) 0.8008
  ep30 step 0/348 loss 0.0424
  ep30 step 20/348 loss 0.0245
  ep30 step 40/348 loss 0.0228
  ep30 step 60/348 loss 0.0257
  ep30 step 80/348 loss 0.0242
  ep30 step 100/348 loss 0.0226
  ep30 step 120/348 loss 0.0249
  ep30 step 140/348 loss 0.0248
  ep30 step 160/348 loss 0.0246
  ep30 step 180/348 loss 0.0243
  ep30 step 200/348 loss 0.0248
  ep30 step 220/348 loss 0.0244
  ep30 step 240/348 loss 0.0254
  ep30 step 260/348 loss 0.0260
  ep30 step 280/348 loss 0.0258
  ep30 step 300/348 loss 0.0260
  ep30 step 320/348 loss 0.0267
  ep30 step 340/348 loss 0.0263
[grader] epoch 30/30 loss 0.0261 AUC(ref) 0.9489 QWK 0.8394 acc 0.7793 sens(g>=3) 0.8008

Best qwk 0.8466 at epoch 11 (53.8 min)
  at that epoch: AUC(ref) 0.9523  QWK 0.8466  sens(g>=3) 0.8340
  per-grade recall: 0:0.82  1:0.64  2:0.67  3:0.59  4:0.76
Checkpoint: outputs\grader_fusion_ddrseg\best.pt
