Warning: You are sending unauthenticated requests to the HF Hub. Please set a HF_TOKEN to enable higher rate limits and faster downloads.
arm=fusion  train 5578  val 2497
grade distribution (train): [1798, 707, 1798, 376, 899]
parameters: 4.42 M
clinical feature vector: 39 dims
expected batch composition by grade: 0:26.4%  1:16.5%  2:26.4%  3:12.1%  4:18.6%
  ep1 step 0/348 loss 0.6484
  ep1 step 20/348 loss 0.6725
  ep1 step 40/348 loss 0.6650
  ep1 step 60/348 loss 0.6479
  ep1 step 80/348 loss 0.6297
  ep1 step 100/348 loss 0.6128
  ep1 step 120/348 loss 0.5978
  ep1 step 140/348 loss 0.5852
  ep1 step 160/348 loss 0.5744
  ep1 step 180/348 loss 0.5612
  ep1 step 200/348 loss 0.5477
  ep1 step 220/348 loss 0.5374
  ep1 step 240/348 loss 0.5292
  ep1 step 260/348 loss 0.5212
  ep1 step 280/348 loss 0.5122
  ep1 step 300/348 loss 0.5044
  ep1 step 320/348 loss 0.4966
  ep1 step 340/348 loss 0.4894
[grader] epoch 1/30 loss 0.4877 AUC(ref) 0.7881 QWK 0.1621 acc 0.4517 sens(g>=3) 0.0000
  ep2 step 0/348 loss 0.4074
  ep2 step 20/348 loss 0.3725
  ep2 step 40/348 loss 0.3793
  ep2 step 60/348 loss 0.3739
  ep2 step 80/348 loss 0.3742
  ep2 step 100/348 loss 0.3680
  ep2 step 120/348 loss 0.3728
  ep2 step 140/348 loss 0.3666
  ep2 step 160/348 loss 0.3664
  ep2 step 180/348 loss 0.3669
  ep2 step 200/348 loss 0.3674
  ep2 step 220/348 loss 0.3677
  ep2 step 240/348 loss 0.3678
  ep2 step 260/348 loss 0.3663
  ep2 step 280/348 loss 0.3669
  ep2 step 300/348 loss 0.3644
  ep2 step 320/348 loss 0.3635
  ep2 step 340/348 loss 0.3614
[grader] epoch 2/30 loss 0.3612 AUC(ref) 0.8772 QWK 0.2366 acc 0.5050 sens(g>=3) 0.0000
  ep3 step 0/348 loss 0.2359
  ep3 step 20/348 loss 0.3348
  ep3 step 40/348 loss 0.3250
  ep3 step 60/348 loss 0.3286
  ep3 step 80/348 loss 0.3299
  ep3 step 100/348 loss 0.3215
  ep3 step 120/348 loss 0.3228
  ep3 step 140/348 loss 0.3213
  ep3 step 160/348 loss 0.3230
  ep3 step 180/348 loss 0.3185
  ep3 step 200/348 loss 0.3157
  ep3 step 220/348 loss 0.3147
  ep3 step 240/348 loss 0.3141
  ep3 step 260/348 loss 0.3125
  ep3 step 280/348 loss 0.3119
  ep3 step 300/348 loss 0.3103
  ep3 step 320/348 loss 0.3075
  ep3 step 340/348 loss 0.3065
[grader] epoch 3/30 loss 0.3062 AUC(ref) 0.9196 QWK 0.4696 acc 0.5451 sens(g>=3) 0.0581
  ep4 step 0/348 loss 0.2378
  ep4 step 20/348 loss 0.2973
  ep4 step 40/348 loss 0.2856
  ep4 step 60/348 loss 0.2803
  ep4 step 80/348 loss 0.2786
  ep4 step 100/348 loss 0.2798
  ep4 step 120/348 loss 0.2802
  ep4 step 140/348 loss 0.2822
  ep4 step 160/348 loss 0.2836
  ep4 step 180/348 loss 0.2816
  ep4 step 200/348 loss 0.2811
  ep4 step 220/348 loss 0.2819
  ep4 step 240/348 loss 0.2806
  ep4 step 260/348 loss 0.2768
  ep4 step 280/348 loss 0.2745
  ep4 step 300/348 loss 0.2728
  ep4 step 320/348 loss 0.2694
  ep4 step 340/348 loss 0.2682
[grader] epoch 4/30 loss 0.2672 AUC(ref) 0.9408 QWK 0.6582 acc 0.6167 sens(g>=3) 0.3361
  ep5 step 0/348 loss 0.3471
  ep5 step 20/348 loss 0.2684
  ep5 step 40/348 loss 0.2654
  ep5 step 60/348 loss 0.2613
  ep5 step 80/348 loss 0.2542
  ep5 step 100/348 loss 0.2512
  ep5 step 120/348 loss 0.2483
  ep5 step 140/348 loss 0.2466
  ep5 step 160/348 loss 0.2473
  ep5 step 180/348 loss 0.2454
  ep5 step 200/348 loss 0.2415
  ep5 step 220/348 loss 0.2375
  ep5 step 240/348 loss 0.2371
  ep5 step 260/348 loss 0.2369
  ep5 step 280/348 loss 0.2377
  ep5 step 300/348 loss 0.2365
  ep5 step 320/348 loss 0.2357
  ep5 step 340/348 loss 0.2339
[grader] epoch 5/30 loss 0.2331 AUC(ref) 0.9511 QWK 0.7426 acc 0.6664 sens(g>=3) 0.5187
  ep6 step 0/348 loss 0.1202
  ep6 step 20/348 loss 0.2229
  ep6 step 40/348 loss 0.2295
  ep6 step 60/348 loss 0.2416
  ep6 step 80/348 loss 0.2361
  ep6 step 100/348 loss 0.2314
  ep6 step 120/348 loss 0.2293
  ep6 step 140/348 loss 0.2298
  ep6 step 160/348 loss 0.2273
  ep6 step 180/348 loss 0.2267
  ep6 step 200/348 loss 0.2231
  ep6 step 220/348 loss 0.2216
  ep6 step 240/348 loss 0.2205
  ep6 step 260/348 loss 0.2199
  ep6 step 280/348 loss 0.2186
  ep6 step 300/348 loss 0.2173
  ep6 step 320/348 loss 0.2148
  ep6 step 340/348 loss 0.2132
[grader] epoch 6/30 loss 0.2130 AUC(ref) 0.9557 QWK 0.7969 acc 0.7085 sens(g>=3) 0.6307
  ep7 step 0/348 loss 0.0651
  ep7 step 20/348 loss 0.1976
  ep7 step 40/348 loss 0.1964
  ep7 step 60/348 loss 0.2050
  ep7 step 80/348 loss 0.2037
  ep7 step 100/348 loss 0.2007
  ep7 step 120/348 loss 0.2029
  ep7 step 140/348 loss 0.2011
  ep7 step 160/348 loss 0.2011
  ep7 step 180/348 loss 0.2017
  ep7 step 200/348 loss 0.1992
  ep7 step 220/348 loss 0.1990
  ep7 step 240/348 loss 0.1975
  ep7 step 260/348 loss 0.1964
  ep7 step 280/348 loss 0.1942
  ep7 step 300/348 loss 0.1931
  ep7 step 320/348 loss 0.1935
  ep7 step 340/348 loss 0.1929
[grader] epoch 7/30 loss 0.1920 AUC(ref) 0.9569 QWK 0.8260 acc 0.7353 sens(g>=3) 0.7095
  ep8 step 0/348 loss 0.2204
  ep8 step 20/348 loss 0.1600
  ep8 step 40/348 loss 0.1677
  ep8 step 60/348 loss 0.1751
  ep8 step 80/348 loss 0.1784
  ep8 step 100/348 loss 0.1810
  ep8 step 120/348 loss 0.1781
  ep8 step 140/348 loss 0.1731
  ep8 step 160/348 loss 0.1722
  ep8 step 180/348 loss 0.1714
  ep8 step 200/348 loss 0.1693
  ep8 step 220/348 loss 0.1668
  ep8 step 240/348 loss 0.1676
  ep8 step 260/348 loss 0.1667
  ep8 step 280/348 loss 0.1657
  ep8 step 300/348 loss 0.1660
  ep8 step 320/348 loss 0.1641
  ep8 step 340/348 loss 0.1638
[grader] epoch 8/30 loss 0.1642 AUC(ref) 0.9577 QWK 0.8378 acc 0.7461 sens(g>=3) 0.7344
  ep9 step 0/348 loss 0.3152
  ep9 step 20/348 loss 0.1593
  ep9 step 40/348 loss 0.1495
  ep9 step 60/348 loss 0.1516
  ep9 step 80/348 loss 0.1548
  ep9 step 100/348 loss 0.1551
  ep9 step 120/348 loss 0.1537
  ep9 step 140/348 loss 0.1506
  ep9 step 160/348 loss 0.1474
  ep9 step 180/348 loss 0.1467
  ep9 step 200/348 loss 0.1445
  ep9 step 220/348 loss 0.1464
  ep9 step 240/348 loss 0.1452
  ep9 step 260/348 loss 0.1471
  ep9 step 280/348 loss 0.1463
  ep9 step 300/348 loss 0.1464
  ep9 step 320/348 loss 0.1435
  ep9 step 340/348 loss 0.1441
[grader] epoch 9/30 loss 0.1442 AUC(ref) 0.9590 QWK 0.8459 acc 0.7605 sens(g>=3) 0.7552
  ep10 step 0/348 loss 0.3801
  ep10 step 20/348 loss 0.1259
  ep10 step 40/348 loss 0.1426
  ep10 step 60/348 loss 0.1306
  ep10 step 80/348 loss 0.1433
  ep10 step 100/348 loss 0.1429
  ep10 step 120/348 loss 0.1480
  ep10 step 140/348 loss 0.1481
  ep10 step 160/348 loss 0.1458
  ep10 step 180/348 loss 0.1462
  ep10 step 200/348 loss 0.1436
  ep10 step 220/348 loss 0.1402
  ep10 step 240/348 loss 0.1408
  ep10 step 260/348 loss 0.1379
  ep10 step 280/348 loss 0.1378
  ep10 step 300/348 loss 0.1370
  ep10 step 320/348 loss 0.1364
  ep10 step 340/348 loss 0.1351
[grader] epoch 10/30 loss 0.1354 AUC(ref) 0.9588 QWK 0.8528 acc 0.7677 sens(g>=3) 0.7967
  ep11 step 0/348 loss 0.1018
  ep11 step 20/348 loss 0.1407
  ep11 step 40/348 loss 0.1335
  ep11 step 60/348 loss 0.1322
  ep11 step 80/348 loss 0.1303
  ep11 step 100/348 loss 0.1255
  ep11 step 120/348 loss 0.1288
  ep11 step 140/348 loss 0.1262
  ep11 step 160/348 loss 0.1249
  ep11 step 180/348 loss 0.1242
  ep11 step 200/348 loss 0.1242
  ep11 step 220/348 loss 0.1217
  ep11 step 240/348 loss 0.1250
  ep11 step 260/348 loss 0.1245
  ep11 step 280/348 loss 0.1231
  ep11 step 300/348 loss 0.1216
  ep11 step 320/348 loss 0.1219
  ep11 step 340/348 loss 0.1207
[grader] epoch 11/30 loss 0.1215 AUC(ref) 0.9597 QWK 0.8566 acc 0.7765 sens(g>=3) 0.8050
  ep12 step 0/348 loss 0.1066
  ep12 step 20/348 loss 0.1020
  ep12 step 40/348 loss 0.1001
  ep12 step 60/348 loss 0.1031
  ep12 step 80/348 loss 0.1064
  ep12 step 100/348 loss 0.1087
  ep12 step 120/348 loss 0.1096
  ep12 step 140/348 loss 0.1126
  ep12 step 160/348 loss 0.1096
  ep12 step 180/348 loss 0.1110
  ep12 step 200/348 loss 0.1106
  ep12 step 220/348 loss 0.1089
  ep12 step 240/348 loss 0.1092
  ep12 step 260/348 loss 0.1107
  ep12 step 280/348 loss 0.1085
  ep12 step 300/348 loss 0.1080
  ep12 step 320/348 loss 0.1067
  ep12 step 340/348 loss 0.1072
[grader] epoch 12/30 loss 0.1073 AUC(ref) 0.9585 QWK 0.8589 acc 0.7789 sens(g>=3) 0.8174
  ep13 step 0/348 loss 0.0390
  ep13 step 20/348 loss 0.0840
  ep13 step 40/348 loss 0.0932
  ep13 step 60/348 loss 0.1000
  ep13 step 80/348 loss 0.0999
  ep13 step 100/348 loss 0.0965
  ep13 step 120/348 loss 0.0966
  ep13 step 140/348 loss 0.0985
  ep13 step 160/348 loss 0.0973
  ep13 step 180/348 loss 0.0981
  ep13 step 200/348 loss 0.0992
  ep13 step 220/348 loss 0.0988
  ep13 step 240/348 loss 0.0974
  ep13 step 260/348 loss 0.0974
  ep13 step 280/348 loss 0.0962
  ep13 step 300/348 loss 0.0950
  ep13 step 320/348 loss 0.0949
  ep13 step 340/348 loss 0.0953
[grader] epoch 13/30 loss 0.0952 AUC(ref) 0.9581 QWK 0.8570 acc 0.7805 sens(g>=3) 0.8216
  ep14 step 0/348 loss 0.0842
  ep14 step 20/348 loss 0.1014
  ep14 step 40/348 loss 0.0927
  ep14 step 60/348 loss 0.1007
  ep14 step 80/348 loss 0.0996
  ep14 step 100/348 loss 0.1010
  ep14 step 120/348 loss 0.0983
  ep14 step 140/348 loss 0.0980
  ep14 step 160/348 loss 0.0982
  ep14 step 180/348 loss 0.0968
  ep14 step 200/348 loss 0.0944
  ep14 step 220/348 loss 0.0944
  ep14 step 240/348 loss 0.0925
  ep14 step 260/348 loss 0.0923
  ep14 step 280/348 loss 0.0937
  ep14 step 300/348 loss 0.0932
  ep14 step 320/348 loss 0.0936
  ep14 step 340/348 loss 0.0931
[grader] epoch 14/30 loss 0.0921 AUC(ref) 0.9578 QWK 0.8566 acc 0.7793 sens(g>=3) 0.8257
  ep15 step 0/348 loss 0.0836
  ep15 step 20/348 loss 0.0986
  ep15 step 40/348 loss 0.0871
  ep15 step 60/348 loss 0.0796
  ep15 step 80/348 loss 0.0788
  ep15 step 100/348 loss 0.0794
  ep15 step 120/348 loss 0.0789
  ep15 step 140/348 loss 0.0772
  ep15 step 160/348 loss 0.0765
  ep15 step 180/348 loss 0.0779
  ep15 step 200/348 loss 0.0775
  ep15 step 220/348 loss 0.0764
  ep15 step 240/348 loss 0.0756
  ep15 step 260/348 loss 0.0760
  ep15 step 280/348 loss 0.0758
  ep15 step 300/348 loss 0.0761
  ep15 step 320/348 loss 0.0749
  ep15 step 340/348 loss 0.0757
[grader] epoch 15/30 loss 0.0757 AUC(ref) 0.9581 QWK 0.8584 acc 0.7837 sens(g>=3) 0.8257
  ep16 step 0/348 loss 0.0220
  ep16 step 20/348 loss 0.0699
  ep16 step 40/348 loss 0.0628
  ep16 step 60/348 loss 0.0712
  ep16 step 80/348 loss 0.0682
  ep16 step 100/348 loss 0.0721
  ep16 step 120/348 loss 0.0689
  ep16 step 140/348 loss 0.0730
  ep16 step 160/348 loss 0.0735
  ep16 step 180/348 loss 0.0740
  ep16 step 200/348 loss 0.0735
  ep16 step 220/348 loss 0.0739
  ep16 step 240/348 loss 0.0736
  ep16 step 260/348 loss 0.0729
  ep16 step 280/348 loss 0.0714
  ep16 step 300/348 loss 0.0704
  ep16 step 320/348 loss 0.0706
  ep16 step 340/348 loss 0.0709
[grader] epoch 16/30 loss 0.0706 AUC(ref) 0.9580 QWK 0.8564 acc 0.7821 sens(g>=3) 0.8133
  ep17 step 0/348 loss 0.0490
  ep17 step 20/348 loss 0.0955
  ep17 step 40/348 loss 0.0772
  ep17 step 60/348 loss 0.0718
  ep17 step 80/348 loss 0.0741
  ep17 step 100/348 loss 0.0707
  ep17 step 120/348 loss 0.0688
  ep17 step 140/348 loss 0.0671
  ep17 step 160/348 loss 0.0664
  ep17 step 180/348 loss 0.0664
  ep17 step 200/348 loss 0.0691
  ep17 step 220/348 loss 0.0701
  ep17 step 240/348 loss 0.0698
  ep17 step 260/348 loss 0.0681
  ep17 step 280/348 loss 0.0668
  ep17 step 300/348 loss 0.0657
  ep17 step 320/348 loss 0.0643
  ep17 step 340/348 loss 0.0646
[grader] epoch 17/30 loss 0.0642 AUC(ref) 0.9577 QWK 0.8523 acc 0.7797 sens(g>=3) 0.8091
  ep18 step 0/348 loss 0.0140
  ep18 step 20/348 loss 0.0449
  ep18 step 40/348 loss 0.0552
  ep18 step 60/348 loss 0.0573
  ep18 step 80/348 loss 0.0557
  ep18 step 100/348 loss 0.0537
  ep18 step 120/348 loss 0.0593
  ep18 step 140/348 loss 0.0585
  ep18 step 160/348 loss 0.0594
  ep18 step 180/348 loss 0.0610
  ep18 step 200/348 loss 0.0604
  ep18 step 220/348 loss 0.0582
  ep18 step 240/348 loss 0.0569
  ep18 step 260/348 loss 0.0551
  ep18 step 280/348 loss 0.0538
  ep18 step 300/348 loss 0.0570
  ep18 step 320/348 loss 0.0571
  ep18 step 340/348 loss 0.0565
[grader] epoch 18/30 loss 0.0563 AUC(ref) 0.9581 QWK 0.8544 acc 0.7813 sens(g>=3) 0.8133
  ep19 step 0/348 loss 0.0296
  ep19 step 20/348 loss 0.0466
  ep19 step 40/348 loss 0.0535
  ep19 step 60/348 loss 0.0574
  ep19 step 80/348 loss 0.0615
  ep19 step 100/348 loss 0.0643
  ep19 step 120/348 loss 0.0625
  ep19 step 140/348 loss 0.0611
  ep19 step 160/348 loss 0.0598
  ep19 step 180/348 loss 0.0579
  ep19 step 200/348 loss 0.0579
  ep19 step 220/348 loss 0.0567
  ep19 step 240/348 loss 0.0548
  ep19 step 260/348 loss 0.0540
  ep19 step 280/348 loss 0.0548
  ep19 step 300/348 loss 0.0538
  ep19 step 320/348 loss 0.0537
  ep19 step 340/348 loss 0.0527
[grader] epoch 19/30 loss 0.0524 AUC(ref) 0.9576 QWK 0.8540 acc 0.7821 sens(g>=3) 0.8091
  ep20 step 0/348 loss 0.0618
  ep20 step 20/348 loss 0.0603
  ep20 step 40/348 loss 0.0484
  ep20 step 60/348 loss 0.0474
  ep20 step 80/348 loss 0.0503
  ep20 step 100/348 loss 0.0536
  ep20 step 120/348 loss 0.0514
  ep20 step 140/348 loss 0.0514
  ep20 step 160/348 loss 0.0512
  ep20 step 180/348 loss 0.0520
  ep20 step 200/348 loss 0.0516
  ep20 step 220/348 loss 0.0501
  ep20 step 240/348 loss 0.0501
  ep20 step 260/348 loss 0.0510
  ep20 step 280/348 loss 0.0506
  ep20 step 300/348 loss 0.0507
  ep20 step 320/348 loss 0.0507
  ep20 step 340/348 loss 0.0504
[grader] epoch 20/30 loss 0.0499 AUC(ref) 0.9572 QWK 0.8527 acc 0.7837 sens(g>=3) 0.8133
  ep21 step 0/348 loss 0.0391
  ep21 step 20/348 loss 0.0356
  ep21 step 40/348 loss 0.0406
  ep21 step 60/348 loss 0.0425
  ep21 step 80/348 loss 0.0548
  ep21 step 100/348 loss 0.0540
  ep21 step 120/348 loss 0.0558
  ep21 step 140/348 loss 0.0533
  ep21 step 160/348 loss 0.0515
  ep21 step 180/348 loss 0.0540
  ep21 step 200/348 loss 0.0531
  ep21 step 220/348 loss 0.0552
  ep21 step 240/348 loss 0.0552
  ep21 step 260/348 loss 0.0556
  ep21 step 280/348 loss 0.0536
  ep21 step 300/348 loss 0.0522
  ep21 step 320/348 loss 0.0514
  ep21 step 340/348 loss 0.0517
[grader] epoch 21/30 loss 0.0518 AUC(ref) 0.9568 QWK 0.8549 acc 0.7881 sens(g>=3) 0.8174
  ep22 step 0/348 loss 0.0234
  ep22 step 20/348 loss 0.0483
  ep22 step 40/348 loss 0.0434
  ep22 step 60/348 loss 0.0429
  ep22 step 80/348 loss 0.0409
  ep22 step 100/348 loss 0.0424
  ep22 step 120/348 loss 0.0412
  ep22 step 140/348 loss 0.0428
  ep22 step 160/348 loss 0.0420
  ep22 step 180/348 loss 0.0413
  ep22 step 200/348 loss 0.0432
  ep22 step 220/348 loss 0.0433
  ep22 step 240/348 loss 0.0426
  ep22 step 260/348 loss 0.0424
  ep22 step 280/348 loss 0.0424
  ep22 step 300/348 loss 0.0422
  ep22 step 320/348 loss 0.0423
  ep22 step 340/348 loss 0.0413
[grader] epoch 22/30 loss 0.0413 AUC(ref) 0.9562 QWK 0.8557 acc 0.7869 sens(g>=3) 0.8174
  ep23 step 0/348 loss 0.0106
  ep23 step 20/348 loss 0.0487
  ep23 step 40/348 loss 0.0507
  ep23 step 60/348 loss 0.0461
  ep23 step 80/348 loss 0.0489
  ep23 step 100/348 loss 0.0444
  ep23 step 120/348 loss 0.0443
  ep23 step 140/348 loss 0.0435
  ep23 step 160/348 loss 0.0433
  ep23 step 180/348 loss 0.0437
  ep23 step 200/348 loss 0.0428
  ep23 step 220/348 loss 0.0433
  ep23 step 240/348 loss 0.0428
  ep23 step 260/348 loss 0.0420
  ep23 step 280/348 loss 0.0433
  ep23 step 300/348 loss 0.0424
  ep23 step 320/348 loss 0.0420
  ep23 step 340/348 loss 0.0418
[grader] epoch 23/30 loss 0.0414 AUC(ref) 0.9556 QWK 0.8563 acc 0.7885 sens(g>=3) 0.8216
  ep24 step 0/348 loss 0.0072
  ep24 step 20/348 loss 0.0420
  ep24 step 40/348 loss 0.0563
  ep24 step 60/348 loss 0.0511
  ep24 step 80/348 loss 0.0479
  ep24 step 100/348 loss 0.0458
  ep24 step 120/348 loss 0.0467
  ep24 step 140/348 loss 0.0451
  ep24 step 160/348 loss 0.0475
  ep24 step 180/348 loss 0.0468
  ep24 step 200/348 loss 0.0463
  ep24 step 220/348 loss 0.0447
  ep24 step 240/348 loss 0.0454
  ep24 step 260/348 loss 0.0434
  ep24 step 280/348 loss 0.0424
  ep24 step 300/348 loss 0.0421
  ep24 step 320/348 loss 0.0421
  ep24 step 340/348 loss 0.0416
[grader] epoch 24/30 loss 0.0412 AUC(ref) 0.9551 QWK 0.8559 acc 0.7889 sens(g>=3) 0.8257
  ep25 step 0/348 loss 0.0104
  ep25 step 20/348 loss 0.0422
  ep25 step 40/348 loss 0.0376
  ep25 step 60/348 loss 0.0335
  ep25 step 80/348 loss 0.0304
  ep25 step 100/348 loss 0.0310
  ep25 step 120/348 loss 0.0347
  ep25 step 140/348 loss 0.0350
  ep25 step 160/348 loss 0.0361
  ep25 step 180/348 loss 0.0354
  ep25 step 200/348 loss 0.0360
  ep25 step 220/348 loss 0.0351
  ep25 step 240/348 loss 0.0356
  ep25 step 260/348 loss 0.0364
  ep25 step 280/348 loss 0.0364
  ep25 step 300/348 loss 0.0359
  ep25 step 320/348 loss 0.0353
  ep25 step 340/348 loss 0.0358
[grader] epoch 25/30 loss 0.0358 AUC(ref) 0.9553 QWK 0.8584 acc 0.7930 sens(g>=3) 0.8133
  ep26 step 0/348 loss 0.0611
  ep26 step 20/348 loss 0.0445
  ep26 step 40/348 loss 0.0432
  ep26 step 60/348 loss 0.0390
  ep26 step 80/348 loss 0.0364
  ep26 step 100/348 loss 0.0362
  ep26 step 120/348 loss 0.0332
  ep26 step 140/348 loss 0.0322
  ep26 step 160/348 loss 0.0330
  ep26 step 180/348 loss 0.0328
  ep26 step 200/348 loss 0.0329
  ep26 step 220/348 loss 0.0325
  ep26 step 240/348 loss 0.0342
  ep26 step 260/348 loss 0.0352
  ep26 step 280/348 loss 0.0345
  ep26 step 300/348 loss 0.0345
  ep26 step 320/348 loss 0.0338
  ep26 step 340/348 loss 0.0342
[grader] epoch 26/30 loss 0.0344 AUC(ref) 0.9562 QWK 0.8597 acc 0.7962 sens(g>=3) 0.8133
  ep27 step 0/348 loss 0.1343
  ep27 step 20/348 loss 0.0450
  ep27 step 40/348 loss 0.0448
  ep27 step 60/348 loss 0.0374
  ep27 step 80/348 loss 0.0399
  ep27 step 100/348 loss 0.0380
  ep27 step 120/348 loss 0.0361
  ep27 step 140/348 loss 0.0359
  ep27 step 160/348 loss 0.0377
  ep27 step 180/348 loss 0.0371
  ep27 step 200/348 loss 0.0377
  ep27 step 220/348 loss 0.0388
  ep27 step 240/348 loss 0.0385
  ep27 step 260/348 loss 0.0386
  ep27 step 280/348 loss 0.0374
  ep27 step 300/348 loss 0.0367
  ep27 step 320/348 loss 0.0374
  ep27 step 340/348 loss 0.0369
[grader] epoch 27/30 loss 0.0369 AUC(ref) 0.9565 QWK 0.8565 acc 0.7938 sens(g>=3) 0.8050
  ep28 step 0/348 loss 0.0773
  ep28 step 20/348 loss 0.0487
  ep28 step 40/348 loss 0.0329
  ep28 step 60/348 loss 0.0324
  ep28 step 80/348 loss 0.0323
  ep28 step 100/348 loss 0.0312
  ep28 step 120/348 loss 0.0293
  ep28 step 140/348 loss 0.0291
  ep28 step 160/348 loss 0.0275
  ep28 step 180/348 loss 0.0284
  ep28 step 200/348 loss 0.0283
  ep28 step 220/348 loss 0.0284
  ep28 step 240/348 loss 0.0287
  ep28 step 260/348 loss 0.0283
  ep28 step 280/348 loss 0.0276
  ep28 step 300/348 loss 0.0276
  ep28 step 320/348 loss 0.0283
  ep28 step 340/348 loss 0.0283
[grader] epoch 28/30 loss 0.0281 AUC(ref) 0.9573 QWK 0.8556 acc 0.7950 sens(g>=3) 0.8008
  ep29 step 0/348 loss 0.0732
  ep29 step 20/348 loss 0.0380
  ep29 step 40/348 loss 0.0384
  ep29 step 60/348 loss 0.0349
  ep29 step 80/348 loss 0.0349
  ep29 step 100/348 loss 0.0346
  ep29 step 120/348 loss 0.0329
  ep29 step 140/348 loss 0.0356
  ep29 step 160/348 loss 0.0344
  ep29 step 180/348 loss 0.0343
  ep29 step 200/348 loss 0.0340
  ep29 step 220/348 loss 0.0350
  ep29 step 240/348 loss 0.0353
  ep29 step 260/348 loss 0.0342
  ep29 step 280/348 loss 0.0350
  ep29 step 300/348 loss 0.0354
  ep29 step 320/348 loss 0.0352
  ep29 step 340/348 loss 0.0363
[grader] epoch 29/30 loss 0.0360 AUC(ref) 0.9572 QWK 0.8573 acc 0.7966 sens(g>=3) 0.7967
  ep30 step 0/348 loss 0.0567
  ep30 step 20/348 loss 0.0366
  ep30 step 40/348 loss 0.0405
  ep30 step 60/348 loss 0.0382
  ep30 step 80/348 loss 0.0388
  ep30 step 100/348 loss 0.0380
  ep30 step 120/348 loss 0.0354
  ep30 step 140/348 loss 0.0352
  ep30 step 160/348 loss 0.0340
  ep30 step 180/348 loss 0.0339
  ep30 step 200/348 loss 0.0343
  ep30 step 220/348 loss 0.0348
  ep30 step 240/348 loss 0.0343
  ep30 step 260/348 loss 0.0341
  ep30 step 280/348 loss 0.0340
  ep30 step 300/348 loss 0.0342
  ep30 step 320/348 loss 0.0338
  ep30 step 340/348 loss 0.0339
[grader] epoch 30/30 loss 0.0340 AUC(ref) 0.9574 QWK 0.8583 acc 0.7962 sens(g>=3) 0.7967

Best qwk 0.8597 at epoch 26 (58.4 min)
  at that epoch: AUC(ref) 0.9562  QWK 0.8597  sens(g>=3) 0.8133
  per-grade recall: 0:0.89  1:0.60  2:0.72  3:0.41  4:0.83
Checkpoint: outputs\grader_fusion_fix\best.pt
