Using the lesion-segmentation splits (seg_train/seg_val).
train 488  val 125  size 1024
U-Net: 4.43 M parameters, 5 lesion channels
pixel-annotated channels: microaneurysm, hemorrhage, hard_exudate, soft_exudate
  !! NO annotation in this cohort for: neovascularization
     excluded from the loss; the pipeline will report them as
     'not assessed' rather than as a negative finding.
  ep1 step 0/162 loss 1.5667
  ep1 step 20/162 loss 1.5244
  ep1 step 40/162 loss 1.5000
  ep1 step 60/162 loss 1.4736
  ep1 step 80/162 loss 1.4494
  ep1 step 100/162 loss 1.4300
  ep1 step 120/162 loss 1.4156
  ep1 step 140/162 loss 1.4008
  ep1 step 160/162 loss 1.3877
C:\Users\yashc\OneDrive\Desktop\SIH- Diabetes\src\drscreen\training.py:190: RuntimeWarning: Mean of empty slice
  per_class = np.nanmean(stacked, axis=0)
[seg] epoch 1/60 loss 1.3871 dice 0.0090 (4 cls) [0.0003, 0.0093, 0.0079, 0.0185, None]
  ep2 step 0/162 loss 1.3034
  ep2 step 20/162 loss 1.2812
  ep2 step 40/162 loss 1.2770
  ep2 step 60/162 loss 1.2693
  ep2 step 80/162 loss 1.2657
  ep2 step 100/162 loss 1.2591
  ep2 step 120/162 loss 1.2538
  ep2 step 140/162 loss 1.2452
  ep2 step 160/162 loss 1.2381
[seg] epoch 2/60 loss 1.2377 dice 0.0080 (4 cls) [0.0003, 0.0058, 0.0152, 0.0108, None]
  ep3 step 0/162 loss 1.2222
  ep3 step 20/162 loss 1.1655
  ep3 step 40/162 loss 1.1636
  ep3 step 60/162 loss 1.1549
  ep3 step 80/162 loss 1.1474
  ep3 step 100/162 loss 1.1423
  ep3 step 120/162 loss 1.1350
  ep3 step 140/162 loss 1.1250
  ep3 step 160/162 loss 1.1164
[seg] epoch 3/60 loss 1.1164 dice 0.0104 (4 cls) [0.0001, 0.003, 0.0199, 0.0187, None]
  ep4 step 0/162 loss 1.0425
  ep4 step 20/162 loss 1.0341
  ep4 step 40/162 loss 1.0274
  ep4 step 60/162 loss 1.0355
  ep4 step 80/162 loss 1.0278
  ep4 step 100/162 loss 1.0215
  ep4 step 120/162 loss 1.0164
  ep4 step 140/162 loss 1.0163
  ep4 step 160/162 loss 1.0138
[seg] epoch 4/60 loss 1.0134 dice 0.0270 (4 cls) [0.0, 0.0005, 0.0506, 0.0568, None]
  ep5 step 0/162 loss 0.9670
  ep5 step 20/162 loss 0.9663
  ep5 step 40/162 loss 0.9667
  ep5 step 60/162 loss 0.9611
  ep5 step 80/162 loss 0.9615
  ep5 step 100/162 loss 0.9610
  ep5 step 120/162 loss 0.9553
  ep5 step 140/162 loss 0.9556
  ep5 step 160/162 loss 0.9557
[seg] epoch 5/60 loss 0.9556 dice 0.0736 (4 cls) [0.0, 0.0001, 0.1654, 0.129, None]
  ep6 step 0/162 loss 0.9898
  ep6 step 20/162 loss 0.9532
  ep6 step 40/162 loss 0.9465
  ep6 step 60/162 loss 0.9395
  ep6 step 80/162 loss 0.9340
  ep6 step 100/162 loss 0.9263
  ep6 step 120/162 loss 0.9236
  ep6 step 140/162 loss 0.9208
  ep6 step 160/162 loss 0.9210
[seg] epoch 6/60 loss 0.9210 dice 0.0931 (4 cls) [0.0, 0.0001, 0.1977, 0.1746, None]
  ep7 step 0/162 loss 0.8987
  ep7 step 20/162 loss 0.8917
  ep7 step 40/162 loss 0.9006
  ep7 step 60/162 loss 0.8988
  ep7 step 80/162 loss 0.8952
  ep7 step 100/162 loss 0.8914
  ep7 step 120/162 loss 0.8901
  ep7 step 140/162 loss 0.8882
  ep7 step 160/162 loss 0.8886
[seg] epoch 7/60 loss 0.8888 dice 0.0961 (4 cls) [0.0, 0.0, 0.2055, 0.1789, None]
  ep8 step 0/162 loss 0.8286
  ep8 step 20/162 loss 0.8476
  ep8 step 40/162 loss 0.8533
  ep8 step 60/162 loss 0.8599
  ep8 step 80/162 loss 0.8566
  ep8 step 100/162 loss 0.8687
  ep8 step 120/162 loss 0.8642
  ep8 step 140/162 loss 0.8588
  ep8 step 160/162 loss 0.8590
[seg] epoch 8/60 loss 0.8587 dice 0.1025 (4 cls) [0.0, 0.0, 0.2214, 0.1887, None]
  ep9 step 0/162 loss 0.7900
  ep9 step 20/162 loss 0.8511
  ep9 step 40/162 loss 0.8538
  ep9 step 60/162 loss 0.8496
  ep9 step 80/162 loss 0.8543
  ep9 step 100/162 loss 0.8507
  ep9 step 120/162 loss 0.8440
  ep9 step 140/162 loss 0.8412
  ep9 step 160/162 loss 0.8385
[seg] epoch 9/60 loss 0.8386 dice 0.1161 (4 cls) [0.0, 0.007, 0.247, 0.2103, None]
  ep10 step 0/162 loss 0.8418
  ep10 step 20/162 loss 0.7822
  ep10 step 40/162 loss 0.7858
  ep10 step 60/162 loss 0.7955
  ep10 step 80/162 loss 0.7994
  ep10 step 100/162 loss 0.8021
  ep10 step 120/162 loss 0.8031
  ep10 step 140/162 loss 0.8095
  ep10 step 160/162 loss 0.8135
[seg] epoch 10/60 loss 0.8129 dice 0.1497 (4 cls) [0.0, 0.0573, 0.2853, 0.2563, None]
  ep11 step 0/162 loss 0.8403
  ep11 step 20/162 loss 0.8008
  ep11 step 40/162 loss 0.8000
  ep11 step 60/162 loss 0.8016
  ep11 step 80/162 loss 0.7942
  ep11 step 100/162 loss 0.7861
  ep11 step 120/162 loss 0.7864
  ep11 step 140/162 loss 0.7880
  ep11 step 160/162 loss 0.7831
[seg] epoch 11/60 loss 0.7830 dice 0.1810 (4 cls) [0.0, 0.0974, 0.3226, 0.3039, None]
  ep12 step 0/162 loss 0.6743
  ep12 step 20/162 loss 0.7600
  ep12 step 40/162 loss 0.7796
  ep12 step 60/162 loss 0.7890
  ep12 step 80/162 loss 0.7718
  ep12 step 100/162 loss 0.7649
  ep12 step 120/162 loss 0.7544
  ep12 step 140/162 loss 0.7551
  ep12 step 160/162 loss 0.7492
[seg] epoch 12/60 loss 0.7491 dice 0.2067 (4 cls) [0.0, 0.1117, 0.3543, 0.3608, None]
  ep13 step 0/162 loss 0.7031
  ep13 step 20/162 loss 0.7399
  ep13 step 40/162 loss 0.7452
  ep13 step 60/162 loss 0.7396
  ep13 step 80/162 loss 0.7207
  ep13 step 100/162 loss 0.7257
  ep13 step 120/162 loss 0.7273
  ep13 step 140/162 loss 0.7278
  ep13 step 160/162 loss 0.7301
[seg] epoch 13/60 loss 0.7296 dice 0.2298 (4 cls) [0.0, 0.1259, 0.3844, 0.4088, None]
  ep14 step 0/162 loss 0.6957
  ep14 step 20/162 loss 0.7325
  ep14 step 40/162 loss 0.7109
  ep14 step 60/162 loss 0.7055
  ep14 step 80/162 loss 0.6955
  ep14 step 100/162 loss 0.6955
  ep14 step 120/162 loss 0.6866
  ep14 step 140/162 loss 0.6853
  ep14 step 160/162 loss 0.6862
[seg] epoch 14/60 loss 0.6853 dice 0.2487 (4 cls) [0.0, 0.1418, 0.4189, 0.4342, None]
  ep15 step 0/162 loss 0.6018
  ep15 step 20/162 loss 0.6928
  ep15 step 40/162 loss 0.6621
  ep15 step 60/162 loss 0.6654
  ep15 step 80/162 loss 0.6606
  ep15 step 100/162 loss 0.6699
  ep15 step 120/162 loss 0.6743
  ep15 step 140/162 loss 0.6726
  ep15 step 160/162 loss 0.6654
[seg] epoch 15/60 loss 0.6655 dice 0.2611 (4 cls) [0.0, 0.1621, 0.4328, 0.4494, None]
  ep16 step 0/162 loss 1.1982
  ep16 step 20/162 loss 0.6549
  ep16 step 40/162 loss 0.6574
  ep16 step 60/162 loss 0.6402
  ep16 step 80/162 loss 0.6449
  ep16 step 100/162 loss 0.6361
  ep16 step 120/162 loss 0.6352
  ep16 step 140/162 loss 0.6474
  ep16 step 160/162 loss 0.6423
[seg] epoch 16/60 loss 0.6427 dice 0.2722 (4 cls) [0.0, 0.1838, 0.4452, 0.4596, None]
  ep17 step 0/162 loss 0.5709
  ep17 step 20/162 loss 0.6201
  ep17 step 40/162 loss 0.6309
  ep17 step 60/162 loss 0.6394
  ep17 step 80/162 loss 0.6400
  ep17 step 100/162 loss 0.6413
  ep17 step 120/162 loss 0.6430
  ep17 step 140/162 loss 0.6377
  ep17 step 160/162 loss 0.6413
[seg] epoch 17/60 loss 0.6410 dice 0.2840 (4 cls) [0.0031, 0.209, 0.4548, 0.4691, None]
  ep18 step 0/162 loss 0.6780
  ep18 step 20/162 loss 0.6983
  ep18 step 40/162 loss 0.6568
  ep18 step 60/162 loss 0.6360
  ep18 step 80/162 loss 0.6250
  ep18 step 100/162 loss 0.6208
  ep18 step 120/162 loss 0.6243
  ep18 step 140/162 loss 0.6197
  ep18 step 160/162 loss 0.6243
[seg] epoch 18/60 loss 0.6242 dice 0.3162 (4 cls) [0.0883, 0.2348, 0.4637, 0.4779, None]
  ep19 step 0/162 loss 0.6082
  ep19 step 20/162 loss 0.5994
  ep19 step 40/162 loss 0.6179
  ep19 step 60/162 loss 0.6335
  ep19 step 80/162 loss 0.6191
  ep19 step 100/162 loss 0.6118
  ep19 step 120/162 loss 0.6157
  ep19 step 140/162 loss 0.6092
  ep19 step 160/162 loss 0.6136
[seg] epoch 19/60 loss 0.6129 dice 0.3564 (4 cls) [0.2034, 0.264, 0.4727, 0.4857, None]
  ep20 step 0/162 loss 0.5357
  ep20 step 20/162 loss 0.6043
  ep20 step 40/162 loss 0.6047
  ep20 step 60/162 loss 0.6111
  ep20 step 80/162 loss 0.6103
  ep20 step 100/162 loss 0.6169
  ep20 step 120/162 loss 0.6094
  ep20 step 140/162 loss 0.6064
  ep20 step 160/162 loss 0.6067
[seg] epoch 20/60 loss 0.6063 dice 0.3877 (4 cls) [0.2876, 0.2938, 0.4792, 0.4903, None]
  ep21 step 0/162 loss 0.5943
  ep21 step 20/162 loss 0.5994
  ep21 step 40/162 loss 0.5979
  ep21 step 60/162 loss 0.5808
  ep21 step 80/162 loss 0.5857
  ep21 step 100/162 loss 0.5981
  ep21 step 120/162 loss 0.6016
  ep21 step 140/162 loss 0.5962
  ep21 step 160/162 loss 0.5952
[seg] epoch 21/60 loss 0.5962 dice 0.4087 (4 cls) [0.3357, 0.3151, 0.4838, 0.5, None]
  ep22 step 0/162 loss 0.5681
  ep22 step 20/162 loss 0.6051
  ep22 step 40/162 loss 0.6128
  ep22 step 60/162 loss 0.6215
  ep22 step 80/162 loss 0.6098
  ep22 step 100/162 loss 0.6148
  ep22 step 120/162 loss 0.6049
  ep22 step 140/162 loss 0.5965
  ep22 step 160/162 loss 0.5983
[seg] epoch 22/60 loss 0.6013 dice 0.4221 (4 cls) [0.3587, 0.3302, 0.4907, 0.5087, None]
  ep23 step 0/162 loss 0.6186
  ep23 step 20/162 loss 0.6047
  ep23 step 40/162 loss 0.5718
  ep23 step 60/162 loss 0.5747
  ep23 step 80/162 loss 0.5917
  ep23 step 100/162 loss 0.5976
  ep23 step 120/162 loss 0.5969
  ep23 step 140/162 loss 0.6015
  ep23 step 160/162 loss 0.5982
[seg] epoch 23/60 loss 0.5970 dice 0.4287 (4 cls) [0.3688, 0.34, 0.497, 0.5091, None]
  ep24 step 0/162 loss 0.7965
  ep24 step 20/162 loss 0.5825
  ep24 step 40/162 loss 0.5696
  ep24 step 60/162 loss 0.5840
  ep24 step 80/162 loss 0.5822
  ep24 step 100/162 loss 0.5866
  ep24 step 120/162 loss 0.5857
  ep24 step 140/162 loss 0.5838
  ep24 step 160/162 loss 0.5828
[seg] epoch 24/60 loss 0.5828 dice 0.4355 (4 cls) [0.3751, 0.3506, 0.5025, 0.5139, None]
  ep25 step 0/162 loss 0.5905
  ep25 step 20/162 loss 0.5761
  ep25 step 40/162 loss 0.5842
  ep25 step 60/162 loss 0.5883
  ep25 step 80/162 loss 0.5839
  ep25 step 100/162 loss 0.5828
  ep25 step 120/162 loss 0.5813
  ep25 step 140/162 loss 0.5811
  ep25 step 160/162 loss 0.5804
[seg] epoch 25/60 loss 0.5798 dice 0.4398 (4 cls) [0.3787, 0.3585, 0.5066, 0.5155, None]
  ep26 step 0/162 loss 0.6099
  ep26 step 20/162 loss 0.6309
  ep26 step 40/162 loss 0.6213
  ep26 step 60/162 loss 0.6166
  ep26 step 80/162 loss 0.5918
  ep26 step 100/162 loss 0.5859
  ep26 step 120/162 loss 0.5771
  ep26 step 140/162 loss 0.5735
  ep26 step 160/162 loss 0.5741
[seg] epoch 26/60 loss 0.5752 dice 0.4438 (4 cls) [0.3809, 0.366, 0.5104, 0.518, None]
  ep27 step 0/162 loss 0.4213
  ep27 step 20/162 loss 0.5731
  ep27 step 40/162 loss 0.5795
  ep27 step 60/162 loss 0.5719
  ep27 step 80/162 loss 0.5750
  ep27 step 100/162 loss 0.5757
  ep27 step 120/162 loss 0.5757
  ep27 step 140/162 loss 0.5788
  ep27 step 160/162 loss 0.5760
[seg] epoch 27/60 loss 0.5753 dice 0.4475 (4 cls) [0.3805, 0.3733, 0.514, 0.5224, None]
  ep28 step 0/162 loss 0.6403
  ep28 step 20/162 loss 0.6445
  ep28 step 40/162 loss 0.6129
  ep28 step 60/162 loss 0.5868
  ep28 step 80/162 loss 0.5828
  ep28 step 100/162 loss 0.5830
  ep28 step 120/162 loss 0.5840
  ep28 step 140/162 loss 0.5772
  ep28 step 160/162 loss 0.5698
[seg] epoch 28/60 loss 0.5701 dice 0.4510 (4 cls) [0.3812, 0.3788, 0.5172, 0.5269, None]
  ep29 step 0/162 loss 0.4436
  ep29 step 20/162 loss 0.5536
  ep29 step 40/162 loss 0.5481
  ep29 step 60/162 loss 0.5609
  ep29 step 80/162 loss 0.5641
  ep29 step 100/162 loss 0.5560
  ep29 step 120/162 loss 0.5541
  ep29 step 140/162 loss 0.5596
  ep29 step 160/162 loss 0.5579
[seg] epoch 29/60 loss 0.5571 dice 0.4543 (4 cls) [0.3818, 0.3843, 0.5207, 0.5304, None]
  ep30 step 0/162 loss 0.3519
  ep30 step 20/162 loss 0.5698
  ep30 step 40/162 loss 0.5548
  ep30 step 60/162 loss 0.5523
  ep30 step 80/162 loss 0.5645
  ep30 step 100/162 loss 0.5543
  ep30 step 120/162 loss 0.5603
  ep30 step 140/162 loss 0.5649
  ep30 step 160/162 loss 0.5641
[seg] epoch 30/60 loss 0.5643 dice 0.4567 (4 cls) [0.382, 0.3897, 0.5239, 0.5314, None]
  ep31 step 0/162 loss 0.4057
  ep31 step 20/162 loss 0.5383
  ep31 step 40/162 loss 0.5256
  ep31 step 60/162 loss 0.5517
  ep31 step 80/162 loss 0.5452
  ep31 step 100/162 loss 0.5437
  ep31 step 120/162 loss 0.5509
  ep31 step 140/162 loss 0.5562
  ep31 step 160/162 loss 0.5549
[seg] epoch 31/60 loss 0.5561 dice 0.4588 (4 cls) [0.3828, 0.394, 0.5255, 0.5329, None]
  ep32 step 0/162 loss 0.5939
  ep32 step 20/162 loss 0.5628
  ep32 step 40/162 loss 0.5415
  ep32 step 60/162 loss 0.5420
  ep32 step 80/162 loss 0.5452
  ep32 step 100/162 loss 0.5399
  ep32 step 120/162 loss 0.5472
  ep32 step 140/162 loss 0.5470
  ep32 step 160/162 loss 0.5474
[seg] epoch 32/60 loss 0.5462 dice 0.4613 (4 cls) [0.3843, 0.398, 0.53, 0.5328, None]
  ep33 step 0/162 loss 0.6872
  ep33 step 20/162 loss 0.5150
  ep33 step 40/162 loss 0.5210
  ep33 step 60/162 loss 0.5411
  ep33 step 80/162 loss 0.5348
  ep33 step 100/162 loss 0.5251
  ep33 step 120/162 loss 0.5280
  ep33 step 140/162 loss 0.5344
  ep33 step 160/162 loss 0.5351
[seg] epoch 33/60 loss 0.5353 dice 0.4637 (4 cls) [0.3847, 0.4028, 0.5344, 0.5331, None]
  ep34 step 0/162 loss 0.4006
  ep34 step 20/162 loss 0.5076
  ep34 step 40/162 loss 0.5171
  ep34 step 60/162 loss 0.5213
  ep34 step 80/162 loss 0.5354
  ep34 step 100/162 loss 0.5401
  ep34 step 120/162 loss 0.5394
  ep34 step 140/162 loss 0.5406
  ep34 step 160/162 loss 0.5381
[seg] epoch 34/60 loss 0.5375 dice 0.4660 (4 cls) [0.3845, 0.4057, 0.5386, 0.5351, None]
  ep35 step 0/162 loss 0.6159
  ep35 step 20/162 loss 0.5950
  ep35 step 40/162 loss 0.5731
  ep35 step 60/162 loss 0.5600
  ep35 step 80/162 loss 0.5518
  ep35 step 100/162 loss 0.5486
  ep35 step 120/162 loss 0.5421
  ep35 step 140/162 loss 0.5354
  ep35 step 160/162 loss 0.5384
[seg] epoch 35/60 loss 0.5384 dice 0.4686 (4 cls) [0.3856, 0.4099, 0.5409, 0.5379, None]
  ep36 step 0/162 loss 0.5493
  ep36 step 20/162 loss 0.4625
  ep36 step 40/162 loss 0.5136
  ep36 step 60/162 loss 0.5257
  ep36 step 80/162 loss 0.5127
  ep36 step 100/162 loss 0.5179
  ep36 step 120/162 loss 0.5238
  ep36 step 140/162 loss 0.5259
  ep36 step 160/162 loss 0.5258
[seg] epoch 36/60 loss 0.5264 dice 0.4708 (4 cls) [0.3862, 0.412, 0.5418, 0.5433, None]
  ep37 step 0/162 loss 0.5437
  ep37 step 20/162 loss 0.5426
  ep37 step 40/162 loss 0.5183
  ep37 step 60/162 loss 0.5248
  ep37 step 80/162 loss 0.5174
  ep37 step 100/162 loss 0.5178
  ep37 step 120/162 loss 0.5198
  ep37 step 140/162 loss 0.5198
  ep37 step 160/162 loss 0.5230
[seg] epoch 37/60 loss 0.5237 dice 0.4723 (4 cls) [0.3865, 0.415, 0.5419, 0.5456, None]
  ep38 step 0/162 loss 0.6002
  ep38 step 20/162 loss 0.5159
  ep38 step 40/162 loss 0.5214
  ep38 step 60/162 loss 0.5331
  ep38 step 80/162 loss 0.5348
  ep38 step 100/162 loss 0.5313
  ep38 step 120/162 loss 0.5327
  ep38 step 140/162 loss 0.5323
  ep38 step 160/162 loss 0.5290
[seg] epoch 38/60 loss 0.5292 dice 0.4736 (4 cls) [0.3875, 0.4165, 0.543, 0.5473, None]
  ep39 step 0/162 loss 0.5466
  ep39 step 20/162 loss 0.5176
  ep39 step 40/162 loss 0.5225
  ep39 step 60/162 loss 0.5190
  ep39 step 80/162 loss 0.5192
  ep39 step 100/162 loss 0.5144
  ep39 step 120/162 loss 0.5123
  ep39 step 140/162 loss 0.5160
  ep39 step 160/162 loss 0.5192
[seg] epoch 39/60 loss 0.5193 dice 0.4739 (4 cls) [0.388, 0.417, 0.5443, 0.5461, None]
  ep40 step 0/162 loss 0.4461
  ep40 step 20/162 loss 0.4843
  ep40 step 40/162 loss 0.5077
  ep40 step 60/162 loss 0.5022
  ep40 step 80/162 loss 0.5165
  ep40 step 100/162 loss 0.5213
  ep40 step 120/162 loss 0.5218
  ep40 step 140/162 loss 0.5186
  ep40 step 160/162 loss 0.5130
[seg] epoch 40/60 loss 0.5134 dice 0.4753 (4 cls) [0.3883, 0.4198, 0.5462, 0.5467, None]
  ep41 step 0/162 loss 0.7190
  ep41 step 20/162 loss 0.5055
  ep41 step 40/162 loss 0.5259
  ep41 step 60/162 loss 0.5234
  ep41 step 80/162 loss 0.5227
  ep41 step 100/162 loss 0.5181
  ep41 step 120/162 loss 0.5148
  ep41 step 140/162 loss 0.5178
  ep41 step 160/162 loss 0.5226
[seg] epoch 41/60 loss 0.5224 dice 0.4763 (4 cls) [0.3888, 0.4231, 0.547, 0.5462, None]
  ep42 step 0/162 loss 0.3975
  ep42 step 20/162 loss 0.5294
  ep42 step 40/162 loss 0.5074
  ep42 step 60/162 loss 0.5028
  ep42 step 80/162 loss 0.5049
  ep42 step 100/162 loss 0.5053
  ep42 step 120/162 loss 0.5069
  ep42 step 140/162 loss 0.5049
  ep42 step 160/162 loss 0.5064
[seg] epoch 42/60 loss 0.5061 dice 0.4782 (4 cls) [0.3899, 0.4274, 0.5485, 0.5471, None]
  ep43 step 0/162 loss 0.9426
  ep43 step 20/162 loss 0.4813
  ep43 step 40/162 loss 0.5210
  ep43 step 60/162 loss 0.5092
  ep43 step 80/162 loss 0.4984
  ep43 step 100/162 loss 0.5042
  ep43 step 120/162 loss 0.5051
  ep43 step 140/162 loss 0.5077
  ep43 step 160/162 loss 0.5088
[seg] epoch 43/60 loss 0.5091 dice 0.4789 (4 cls) [0.3909, 0.4272, 0.55, 0.5476, None]
  ep44 step 0/162 loss 0.4037
  ep44 step 20/162 loss 0.4798
  ep44 step 40/162 loss 0.4854
  ep44 step 60/162 loss 0.4815
  ep44 step 80/162 loss 0.4933
  ep44 step 100/162 loss 0.4967
  ep44 step 120/162 loss 0.5032
  ep44 step 140/162 loss 0.4975
  ep44 step 160/162 loss 0.5007
[seg] epoch 44/60 loss 0.5006 dice 0.4800 (4 cls) [0.3915, 0.4297, 0.5512, 0.5477, None]
  ep45 step 0/162 loss 0.4705
  ep45 step 20/162 loss 0.5418
  ep45 step 40/162 loss 0.5361
  ep45 step 60/162 loss 0.5213
  ep45 step 80/162 loss 0.5295
  ep45 step 100/162 loss 0.5221
  ep45 step 120/162 loss 0.5150
  ep45 step 140/162 loss 0.5083
  ep45 step 160/162 loss 0.5062
[seg] epoch 45/60 loss 0.5057 dice 0.4824 (4 cls) [0.3923, 0.4322, 0.5524, 0.5529, None]
  ep46 step 0/162 loss 0.6089
  ep46 step 20/162 loss 0.4684
  ep46 step 40/162 loss 0.4898
  ep46 step 60/162 loss 0.4989
  ep46 step 80/162 loss 0.4866
  ep46 step 100/162 loss 0.4909
  ep46 step 120/162 loss 0.4963
  ep46 step 140/162 loss 0.4988
  ep46 step 160/162 loss 0.5000
[seg] epoch 46/60 loss 0.4991 dice 0.4847 (4 cls) [0.393, 0.436, 0.5538, 0.5558, None]
  ep47 step 0/162 loss 0.5110
  ep47 step 20/162 loss 0.4798
  ep47 step 40/162 loss 0.4831
  ep47 step 60/162 loss 0.4785
  ep47 step 80/162 loss 0.4828
  ep47 step 100/162 loss 0.4864
  ep47 step 120/162 loss 0.4919
  ep47 step 140/162 loss 0.4914
  ep47 step 160/162 loss 0.4971
[seg] epoch 47/60 loss 0.4974 dice 0.4860 (4 cls) [0.3937, 0.4384, 0.5548, 0.557, None]
  ep48 step 0/162 loss 0.5329
  ep48 step 20/162 loss 0.5060
  ep48 step 40/162 loss 0.4958
  ep48 step 60/162 loss 0.4944
  ep48 step 80/162 loss 0.4820
  ep48 step 100/162 loss 0.4835
  ep48 step 120/162 loss 0.4897
  ep48 step 140/162 loss 0.4891
  ep48 step 160/162 loss 0.4873
[seg] epoch 48/60 loss 0.4870 dice 0.4875 (4 cls) [0.3935, 0.4399, 0.5558, 0.5608, None]
  ep49 step 0/162 loss 0.4168
  ep49 step 20/162 loss 0.4984
  ep49 step 40/162 loss 0.4976
  ep49 step 60/162 loss 0.4940
  ep49 step 80/162 loss 0.4969
  ep49 step 100/162 loss 0.4944
  ep49 step 120/162 loss 0.4882
  ep49 step 140/162 loss 0.4838
  ep49 step 160/162 loss 0.4838
[seg] epoch 49/60 loss 0.4830 dice 0.4892 (4 cls) [0.3936, 0.4417, 0.5567, 0.5646, None]
  ep50 step 0/162 loss 0.4295
  ep50 step 20/162 loss 0.5087
  ep50 step 40/162 loss 0.4972
  ep50 step 60/162 loss 0.4851
  ep50 step 80/162 loss 0.4899
  ep50 step 100/162 loss 0.4902
  ep50 step 120/162 loss 0.4906
  ep50 step 140/162 loss 0.4883
  ep50 step 160/162 loss 0.4909
[seg] epoch 50/60 loss 0.4902 dice 0.4902 (4 cls) [0.3939, 0.4435, 0.5585, 0.565, None]
  ep51 step 0/162 loss 0.4247
  ep51 step 20/162 loss 0.4801
  ep51 step 40/162 loss 0.4829
  ep51 step 60/162 loss 0.4877
  ep51 step 80/162 loss 0.4971
  ep51 step 100/162 loss 0.4911
  ep51 step 120/162 loss 0.4922
  ep51 step 140/162 loss 0.4948
  ep51 step 160/162 loss 0.4986
[seg] epoch 51/60 loss 0.4979 dice 0.4914 (4 cls) [0.3949, 0.4454, 0.5586, 0.5669, None]
  ep52 step 0/162 loss 0.4720
  ep52 step 20/162 loss 0.4642
  ep52 step 40/162 loss 0.4757
  ep52 step 60/162 loss 0.4779
  ep52 step 80/162 loss 0.4821
  ep52 step 100/162 loss 0.4831
  ep52 step 120/162 loss 0.4833
  ep52 step 140/162 loss 0.4819
  ep52 step 160/162 loss 0.4860
[seg] epoch 52/60 loss 0.4866 dice 0.4919 (4 cls) [0.3948, 0.4473, 0.5586, 0.567, None]
  ep53 step 0/162 loss 0.4007
  ep53 step 20/162 loss 0.4720
  ep53 step 40/162 loss 0.5010
  ep53 step 60/162 loss 0.4973
  ep53 step 80/162 loss 0.4996
  ep53 step 100/162 loss 0.4949
  ep53 step 120/162 loss 0.4895
  ep53 step 140/162 loss 0.4914
  ep53 step 160/162 loss 0.4951
[seg] epoch 53/60 loss 0.4944 dice 0.4923 (4 cls) [0.3946, 0.4489, 0.5592, 0.5666, None]
  ep54 step 0/162 loss 0.3720
  ep54 step 20/162 loss 0.4605
  ep54 step 40/162 loss 0.4754
  ep54 step 60/162 loss 0.4816
  ep54 step 80/162 loss 0.4801
  ep54 step 100/162 loss 0.4909
  ep54 step 120/162 loss 0.4924
  ep54 step 140/162 loss 0.4880
  ep54 step 160/162 loss 0.4859
[seg] epoch 54/60 loss 0.4868 dice 0.4921 (4 cls) [0.3945, 0.45, 0.5587, 0.5652, None]
  ep55 step 0/162 loss 0.6686
  ep55 step 20/162 loss 0.5197
  ep55 step 40/162 loss 0.4835
  ep55 step 60/162 loss 0.4824
  ep55 step 80/162 loss 0.4804
  ep55 step 100/162 loss 0.4839
  ep55 step 120/162 loss 0.4758
  ep55 step 140/162 loss 0.4798
  ep55 step 160/162 loss 0.4826
[seg] epoch 55/60 loss 0.4824 dice 0.4930 (4 cls) [0.3953, 0.4516, 0.5592, 0.5661, None]
  ep56 step 0/162 loss 0.4849
  ep56 step 20/162 loss 0.4646
  ep56 step 40/162 loss 0.4841
  ep56 step 60/162 loss 0.4824
  ep56 step 80/162 loss 0.4821
  ep56 step 100/162 loss 0.4795
  ep56 step 120/162 loss 0.4805
  ep56 step 140/162 loss 0.4793
  ep56 step 160/162 loss 0.4772
[seg] epoch 56/60 loss 0.4767 dice 0.4933 (4 cls) [0.3959, 0.4524, 0.5592, 0.5656, None]
  ep57 step 0/162 loss 0.4622
  ep57 step 20/162 loss 0.4606
  ep57 step 40/162 loss 0.4681
  ep57 step 60/162 loss 0.4730
  ep57 step 80/162 loss 0.4721
  ep57 step 100/162 loss 0.4772
  ep57 step 120/162 loss 0.4794
  ep57 step 140/162 loss 0.4777
  ep57 step 160/162 loss 0.4785
[seg] epoch 57/60 loss 0.4783 dice 0.4937 (4 cls) [0.3963, 0.4534, 0.5597, 0.5655, None]
  ep58 step 0/162 loss 0.3073
  ep58 step 20/162 loss 0.4682
  ep58 step 40/162 loss 0.4906
  ep58 step 60/162 loss 0.4941
  ep58 step 80/162 loss 0.4806
  ep58 step 100/162 loss 0.4844
  ep58 step 120/162 loss 0.4829
  ep58 step 140/162 loss 0.4790
  ep58 step 160/162 loss 0.4818
[seg] epoch 58/60 loss 0.4819 dice 0.4943 (4 cls) [0.3964, 0.4547, 0.5609, 0.5653, None]
  ep59 step 0/162 loss 0.6012
  ep59 step 20/162 loss 0.5267
  ep59 step 40/162 loss 0.4879
  ep59 step 60/162 loss 0.4841
  ep59 step 80/162 loss 0.4769
  ep59 step 100/162 loss 0.4782
  ep59 step 120/162 loss 0.4799
  ep59 step 140/162 loss 0.4741
  ep59 step 160/162 loss 0.4768
[seg] epoch 59/60 loss 0.4758 dice 0.4943 (4 cls) [0.3963, 0.4559, 0.5613, 0.5635, None]
  ep60 step 0/162 loss 0.5345
  ep60 step 20/162 loss 0.4622
  ep60 step 40/162 loss 0.4818
  ep60 step 60/162 loss 0.4794
  ep60 step 80/162 loss 0.4783
  ep60 step 100/162 loss 0.4857
  ep60 step 120/162 loss 0.4822
  ep60 step 140/162 loss 0.4883
  ep60 step 160/162 loss 0.4871
[seg] epoch 60/60 loss 0.4863 dice 0.4943 (4 cls) [0.3963, 0.4569, 0.5614, 0.5627, None]

Best mean Dice 0.4943 at epoch 60 (61.8 min)
Checkpoint: outputs\segmentation_ddr\best.pt
