arm=cnn  train 5941  val 1860  classes 5
grade distribution (train): [1840, 926, 1840, 415, 920]
parameters: 4.34 M
clinical feature vector: 39 dims
expected batch composition by grade: 0:25.7%  1:18.2%  2:25.7%  3:12.2%  4:18.2%
  ep1 step 0/371 loss 0.7096
  ep1 step 20/371 loss 0.6969
  ep1 step 40/371 loss 0.6910
  ep1 step 60/371 loss 0.6812
  ep1 step 80/371 loss 0.6688
  ep1 step 100/371 loss 0.6533
  ep1 step 120/371 loss 0.6375
  ep1 step 140/371 loss 0.6253
  ep1 step 160/371 loss 0.6088
  ep1 step 180/371 loss 0.5959
  ep1 step 200/371 loss 0.5822
  ep1 step 220/371 loss 0.5694
  ep1 step 240/371 loss 0.5576
  ep1 step 260/371 loss 0.5453
  ep1 step 280/371 loss 0.5378
  ep1 step 300/371 loss 0.5277
  ep1 step 320/371 loss 0.5206
  ep1 step 340/371 loss 0.5140
  ep1 step 360/371 loss 0.5092
[grader] epoch 1/30 loss 0.5055 AUC(ref) 0.7653 QWK 0.0362 acc 0.1409 sens(g>=3) 0.0000
  ep2 step 0/371 loss 0.2554
  ep2 step 20/371 loss 0.3726
  ep2 step 40/371 loss 0.4089
  ep2 step 60/371 loss 0.3989
  ep2 step 80/371 loss 0.3971
  ep2 step 100/371 loss 0.3971
  ep2 step 120/371 loss 0.3946
  ep2 step 140/371 loss 0.3914
  ep2 step 160/371 loss 0.3881
  ep2 step 180/371 loss 0.3821
  ep2 step 200/371 loss 0.3846
  ep2 step 220/371 loss 0.3829
  ep2 step 240/371 loss 0.3784
  ep2 step 260/371 loss 0.3772
  ep2 step 280/371 loss 0.3754
  ep2 step 300/371 loss 0.3732
  ep2 step 320/371 loss 0.3719
  ep2 step 340/371 loss 0.3724
  ep2 step 360/371 loss 0.3705
[grader] epoch 2/30 loss 0.3683 AUC(ref) 0.8290 QWK 0.2780 acc 0.4398 sens(g>=3) 0.0000
  ep3 step 0/371 loss 0.3614
  ep3 step 20/371 loss 0.3423
  ep3 step 40/371 loss 0.3306
  ep3 step 60/371 loss 0.3398
  ep3 step 80/371 loss 0.3366
  ep3 step 100/371 loss 0.3298
  ep3 step 120/371 loss 0.3273
  ep3 step 140/371 loss 0.3268
  ep3 step 160/371 loss 0.3270
  ep3 step 180/371 loss 0.3208
  ep3 step 200/371 loss 0.3184
  ep3 step 220/371 loss 0.3154
  ep3 step 240/371 loss 0.3140
  ep3 step 260/371 loss 0.3097
  ep3 step 280/371 loss 0.3083
  ep3 step 300/371 loss 0.3072
  ep3 step 320/371 loss 0.3068
  ep3 step 340/371 loss 0.3061
  ep3 step 360/371 loss 0.3038
[grader] epoch 3/30 loss 0.3033 AUC(ref) 0.8714 QWK 0.3283 acc 0.4677 sens(g>=3) 0.0075
  ep4 step 0/371 loss 0.1902
  ep4 step 20/371 loss 0.2533
  ep4 step 40/371 loss 0.2594
  ep4 step 60/371 loss 0.2709
  ep4 step 80/371 loss 0.2774
  ep4 step 100/371 loss 0.2779
  ep4 step 120/371 loss 0.2774
  ep4 step 140/371 loss 0.2787
  ep4 step 160/371 loss 0.2825
  ep4 step 180/371 loss 0.2830
  ep4 step 200/371 loss 0.2791
  ep4 step 220/371 loss 0.2760
  ep4 step 240/371 loss 0.2777
  ep4 step 260/371 loss 0.2780
  ep4 step 280/371 loss 0.2773
  ep4 step 300/371 loss 0.2774
  ep4 step 320/371 loss 0.2763
  ep4 step 340/371 loss 0.2754
  ep4 step 360/371 loss 0.2758
[grader] epoch 4/30 loss 0.2757 AUC(ref) 0.9093 QWK 0.4997 acc 0.5140 sens(g>=3) 0.2164
  ep5 step 0/371 loss 0.1670
  ep5 step 20/371 loss 0.2458
  ep5 step 40/371 loss 0.2570
  ep5 step 60/371 loss 0.2448
  ep5 step 80/371 loss 0.2464
  ep5 step 100/371 loss 0.2472
  ep5 step 120/371 loss 0.2477
  ep5 step 140/371 loss 0.2421
  ep5 step 160/371 loss 0.2412
  ep5 step 180/371 loss 0.2404
  ep5 step 200/371 loss 0.2395
  ep5 step 220/371 loss 0.2413
  ep5 step 240/371 loss 0.2413
  ep5 step 260/371 loss 0.2395
  ep5 step 280/371 loss 0.2389
  ep5 step 300/371 loss 0.2370
  ep5 step 320/371 loss 0.2361
  ep5 step 340/371 loss 0.2360
  ep5 step 360/371 loss 0.2375
[grader] epoch 5/30 loss 0.2367 AUC(ref) 0.9278 QWK 0.6718 acc 0.5753 sens(g>=3) 0.4366
  ep6 step 0/371 loss 0.2096
  ep6 step 20/371 loss 0.2130
  ep6 step 40/371 loss 0.2338
  ep6 step 60/371 loss 0.2377
  ep6 step 80/371 loss 0.2367
  ep6 step 100/371 loss 0.2406
  ep6 step 120/371 loss 0.2407
  ep6 step 140/371 loss 0.2387
  ep6 step 160/371 loss 0.2393
  ep6 step 180/371 loss 0.2384
  ep6 step 200/371 loss 0.2379
  ep6 step 220/371 loss 0.2354
  ep6 step 240/371 loss 0.2349
  ep6 step 260/371 loss 0.2352
  ep6 step 280/371 loss 0.2331
  ep6 step 300/371 loss 0.2320
  ep6 step 320/371 loss 0.2327
  ep6 step 340/371 loss 0.2305
  ep6 step 360/371 loss 0.2282
[grader] epoch 6/30 loss 0.2269 AUC(ref) 0.9376 QWK 0.7457 acc 0.6290 sens(g>=3) 0.5224
  ep7 step 0/371 loss 0.2507
  ep7 step 20/371 loss 0.2377
  ep7 step 40/371 loss 0.2281
  ep7 step 60/371 loss 0.2260
  ep7 step 80/371 loss 0.2123
  ep7 step 100/371 loss 0.2067
  ep7 step 120/371 loss 0.2071
  ep7 step 140/371 loss 0.2095
  ep7 step 160/371 loss 0.2087
  ep7 step 180/371 loss 0.2072
  ep7 step 200/371 loss 0.2072
  ep7 step 220/371 loss 0.2056
  ep7 step 240/371 loss 0.2052
  ep7 step 260/371 loss 0.2073
  ep7 step 280/371 loss 0.2065
  ep7 step 300/371 loss 0.2059
  ep7 step 320/371 loss 0.2040
  ep7 step 340/371 loss 0.2029
  ep7 step 360/371 loss 0.2021
[grader] epoch 7/30 loss 0.2018 AUC(ref) 0.9444 QWK 0.7842 acc 0.6640 sens(g>=3) 0.5858
  ep8 step 0/371 loss 0.1296
  ep8 step 20/371 loss 0.1968
  ep8 step 40/371 loss 0.1822
  ep8 step 60/371 loss 0.1853
  ep8 step 80/371 loss 0.1828
  ep8 step 100/371 loss 0.1736
  ep8 step 120/371 loss 0.1730
  ep8 step 140/371 loss 0.1723
  ep8 step 160/371 loss 0.1758
  ep8 step 180/371 loss 0.1732
  ep8 step 200/371 loss 0.1747
  ep8 step 220/371 loss 0.1744
  ep8 step 240/371 loss 0.1744
  ep8 step 260/371 loss 0.1740
  ep8 step 280/371 loss 0.1722
  ep8 step 300/371 loss 0.1719
  ep8 step 320/371 loss 0.1723
  ep8 step 340/371 loss 0.1710
  ep8 step 360/371 loss 0.1718
[grader] epoch 8/30 loss 0.1723 AUC(ref) 0.9465 QWK 0.8108 acc 0.6957 sens(g>=3) 0.6418
  ep9 step 0/371 loss 0.1006
  ep9 step 20/371 loss 0.1592
  ep9 step 40/371 loss 0.1519
  ep9 step 60/371 loss 0.1550
  ep9 step 80/371 loss 0.1589
  ep9 step 100/371 loss 0.1617
  ep9 step 120/371 loss 0.1631
  ep9 step 140/371 loss 0.1619
  ep9 step 160/371 loss 0.1664
  ep9 step 180/371 loss 0.1645
  ep9 step 200/371 loss 0.1638
  ep9 step 220/371 loss 0.1622
  ep9 step 240/371 loss 0.1661
  ep9 step 260/371 loss 0.1657
  ep9 step 280/371 loss 0.1654
  ep9 step 300/371 loss 0.1665
  ep9 step 320/371 loss 0.1655
  ep9 step 340/371 loss 0.1660
  ep9 step 360/371 loss 0.1647
[grader] epoch 9/30 loss 0.1642 AUC(ref) 0.9481 QWK 0.8356 acc 0.7215 sens(g>=3) 0.6978
  ep10 step 0/371 loss 0.1807
  ep10 step 20/371 loss 0.1555
  ep10 step 40/371 loss 0.1666
  ep10 step 60/371 loss 0.1623
  ep10 step 80/371 loss 0.1595
  ep10 step 100/371 loss 0.1594
  ep10 step 120/371 loss 0.1573
  ep10 step 140/371 loss 0.1611
  ep10 step 160/371 loss 0.1640
  ep10 step 180/371 loss 0.1618
  ep10 step 200/371 loss 0.1603
  ep10 step 220/371 loss 0.1583
  ep10 step 240/371 loss 0.1566
  ep10 step 260/371 loss 0.1540
  ep10 step 280/371 loss 0.1531
  ep10 step 300/371 loss 0.1528
  ep10 step 320/371 loss 0.1509
  ep10 step 340/371 loss 0.1499
  ep10 step 360/371 loss 0.1497
[grader] epoch 10/30 loss 0.1500 AUC(ref) 0.9493 QWK 0.8481 acc 0.7323 sens(g>=3) 0.7425
  ep11 step 0/371 loss 0.2101
  ep11 step 20/371 loss 0.1149
  ep11 step 40/371 loss 0.1085
  ep11 step 60/371 loss 0.1170
  ep11 step 80/371 loss 0.1252
  ep11 step 100/371 loss 0.1235
  ep11 step 120/371 loss 0.1290
  ep11 step 140/371 loss 0.1291
  ep11 step 160/371 loss 0.1288
  ep11 step 180/371 loss 0.1279
  ep11 step 200/371 loss 0.1290
  ep11 step 220/371 loss 0.1276
  ep11 step 240/371 loss 0.1268
  ep11 step 260/371 loss 0.1294
  ep11 step 280/371 loss 0.1305
  ep11 step 300/371 loss 0.1297
  ep11 step 320/371 loss 0.1287
  ep11 step 340/371 loss 0.1280
  ep11 step 360/371 loss 0.1272
[grader] epoch 11/30 loss 0.1276 AUC(ref) 0.9508 QWK 0.8527 acc 0.7392 sens(g>=3) 0.7500
  ep12 step 0/371 loss 0.1516
  ep12 step 20/371 loss 0.1249
  ep12 step 40/371 loss 0.1281
  ep12 step 60/371 loss 0.1276
  ep12 step 80/371 loss 0.1270
  ep12 step 100/371 loss 0.1340
  ep12 step 120/371 loss 0.1340
  ep12 step 140/371 loss 0.1311
  ep12 step 160/371 loss 0.1306
  ep12 step 180/371 loss 0.1273
  ep12 step 200/371 loss 0.1256
  ep12 step 220/371 loss 0.1242
  ep12 step 240/371 loss 0.1230
  ep12 step 260/371 loss 0.1209
  ep12 step 280/371 loss 0.1205
  ep12 step 300/371 loss 0.1202
  ep12 step 320/371 loss 0.1204
  ep12 step 340/371 loss 0.1191
  ep12 step 360/371 loss 0.1195
[grader] epoch 12/30 loss 0.1196 AUC(ref) 0.9525 QWK 0.8545 acc 0.7398 sens(g>=3) 0.7612
  ep13 step 0/371 loss 0.1469
  ep13 step 20/371 loss 0.0979
  ep13 step 40/371 loss 0.1014
  ep13 step 60/371 loss 0.1187
  ep13 step 80/371 loss 0.1113
  ep13 step 100/371 loss 0.1096
  ep13 step 120/371 loss 0.1111
  ep13 step 140/371 loss 0.1121
  ep13 step 160/371 loss 0.1121
  ep13 step 180/371 loss 0.1146
  ep13 step 200/371 loss 0.1134
  ep13 step 220/371 loss 0.1145
  ep13 step 240/371 loss 0.1131
  ep13 step 260/371 loss 0.1139
  ep13 step 280/371 loss 0.1130
  ep13 step 300/371 loss 0.1140
  ep13 step 320/371 loss 0.1139
  ep13 step 340/371 loss 0.1139
  ep13 step 360/371 loss 0.1134
[grader] epoch 13/30 loss 0.1124 AUC(ref) 0.9528 QWK 0.8566 acc 0.7452 sens(g>=3) 0.7724
  ep14 step 0/371 loss 0.1463
  ep14 step 20/371 loss 0.1366
  ep14 step 40/371 loss 0.1254
  ep14 step 60/371 loss 0.1228
  ep14 step 80/371 loss 0.1152
  ep14 step 100/371 loss 0.1142
  ep14 step 120/371 loss 0.1082
  ep14 step 140/371 loss 0.1047
  ep14 step 160/371 loss 0.1052
  ep14 step 180/371 loss 0.1012
  ep14 step 200/371 loss 0.1005
  ep14 step 220/371 loss 0.0985
  ep14 step 240/371 loss 0.0965
  ep14 step 260/371 loss 0.0965
  ep14 step 280/371 loss 0.0955
  ep14 step 300/371 loss 0.0967
  ep14 step 320/371 loss 0.0973
  ep14 step 340/371 loss 0.0971
  ep14 step 360/371 loss 0.0976
[grader] epoch 14/30 loss 0.0972 AUC(ref) 0.9531 QWK 0.8589 acc 0.7489 sens(g>=3) 0.7873
  ep15 step 0/371 loss 0.0321
  ep15 step 20/371 loss 0.1017
  ep15 step 40/371 loss 0.1011
  ep15 step 60/371 loss 0.1082
  ep15 step 80/371 loss 0.1038
  ep15 step 100/371 loss 0.1012
  ep15 step 120/371 loss 0.1017
  ep15 step 140/371 loss 0.0985
  ep15 step 160/371 loss 0.0961
  ep15 step 180/371 loss 0.0957
  ep15 step 200/371 loss 0.0984
  ep15 step 220/371 loss 0.0995
  ep15 step 240/371 loss 0.0995
  ep15 step 260/371 loss 0.0983
  ep15 step 280/371 loss 0.0980
  ep15 step 300/371 loss 0.0965
  ep15 step 320/371 loss 0.0955
  ep15 step 340/371 loss 0.0959
  ep15 step 360/371 loss 0.0951
[grader] epoch 15/30 loss 0.0950 AUC(ref) 0.9529 QWK 0.8601 acc 0.7511 sens(g>=3) 0.7948
  ep16 step 0/371 loss 0.1378
  ep16 step 20/371 loss 0.1057
  ep16 step 40/371 loss 0.0926
  ep16 step 60/371 loss 0.0943
  ep16 step 80/371 loss 0.0920
  ep16 step 100/371 loss 0.0888
  ep16 step 120/371 loss 0.0870
  ep16 step 140/371 loss 0.0853
  ep16 step 160/371 loss 0.0895
  ep16 step 180/371 loss 0.0876
  ep16 step 200/371 loss 0.0844
  ep16 step 220/371 loss 0.0829
  ep16 step 240/371 loss 0.0825
  ep16 step 260/371 loss 0.0830
  ep16 step 280/371 loss 0.0817
  ep16 step 300/371 loss 0.0810
  ep16 step 320/371 loss 0.0792
  ep16 step 340/371 loss 0.0787
  ep16 step 360/371 loss 0.0802
[grader] epoch 16/30 loss 0.0805 AUC(ref) 0.9530 QWK 0.8582 acc 0.7527 sens(g>=3) 0.7873
  ep17 step 0/371 loss 0.0271
  ep17 step 20/371 loss 0.0902
  ep17 step 40/371 loss 0.0779
  ep17 step 60/371 loss 0.0765
  ep17 step 80/371 loss 0.0756
  ep17 step 100/371 loss 0.0738
  ep17 step 120/371 loss 0.0728
  ep17 step 140/371 loss 0.0732
  ep17 step 160/371 loss 0.0747
  ep17 step 180/371 loss 0.0728
  ep17 step 200/371 loss 0.0731
  ep17 step 220/371 loss 0.0729
  ep17 step 240/371 loss 0.0721
  ep17 step 260/371 loss 0.0727
  ep17 step 280/371 loss 0.0746
  ep17 step 300/371 loss 0.0751
  ep17 step 320/371 loss 0.0749
  ep17 step 340/371 loss 0.0737
  ep17 step 360/371 loss 0.0748
[grader] epoch 17/30 loss 0.0750 AUC(ref) 0.9531 QWK 0.8578 acc 0.7543 sens(g>=3) 0.8022
  ep18 step 0/371 loss 0.0747
  ep18 step 20/371 loss 0.0817
  ep18 step 40/371 loss 0.0826
  ep18 step 60/371 loss 0.0756
  ep18 step 80/371 loss 0.0789
  ep18 step 100/371 loss 0.0782
  ep18 step 120/371 loss 0.0754
  ep18 step 140/371 loss 0.0749
  ep18 step 160/371 loss 0.0733
  ep18 step 180/371 loss 0.0712
  ep18 step 200/371 loss 0.0707
  ep18 step 220/371 loss 0.0718
  ep18 step 240/371 loss 0.0697
  ep18 step 260/371 loss 0.0694
  ep18 step 280/371 loss 0.0681
  ep18 step 300/371 loss 0.0684
  ep18 step 320/371 loss 0.0677
  ep18 step 340/371 loss 0.0691
  ep18 step 360/371 loss 0.0682
[grader] epoch 18/30 loss 0.0686 AUC(ref) 0.9532 QWK 0.8586 acc 0.7500 sens(g>=3) 0.7910
  ep19 step 0/371 loss 0.0162
  ep19 step 20/371 loss 0.0654
  ep19 step 40/371 loss 0.0583
  ep19 step 60/371 loss 0.0569
  ep19 step 80/371 loss 0.0594
  ep19 step 100/371 loss 0.0624
  ep19 step 120/371 loss 0.0645
  ep19 step 140/371 loss 0.0622
  ep19 step 160/371 loss 0.0629
  ep19 step 180/371 loss 0.0639
  ep19 step 200/371 loss 0.0653
  ep19 step 220/371 loss 0.0644
  ep19 step 240/371 loss 0.0643
  ep19 step 260/371 loss 0.0656
  ep19 step 280/371 loss 0.0660
  ep19 step 300/371 loss 0.0662
  ep19 step 320/371 loss 0.0669
  ep19 step 340/371 loss 0.0664
  ep19 step 360/371 loss 0.0664
[grader] epoch 19/30 loss 0.0662 AUC(ref) 0.9537 QWK 0.8556 acc 0.7559 sens(g>=3) 0.7724
  ep20 step 0/371 loss 0.0705
  ep20 step 20/371 loss 0.0599
  ep20 step 40/371 loss 0.0595
  ep20 step 60/371 loss 0.0615
  ep20 step 80/371 loss 0.0604
  ep20 step 100/371 loss 0.0577
  ep20 step 120/371 loss 0.0592
  ep20 step 140/371 loss 0.0570
  ep20 step 160/371 loss 0.0569
  ep20 step 180/371 loss 0.0562
  ep20 step 200/371 loss 0.0553
  ep20 step 220/371 loss 0.0555
  ep20 step 240/371 loss 0.0551
  ep20 step 260/371 loss 0.0548
  ep20 step 280/371 loss 0.0550
  ep20 step 300/371 loss 0.0547
  ep20 step 320/371 loss 0.0549
  ep20 step 340/371 loss 0.0554
  ep20 step 360/371 loss 0.0559
[grader] epoch 20/30 loss 0.0560 AUC(ref) 0.9541 QWK 0.8563 acc 0.7570 sens(g>=3) 0.7724
  ep21 step 0/371 loss 0.0031
  ep21 step 20/371 loss 0.0719
  ep21 step 40/371 loss 0.0575
  ep21 step 60/371 loss 0.0643
  ep21 step 80/371 loss 0.0617
  ep21 step 100/371 loss 0.0630
  ep21 step 120/371 loss 0.0626
  ep21 step 140/371 loss 0.0604
  ep21 step 160/371 loss 0.0579
  ep21 step 180/371 loss 0.0563
  ep21 step 200/371 loss 0.0557
  ep21 step 220/371 loss 0.0579
  ep21 step 240/371 loss 0.0571
  ep21 step 260/371 loss 0.0564
  ep21 step 280/371 loss 0.0562
  ep21 step 300/371 loss 0.0573
  ep21 step 320/371 loss 0.0577
  ep21 step 340/371 loss 0.0571
  ep21 step 360/371 loss 0.0564
[grader] epoch 21/30 loss 0.0564 AUC(ref) 0.9542 QWK 0.8565 acc 0.7591 sens(g>=3) 0.7799
  ep22 step 0/371 loss 0.0635
  ep22 step 20/371 loss 0.0522
  ep22 step 40/371 loss 0.0600
  ep22 step 60/371 loss 0.0568
  ep22 step 80/371 loss 0.0553
  ep22 step 100/371 loss 0.0528
  ep22 step 120/371 loss 0.0515
  ep22 step 140/371 loss 0.0496
  ep22 step 160/371 loss 0.0520
  ep22 step 180/371 loss 0.0521
  ep22 step 200/371 loss 0.0524
  ep22 step 220/371 loss 0.0511
  ep22 step 240/371 loss 0.0509
  ep22 step 260/371 loss 0.0518
  ep22 step 280/371 loss 0.0517
  ep22 step 300/371 loss 0.0508
  ep22 step 320/371 loss 0.0513
  ep22 step 340/371 loss 0.0512
  ep22 step 360/371 loss 0.0510
[grader] epoch 22/30 loss 0.0507 AUC(ref) 0.9540 QWK 0.8524 acc 0.7581 sens(g>=3) 0.7724
  ep23 step 0/371 loss 0.0242
  ep23 step 20/371 loss 0.0507
  ep23 step 40/371 loss 0.0507
  ep23 step 60/371 loss 0.0558
  ep23 step 80/371 loss 0.0554
  ep23 step 100/371 loss 0.0540
  ep23 step 120/371 loss 0.0535
  ep23 step 140/371 loss 0.0540
  ep23 step 160/371 loss 0.0509
  ep23 step 180/371 loss 0.0499
  ep23 step 200/371 loss 0.0500
  ep23 step 220/371 loss 0.0492
  ep23 step 240/371 loss 0.0497
  ep23 step 260/371 loss 0.0499
  ep23 step 280/371 loss 0.0498
  ep23 step 300/371 loss 0.0496
  ep23 step 320/371 loss 0.0502
  ep23 step 340/371 loss 0.0505
  ep23 step 360/371 loss 0.0509
[grader] epoch 23/30 loss 0.0514 AUC(ref) 0.9535 QWK 0.8508 acc 0.7591 sens(g>=3) 0.7724
  ep24 step 0/371 loss 0.0376
  ep24 step 20/371 loss 0.0481
  ep24 step 40/371 loss 0.0489
  ep24 step 60/371 loss 0.0485
  ep24 step 80/371 loss 0.0485
  ep24 step 100/371 loss 0.0461
  ep24 step 120/371 loss 0.0468
  ep24 step 140/371 loss 0.0472
  ep24 step 160/371 loss 0.0473
  ep24 step 180/371 loss 0.0464
  ep24 step 200/371 loss 0.0461
  ep24 step 220/371 loss 0.0456
  ep24 step 240/371 loss 0.0462
  ep24 step 260/371 loss 0.0456
  ep24 step 280/371 loss 0.0447
  ep24 step 300/371 loss 0.0444
  ep24 step 320/371 loss 0.0449
  ep24 step 340/371 loss 0.0448
  ep24 step 360/371 loss 0.0445
[grader] epoch 24/30 loss 0.0440 AUC(ref) 0.9525 QWK 0.8500 acc 0.7575 sens(g>=3) 0.7687
  ep25 step 0/371 loss 0.1722
  ep25 step 20/371 loss 0.0565
  ep25 step 40/371 loss 0.0482
  ep25 step 60/371 loss 0.0449
  ep25 step 80/371 loss 0.0426
  ep25 step 100/371 loss 0.0405
  ep25 step 120/371 loss 0.0412
  ep25 step 140/371 loss 0.0433
  ep25 step 160/371 loss 0.0436
  ep25 step 180/371 loss 0.0425
  ep25 step 200/371 loss 0.0421
  ep25 step 220/371 loss 0.0420
  ep25 step 240/371 loss 0.0430
  ep25 step 260/371 loss 0.0433
  ep25 step 280/371 loss 0.0435
  ep25 step 300/371 loss 0.0433
  ep25 step 320/371 loss 0.0439
  ep25 step 340/371 loss 0.0448
  ep25 step 360/371 loss 0.0451
[grader] epoch 25/30 loss 0.0449 AUC(ref) 0.9524 QWK 0.8513 acc 0.7591 sens(g>=3) 0.7724
  ep26 step 0/371 loss 0.0446
  ep26 step 20/371 loss 0.0554
  ep26 step 40/371 loss 0.0516
  ep26 step 60/371 loss 0.0494
  ep26 step 80/371 loss 0.0462
  ep26 step 100/371 loss 0.0434
  ep26 step 120/371 loss 0.0436
  ep26 step 140/371 loss 0.0445
  ep26 step 160/371 loss 0.0432
  ep26 step 180/371 loss 0.0427
  ep26 step 200/371 loss 0.0436
  ep26 step 220/371 loss 0.0438
  ep26 step 240/371 loss 0.0431
  ep26 step 260/371 loss 0.0428
  ep26 step 280/371 loss 0.0420
  ep26 step 300/371 loss 0.0433
  ep26 step 320/371 loss 0.0425
  ep26 step 340/371 loss 0.0425
  ep26 step 360/371 loss 0.0424
[grader] epoch 26/30 loss 0.0427 AUC(ref) 0.9521 QWK 0.8523 acc 0.7624 sens(g>=3) 0.7836
  ep27 step 0/371 loss 0.0829
  ep27 step 20/371 loss 0.0421
  ep27 step 40/371 loss 0.0407
  ep27 step 60/371 loss 0.0417
  ep27 step 80/371 loss 0.0389
  ep27 step 100/371 loss 0.0383
  ep27 step 120/371 loss 0.0416
  ep27 step 140/371 loss 0.0416
  ep27 step 160/371 loss 0.0429
  ep27 step 180/371 loss 0.0427
  ep27 step 200/371 loss 0.0426
  ep27 step 220/371 loss 0.0425
  ep27 step 240/371 loss 0.0422
  ep27 step 260/371 loss 0.0419
  ep27 step 280/371 loss 0.0412
  ep27 step 300/371 loss 0.0418
  ep27 step 320/371 loss 0.0413
  ep27 step 340/371 loss 0.0410
  ep27 step 360/371 loss 0.0413
[grader] epoch 27/30 loss 0.0416 AUC(ref) 0.9520 QWK 0.8510 acc 0.7597 sens(g>=3) 0.7836
  ep28 step 0/371 loss 0.0280
  ep28 step 20/371 loss 0.0536
  ep28 step 40/371 loss 0.0451
  ep28 step 60/371 loss 0.0470
  ep28 step 80/371 loss 0.0517
  ep28 step 100/371 loss 0.0495
  ep28 step 120/371 loss 0.0484
  ep28 step 140/371 loss 0.0492
  ep28 step 160/371 loss 0.0520
  ep28 step 180/371 loss 0.0502
  ep28 step 200/371 loss 0.0513
  ep28 step 220/371 loss 0.0505
  ep28 step 240/371 loss 0.0501
  ep28 step 260/371 loss 0.0492
  ep28 step 280/371 loss 0.0485
  ep28 step 300/371 loss 0.0468
  ep28 step 320/371 loss 0.0470
  ep28 step 340/371 loss 0.0470
  ep28 step 360/371 loss 0.0466
[grader] epoch 28/30 loss 0.0461 AUC(ref) 0.9518 QWK 0.8524 acc 0.7602 sens(g>=3) 0.7836
  ep29 step 0/371 loss 0.0221
  ep29 step 20/371 loss 0.0493
  ep29 step 40/371 loss 0.0517
  ep29 step 60/371 loss 0.0484
  ep29 step 80/371 loss 0.0507
  ep29 step 100/371 loss 0.0508
  ep29 step 120/371 loss 0.0488
  ep29 step 140/371 loss 0.0475
  ep29 step 160/371 loss 0.0470
  ep29 step 180/371 loss 0.0463
  ep29 step 200/371 loss 0.0446
  ep29 step 220/371 loss 0.0436
  ep29 step 240/371 loss 0.0429
  ep29 step 260/371 loss 0.0429
  ep29 step 280/371 loss 0.0424
  ep29 step 300/371 loss 0.0414
  ep29 step 320/371 loss 0.0412
  ep29 step 340/371 loss 0.0403
  ep29 step 360/371 loss 0.0404
[grader] epoch 29/30 loss 0.0403 AUC(ref) 0.9518 QWK 0.8479 acc 0.7586 sens(g>=3) 0.7761
  ep30 step 0/371 loss 0.0102
  ep30 step 20/371 loss 0.0276
  ep30 step 40/371 loss 0.0345
  ep30 step 60/371 loss 0.0400
  ep30 step 80/371 loss 0.0395
  ep30 step 100/371 loss 0.0382
  ep30 step 120/371 loss 0.0374
  ep30 step 140/371 loss 0.0379
  ep30 step 160/371 loss 0.0398
  ep30 step 180/371 loss 0.0394
  ep30 step 200/371 loss 0.0391
  ep30 step 220/371 loss 0.0394
  ep30 step 240/371 loss 0.0379
  ep30 step 260/371 loss 0.0386
  ep30 step 280/371 loss 0.0384
  ep30 step 300/371 loss 0.0378
  ep30 step 320/371 loss 0.0386
  ep30 step 340/371 loss 0.0394
  ep30 step 360/371 loss 0.0393
[grader] epoch 30/30 loss 0.0393 AUC(ref) 0.9518 QWK 0.8481 acc 0.7591 sens(g>=3) 0.7761

Best qwk 0.8601 at epoch 15 (48.8 min)
  at that epoch: AUC(ref) 0.9529  QWK 0.8601  sens(g>=3) 0.7948
  per-grade recall: 0:0.83  1:0.60  2:0.71  3:0.60  4:0.77
Checkpoint: outputs\grader_cnn_all\best.pt
