Warning: You are sending unauthenticated requests to the HF Hub. Please set a HF_TOKEN to enable higher rate limits and faster downloads.
arm=cnn  train 2925  val 622
grade distribution (train): [1369, 264, 825, 207, 260]
parameters: 4.34 M
clinical feature vector: 39 dims
expected batch composition by grade: 0:32.9%  1:14.4%  2:25.5%  3:12.8%  4:14.3%
  ep1 step 0/182 loss 0.7152
  ep1 step 20/182 loss 0.6899
  ep1 step 40/182 loss 0.6791
  ep1 step 60/182 loss 0.6583
  ep1 step 80/182 loss 0.6314
  ep1 step 100/182 loss 0.6057
  ep1 step 120/182 loss 0.5833
  ep1 step 140/182 loss 0.5642
  ep1 step 160/182 loss 0.5462
  ep1 step 180/182 loss 0.5311
[grader] epoch 1/30 loss 0.5302 AUC(ref) 0.7484 QWK 0.0000 acc 0.5016 sens(g>=3) 0.0000
  ep2 step 0/182 loss 0.3320
  ep2 step 20/182 loss 0.3942
  ep2 step 40/182 loss 0.3994
  ep2 step 60/182 loss 0.3883
  ep2 step 80/182 loss 0.3821
  ep2 step 100/182 loss 0.3799
  ep2 step 120/182 loss 0.3719
  ep2 step 140/182 loss 0.3661
  ep2 step 160/182 loss 0.3605
  ep2 step 180/182 loss 0.3584
[grader] epoch 2/30 loss 0.3579 AUC(ref) 0.9179 QWK 0.0000 acc 0.5016 sens(g>=3) 0.0000
  ep3 step 0/182 loss 0.3134
  ep3 step 20/182 loss 0.3367
  ep3 step 40/182 loss 0.3394
  ep3 step 60/182 loss 0.3350
  ep3 step 80/182 loss 0.3350
  ep3 step 100/182 loss 0.3360
  ep3 step 120/182 loss 0.3312
  ep3 step 140/182 loss 0.3252
  ep3 step 160/182 loss 0.3215
  ep3 step 180/182 loss 0.3145
[grader] epoch 3/30 loss 0.3134 AUC(ref) 0.9376 QWK 0.0095 acc 0.5016 sens(g>=3) 0.0000
  ep4 step 0/182 loss 0.8646
  ep4 step 20/182 loss 0.3399
  ep4 step 40/182 loss 0.3126
  ep4 step 60/182 loss 0.3094
  ep4 step 80/182 loss 0.3018
  ep4 step 100/182 loss 0.2947
  ep4 step 120/182 loss 0.2910
  ep4 step 140/182 loss 0.2877
  ep4 step 160/182 loss 0.2857
  ep4 step 180/182 loss 0.2859
[grader] epoch 4/30 loss 0.2860 AUC(ref) 0.9458 QWK 0.1324 acc 0.5096 sens(g>=3) 0.0000
  ep5 step 0/182 loss 0.3327
  ep5 step 20/182 loss 0.2291
  ep5 step 40/182 loss 0.2353
  ep5 step 60/182 loss 0.2312
  ep5 step 80/182 loss 0.2248
  ep5 step 100/182 loss 0.2278
  ep5 step 120/182 loss 0.2360
  ep5 step 140/182 loss 0.2371
  ep5 step 160/182 loss 0.2372
  ep5 step 180/182 loss 0.2373
[grader] epoch 5/30 loss 0.2369 AUC(ref) 0.9544 QWK 0.3112 acc 0.5354 sens(g>=3) 0.0000
  ep6 step 0/182 loss 0.1040
  ep6 step 20/182 loss 0.2680
  ep6 step 40/182 loss 0.2351
  ep6 step 60/182 loss 0.2185
  ep6 step 80/182 loss 0.2194
  ep6 step 100/182 loss 0.2214
  ep6 step 120/182 loss 0.2142
  ep6 step 140/182 loss 0.2087
  ep6 step 160/182 loss 0.2061
  ep6 step 180/182 loss 0.2027
[grader] epoch 6/30 loss 0.2022 AUC(ref) 0.9604 QWK 0.4273 acc 0.5563 sens(g>=3) 0.0000
  ep7 step 0/182 loss 0.1896
  ep7 step 20/182 loss 0.1851
  ep7 step 40/182 loss 0.1839
  ep7 step 60/182 loss 0.1875
  ep7 step 80/182 loss 0.1891
  ep7 step 100/182 loss 0.1856
  ep7 step 120/182 loss 0.1808
  ep7 step 140/182 loss 0.1757
  ep7 step 160/182 loss 0.1730
  ep7 step 180/182 loss 0.1705
[grader] epoch 7/30 loss 0.1702 AUC(ref) 0.9655 QWK 0.5092 acc 0.5868 sens(g>=3) 0.0704
  ep8 step 0/182 loss 0.1317
  ep8 step 20/182 loss 0.1581
  ep8 step 40/182 loss 0.1721
  ep8 step 60/182 loss 0.1720
  ep8 step 80/182 loss 0.1645
  ep8 step 100/182 loss 0.1590
  ep8 step 120/182 loss 0.1539
  ep8 step 140/182 loss 0.1543
  ep8 step 160/182 loss 0.1514
  ep8 step 180/182 loss 0.1500
[grader] epoch 8/30 loss 0.1502 AUC(ref) 0.9700 QWK 0.6390 acc 0.6318 sens(g>=3) 0.2113
  ep9 step 0/182 loss 0.1772
  ep9 step 20/182 loss 0.1532
  ep9 step 40/182 loss 0.1450
  ep9 step 60/182 loss 0.1364
  ep9 step 80/182 loss 0.1350
  ep9 step 100/182 loss 0.1317
  ep9 step 120/182 loss 0.1284
  ep9 step 140/182 loss 0.1272
  ep9 step 160/182 loss 0.1253
  ep9 step 180/182 loss 0.1248
[grader] epoch 9/30 loss 0.1243 AUC(ref) 0.9731 QWK 0.7454 acc 0.6704 sens(g>=3) 0.3662
  ep10 step 0/182 loss 0.0508
  ep10 step 20/182 loss 0.1040
  ep10 step 40/182 loss 0.1023
  ep10 step 60/182 loss 0.1021
  ep10 step 80/182 loss 0.1055
  ep10 step 100/182 loss 0.1061
  ep10 step 120/182 loss 0.1077
  ep10 step 140/182 loss 0.1060
  ep10 step 160/182 loss 0.1081
  ep10 step 180/182 loss 0.1090
[grader] epoch 10/30 loss 0.1087 AUC(ref) 0.9746 QWK 0.8009 acc 0.7042 sens(g>=3) 0.4930
  ep11 step 0/182 loss 0.2642
  ep11 step 20/182 loss 0.1188
  ep11 step 40/182 loss 0.0951
  ep11 step 60/182 loss 0.0914
  ep11 step 80/182 loss 0.0851
  ep11 step 100/182 loss 0.0863
  ep11 step 120/182 loss 0.0885
  ep11 step 140/182 loss 0.0882
  ep11 step 160/182 loss 0.0888
  ep11 step 180/182 loss 0.0901
[grader] epoch 11/30 loss 0.0899 AUC(ref) 0.9754 QWK 0.8346 acc 0.7235 sens(g>=3) 0.5915
  ep12 step 0/182 loss 0.0884
  ep12 step 20/182 loss 0.0867
  ep12 step 40/182 loss 0.0904
  ep12 step 60/182 loss 0.0929
  ep12 step 80/182 loss 0.0882
  ep12 step 100/182 loss 0.0840
  ep12 step 120/182 loss 0.0828
  ep12 step 140/182 loss 0.0785
  ep12 step 160/182 loss 0.0790
  ep12 step 180/182 loss 0.0801
[grader] epoch 12/30 loss 0.0800 AUC(ref) 0.9763 QWK 0.8679 acc 0.7540 sens(g>=3) 0.6620
  ep13 step 0/182 loss 0.0382
  ep13 step 20/182 loss 0.0938
  ep13 step 40/182 loss 0.0869
  ep13 step 60/182 loss 0.0817
  ep13 step 80/182 loss 0.0774
  ep13 step 100/182 loss 0.0751
  ep13 step 120/182 loss 0.0763
  ep13 step 140/182 loss 0.0771
  ep13 step 160/182 loss 0.0799
  ep13 step 180/182 loss 0.0795
[grader] epoch 13/30 loss 0.0800 AUC(ref) 0.9763 QWK 0.8749 acc 0.7653 sens(g>=3) 0.6901
  ep14 step 0/182 loss 0.0721
  ep14 step 20/182 loss 0.0632
  ep14 step 40/182 loss 0.0596
  ep14 step 60/182 loss 0.0613
  ep14 step 80/182 loss 0.0605
  ep14 step 100/182 loss 0.0681
  ep14 step 120/182 loss 0.0663
  ep14 step 140/182 loss 0.0694
  ep14 step 160/182 loss 0.0689
  ep14 step 180/182 loss 0.0679
[grader] epoch 14/30 loss 0.0680 AUC(ref) 0.9764 QWK 0.8781 acc 0.7765 sens(g>=3) 0.7042
  ep15 step 0/182 loss 0.0236
  ep15 step 20/182 loss 0.0430
  ep15 step 40/182 loss 0.0517
  ep15 step 60/182 loss 0.0538
  ep15 step 80/182 loss 0.0550
  ep15 step 100/182 loss 0.0562
  ep15 step 120/182 loss 0.0548
  ep15 step 140/182 loss 0.0547
  ep15 step 160/182 loss 0.0583
  ep15 step 180/182 loss 0.0579
[grader] epoch 15/30 loss 0.0582 AUC(ref) 0.9764 QWK 0.8861 acc 0.7814 sens(g>=3) 0.7324
  ep16 step 0/182 loss 0.0328
  ep16 step 20/182 loss 0.0574
  ep16 step 40/182 loss 0.0625
  ep16 step 60/182 loss 0.0634
  ep16 step 80/182 loss 0.0598
  ep16 step 100/182 loss 0.0581
  ep16 step 120/182 loss 0.0563
  ep16 step 140/182 loss 0.0564
  ep16 step 160/182 loss 0.0539
  ep16 step 180/182 loss 0.0539
[grader] epoch 16/30 loss 0.0542 AUC(ref) 0.9761 QWK 0.8894 acc 0.7830 sens(g>=3) 0.7324
  ep17 step 0/182 loss 0.0146
  ep17 step 20/182 loss 0.0456
  ep17 step 40/182 loss 0.0450
  ep17 step 60/182 loss 0.0423
  ep17 step 80/182 loss 0.0483
  ep17 step 100/182 loss 0.0475
  ep17 step 120/182 loss 0.0459
  ep17 step 140/182 loss 0.0464
  ep17 step 160/182 loss 0.0457
  ep17 step 180/182 loss 0.0448
[grader] epoch 17/30 loss 0.0446 AUC(ref) 0.9760 QWK 0.8912 acc 0.7910 sens(g>=3) 0.7465
  ep18 step 0/182 loss 0.0227
  ep18 step 20/182 loss 0.0353
  ep18 step 40/182 loss 0.0449
  ep18 step 60/182 loss 0.0473
  ep18 step 80/182 loss 0.0440
  ep18 step 100/182 loss 0.0443
  ep18 step 120/182 loss 0.0435
  ep18 step 140/182 loss 0.0443
  ep18 step 160/182 loss 0.0435
  ep18 step 180/182 loss 0.0426
[grader] epoch 18/30 loss 0.0424 AUC(ref) 0.9757 QWK 0.8890 acc 0.7942 sens(g>=3) 0.7746
  ep19 step 0/182 loss 0.0960
  ep19 step 20/182 loss 0.0399
  ep19 step 40/182 loss 0.0344
  ep19 step 60/182 loss 0.0381
  ep19 step 80/182 loss 0.0359
  ep19 step 100/182 loss 0.0385
  ep19 step 120/182 loss 0.0385
  ep19 step 140/182 loss 0.0387
  ep19 step 160/182 loss 0.0383
  ep19 step 180/182 loss 0.0404
[grader] epoch 19/30 loss 0.0403 AUC(ref) 0.9754 QWK 0.8904 acc 0.7974 sens(g>=3) 0.7606
  ep20 step 0/182 loss 0.1463
  ep20 step 20/182 loss 0.0491
  ep20 step 40/182 loss 0.0503
  ep20 step 60/182 loss 0.0473
  ep20 step 80/182 loss 0.0444
  ep20 step 100/182 loss 0.0443
  ep20 step 120/182 loss 0.0411
  ep20 step 140/182 loss 0.0405
  ep20 step 160/182 loss 0.0382
  ep20 step 180/182 loss 0.0377
[grader] epoch 20/30 loss 0.0377 AUC(ref) 0.9752 QWK 0.8938 acc 0.8055 sens(g>=3) 0.7606
  ep21 step 0/182 loss 0.0057
  ep21 step 20/182 loss 0.0234
  ep21 step 40/182 loss 0.0272
  ep21 step 60/182 loss 0.0248
  ep21 step 80/182 loss 0.0302
  ep21 step 100/182 loss 0.0341
  ep21 step 120/182 loss 0.0348
  ep21 step 140/182 loss 0.0330
  ep21 step 160/182 loss 0.0342
  ep21 step 180/182 loss 0.0338
[grader] epoch 21/30 loss 0.0347 AUC(ref) 0.9748 QWK 0.8940 acc 0.8103 sens(g>=3) 0.7465
  ep22 step 0/182 loss 0.0927
  ep22 step 20/182 loss 0.0349
  ep22 step 40/182 loss 0.0311
  ep22 step 60/182 loss 0.0312
  ep22 step 80/182 loss 0.0383
  ep22 step 100/182 loss 0.0414
  ep22 step 120/182 loss 0.0411
  ep22 step 140/182 loss 0.0384
  ep22 step 160/182 loss 0.0363
  ep22 step 180/182 loss 0.0383
[grader] epoch 22/30 loss 0.0381 AUC(ref) 0.9745 QWK 0.8912 acc 0.8039 sens(g>=3) 0.7465
  ep23 step 0/182 loss 0.0011
  ep23 step 20/182 loss 0.0363
  ep23 step 40/182 loss 0.0348
  ep23 step 60/182 loss 0.0364
  ep23 step 80/182 loss 0.0372
  ep23 step 100/182 loss 0.0333
  ep23 step 120/182 loss 0.0325
  ep23 step 140/182 loss 0.0303
  ep23 step 160/182 loss 0.0305
  ep23 step 180/182 loss 0.0297
[grader] epoch 23/30 loss 0.0298 AUC(ref) 0.9739 QWK 0.8888 acc 0.8039 sens(g>=3) 0.7465
  ep24 step 0/182 loss 0.0727
  ep24 step 20/182 loss 0.0329
  ep24 step 40/182 loss 0.0277
  ep24 step 60/182 loss 0.0256
  ep24 step 80/182 loss 0.0285
  ep24 step 100/182 loss 0.0304
  ep24 step 120/182 loss 0.0313
  ep24 step 140/182 loss 0.0312
  ep24 step 160/182 loss 0.0307
  ep24 step 180/182 loss 0.0309
[grader] epoch 24/30 loss 0.0308 AUC(ref) 0.9736 QWK 0.8891 acc 0.8023 sens(g>=3) 0.7324
  ep25 step 0/182 loss 0.0139
  ep25 step 20/182 loss 0.0244
  ep25 step 40/182 loss 0.0290
  ep25 step 60/182 loss 0.0308
  ep25 step 80/182 loss 0.0284
  ep25 step 100/182 loss 0.0288
  ep25 step 120/182 loss 0.0325
  ep25 step 140/182 loss 0.0336
  ep25 step 160/182 loss 0.0331
  ep25 step 180/182 loss 0.0330
[grader] epoch 25/30 loss 0.0328 AUC(ref) 0.9738 QWK 0.8897 acc 0.8039 sens(g>=3) 0.7324
  ep26 step 0/182 loss 0.0069
  ep26 step 20/182 loss 0.0315
  ep26 step 40/182 loss 0.0280
  ep26 step 60/182 loss 0.0265
  ep26 step 80/182 loss 0.0273
  ep26 step 100/182 loss 0.0290
  ep26 step 120/182 loss 0.0277
  ep26 step 140/182 loss 0.0291
  ep26 step 160/182 loss 0.0294
  ep26 step 180/182 loss 0.0298
[grader] epoch 26/30 loss 0.0297 AUC(ref) 0.9739 QWK 0.8921 acc 0.8055 sens(g>=3) 0.7465
  ep27 step 0/182 loss 0.0030
  ep27 step 20/182 loss 0.0155
  ep27 step 40/182 loss 0.0243
  ep27 step 60/182 loss 0.0259
  ep27 step 80/182 loss 0.0278
  ep27 step 100/182 loss 0.0277
  ep27 step 120/182 loss 0.0263
  ep27 step 140/182 loss 0.0269
  ep27 step 160/182 loss 0.0277
  ep27 step 180/182 loss 0.0292
[grader] epoch 27/30 loss 0.0298 AUC(ref) 0.9738 QWK 0.8924 acc 0.8055 sens(g>=3) 0.7465
  ep28 step 0/182 loss 0.0022
  ep28 step 20/182 loss 0.0298
  ep28 step 40/182 loss 0.0289
  ep28 step 60/182 loss 0.0278
  ep28 step 80/182 loss 0.0293
  ep28 step 100/182 loss 0.0291
  ep28 step 120/182 loss 0.0269
  ep28 step 140/182 loss 0.0270
  ep28 step 160/182 loss 0.0266
  ep28 step 180/182 loss 0.0254
[grader] epoch 28/30 loss 0.0255 AUC(ref) 0.9736 QWK 0.8926 acc 0.8055 sens(g>=3) 0.7606
  ep29 step 0/182 loss 0.0012
  ep29 step 20/182 loss 0.0371
  ep29 step 40/182 loss 0.0352
  ep29 step 60/182 loss 0.0329
  ep29 step 80/182 loss 0.0305
  ep29 step 100/182 loss 0.0309
  ep29 step 120/182 loss 0.0292
  ep29 step 140/182 loss 0.0278
  ep29 step 160/182 loss 0.0268
  ep29 step 180/182 loss 0.0267
[grader] epoch 29/30 loss 0.0268 AUC(ref) 0.9735 QWK 0.8920 acc 0.8039 sens(g>=3) 0.7465
  ep30 step 0/182 loss 0.0012
  ep30 step 20/182 loss 0.0447
  ep30 step 40/182 loss 0.0378
  ep30 step 60/182 loss 0.0327
  ep30 step 80/182 loss 0.0293
  ep30 step 100/182 loss 0.0254
  ep30 step 120/182 loss 0.0264
  ep30 step 140/182 loss 0.0252
  ep30 step 160/182 loss 0.0269
  ep30 step 180/182 loss 0.0268
[grader] epoch 30/30 loss 0.0267 AUC(ref) 0.9736 QWK 0.8916 acc 0.8023 sens(g>=3) 0.7465

Best qwk 0.8940 at epoch 21 (15.3 min)
  at that epoch: AUC(ref) 0.9748  QWK 0.8940  sens(g>=3) 0.7465
  per-grade recall: 0:0.96  1:0.59  2:0.75  3:0.47  4:0.56
Checkpoint: outputs\grader_cnn_v2\best.pt
